<?xml version="1.0"?>
<link_info>
   <banner>MSP430 Linker PC v4.4.3</banner>
   <copyright>Copyright (c) 2003-2015 Texas Instruments Incorporated</copyright>
   <link_time>0x550a289b</link_time>
   <link_errors>0x0</link_errors>
   <output_file>EPD_Extension_Board.out</output_file>
   <entry_point>
      <name>_c_int00_noargs_noexit</name>
      <address>0xf5d2</address>
   </entry_point>
   <input_file_list>
      <input_file id="fl-2">
         <path>.\src\</path>
         <kind>object</kind>
         <file>image_data.obj</file>
         <name>image_data.obj</name>
      </input_file>
      <input_file id="fl-3">
         <path>.\src\</path>
         <kind>object</kind>
         <file>main.obj</file>
         <name>main.obj</name>
      </input_file>
      <input_file id="fl-4">
         <path>.\src\Pervasive_Displays_small_EPD\</path>
         <kind>object</kind>
         <file>EPD_hardware_driver.obj</file>
         <name>EPD_hardware_driver.obj</name>
      </input_file>
      <input_file id="fl-5">
         <path>.\src\Pervasive_Displays_small_EPD\</path>
         <kind>object</kind>
         <file>EPD_interface.obj</file>
         <name>EPD_interface.obj</name>
      </input_file>
      <input_file id="fl-6">
         <path>.\src\Pervasive_Displays_small_EPD\</path>
         <kind>object</kind>
         <file>EPD_partial_interface.obj</file>
         <name>EPD_partial_interface.obj</name>
      </input_file>
      <input_file id="fl-7">
         <path>.\src\Pervasive_Displays_small_EPD\COG_FPL\G2_Aurora_Mb\</path>
         <kind>object</kind>
         <file>EPD_G2_Aurora_Mb.obj</file>
         <name>EPD_G2_Aurora_Mb.obj</name>
      </input_file>
      <input_file id="fl-8">
         <path>.\src\Pervasive_Displays_small_EPD\COG_FPL\G2_Aurora_Ma\</path>
         <kind>object</kind>
         <file>EPD_G2_Aurora_Ma.obj</file>
         <name>EPD_G2_Aurora_Ma.obj</name>
      </input_file>
      <input_file id="fl-9">
         <path>.\src\Pervasive_Displays_small_EPD\COG_FPL\G1_Aurora_Mb\</path>
         <kind>object</kind>
         <file>EPD_G1_Aurora_Mb.obj</file>
         <name>EPD_G1_Aurora_Mb.obj</name>
      </input_file>
      <input_file id="fl-a">
         <path>.\src\EPD_Kit_Tool\</path>
         <kind>object</kind>
         <file>Char.obj</file>
         <name>Char.obj</name>
      </input_file>
      <input_file id="fl-b">
         <path>.\src\EPD_Kit_Tool\</path>
         <kind>object</kind>
         <file>EPD_Kit_Tool_Process.obj</file>
         <name>EPD_Kit_Tool_Process.obj</name>
      </input_file>
      <input_file id="fl-c">
         <path>.\src\EPD_Kit_Tool\</path>
         <kind>object</kind>
         <file>Mem_Flash.obj</file>
         <name>Mem_Flash.obj</name>
      </input_file>
      <input_file id="fl-d">
         <path>.\src\EPD_Kit_Tool\</path>
         <kind>object</kind>
         <file>Uart_Controller.obj</file>
         <name>Uart_Controller.obj</name>
      </input_file>
      <input_file id="fl-e">
         <path>.\src\EPD_Kit_Tool\Drivers\</path>
         <kind>object</kind>
         <file>EPD_LED.obj</file>
         <name>EPD_LED.obj</name>
      </input_file>
      <input_file id="fl-f">
         <path>.\src\EPD_Kit_Tool\Drivers\</path>
         <kind>object</kind>
         <file>Uart_Driver.obj</file>
         <name>Uart_Driver.obj</name>
      </input_file>
      <input_file id="fl-3e">
         <path>c:\ti\ccsv6\tools\compiler\ti-cgt-msp430_4.4.3\lib\</path>
         <kind>archive</kind>
         <file>rts430_eabi.lib</file>
         <name>asr16.obj</name>
      </input_file>
      <input_file id="fl-3f">
         <path>c:\ti\ccsv6\tools\compiler\ti-cgt-msp430_4.4.3\lib\</path>
         <kind>archive</kind>
         <file>rts430_eabi.lib</file>
         <name>asr32.obj</name>
      </input_file>
      <input_file id="fl-40">
         <path>c:\ti\ccsv6\tools\compiler\ti-cgt-msp430_4.4.3\lib\</path>
         <kind>archive</kind>
         <file>rts430_eabi.lib</file>
         <name>boot.obj</name>
      </input_file>
      <input_file id="fl-41">
         <path>c:\ti\ccsv6\tools\compiler\ti-cgt-msp430_4.4.3\lib\</path>
         <kind>archive</kind>
         <file>rts430_eabi.lib</file>
         <name>boot_special.obj</name>
      </input_file>
      <input_file id="fl-42">
         <path>c:\ti\ccsv6\tools\compiler\ti-cgt-msp430_4.4.3\lib\</path>
         <kind>archive</kind>
         <file>rts430_eabi.lib</file>
         <name>copy_decompress_none.obj</name>
      </input_file>
      <input_file id="fl-43">
         <path>c:\ti\ccsv6\tools\compiler\ti-cgt-msp430_4.4.3\lib\</path>
         <kind>archive</kind>
         <file>rts430_eabi.lib</file>
         <name>copy_decompress_rle.obj</name>
      </input_file>
      <input_file id="fl-44">
         <path>c:\ti\ccsv6\tools\compiler\ti-cgt-msp430_4.4.3\lib\</path>
         <kind>archive</kind>
         <file>rts430_eabi.lib</file>
         <name>copy_zero_init.obj</name>
      </input_file>
      <input_file id="fl-45">
         <path>c:\ti\ccsv6\tools\compiler\ti-cgt-msp430_4.4.3\lib\</path>
         <kind>archive</kind>
         <file>rts430_eabi.lib</file>
         <name>div16s.obj</name>
      </input_file>
      <input_file id="fl-46">
         <path>c:\ti\ccsv6\tools\compiler\ti-cgt-msp430_4.4.3\lib\</path>
         <kind>archive</kind>
         <file>rts430_eabi.lib</file>
         <name>div16u.obj</name>
      </input_file>
      <input_file id="fl-47">
         <path>c:\ti\ccsv6\tools\compiler\ti-cgt-msp430_4.4.3\lib\</path>
         <kind>archive</kind>
         <file>rts430_eabi.lib</file>
         <name>div32s.obj</name>
      </input_file>
      <input_file id="fl-48">
         <path>c:\ti\ccsv6\tools\compiler\ti-cgt-msp430_4.4.3\lib\</path>
         <kind>archive</kind>
         <file>rts430_eabi.lib</file>
         <name>div32u.obj</name>
      </input_file>
      <input_file id="fl-49">
         <path>c:\ti\ccsv6\tools\compiler\ti-cgt-msp430_4.4.3\lib\</path>
         <kind>archive</kind>
         <file>rts430_eabi.lib</file>
         <name>epilog.obj</name>
      </input_file>
      <input_file id="fl-4a">
         <path>c:\ti\ccsv6\tools\compiler\ti-cgt-msp430_4.4.3\lib\</path>
         <kind>archive</kind>
         <file>rts430_eabi.lib</file>
         <name>exit.obj</name>
      </input_file>
      <input_file id="fl-4b">
         <path>c:\ti\ccsv6\tools\compiler\ti-cgt-msp430_4.4.3\lib\</path>
         <kind>archive</kind>
         <file>rts430_eabi.lib</file>
         <name>fs_ltof.obj</name>
      </input_file>
      <input_file id="fl-4c">
         <path>c:\ti\ccsv6\tools\compiler\ti-cgt-msp430_4.4.3\lib\</path>
         <kind>archive</kind>
         <file>rts430_eabi.lib</file>
         <name>fs_toi.obj</name>
      </input_file>
      <input_file id="fl-4d">
         <path>c:\ti\ccsv6\tools\compiler\ti-cgt-msp430_4.4.3\lib\</path>
         <kind>archive</kind>
         <file>rts430_eabi.lib</file>
         <name>int00.obj</name>
      </input_file>
      <input_file id="fl-4e">
         <path>c:\ti\ccsv6\tools\compiler\ti-cgt-msp430_4.4.3\lib\</path>
         <kind>archive</kind>
         <file>rts430_eabi.lib</file>
         <name>int02.obj</name>
      </input_file>
      <input_file id="fl-4f">
         <path>c:\ti\ccsv6\tools\compiler\ti-cgt-msp430_4.4.3\lib\</path>
         <kind>archive</kind>
         <file>rts430_eabi.lib</file>
         <name>int03.obj</name>
      </input_file>
      <input_file id="fl-50">
         <path>c:\ti\ccsv6\tools\compiler\ti-cgt-msp430_4.4.3\lib\</path>
         <kind>archive</kind>
         <file>rts430_eabi.lib</file>
         <name>int09.obj</name>
      </input_file>
      <input_file id="fl-51">
         <path>c:\ti\ccsv6\tools\compiler\ti-cgt-msp430_4.4.3\lib\</path>
         <kind>archive</kind>
         <file>rts430_eabi.lib</file>
         <name>int10.obj</name>
      </input_file>
      <input_file id="fl-52">
         <path>c:\ti\ccsv6\tools\compiler\ti-cgt-msp430_4.4.3\lib\</path>
         <kind>archive</kind>
         <file>rts430_eabi.lib</file>
         <name>int11.obj</name>
      </input_file>
      <input_file id="fl-53">
         <path>c:\ti\ccsv6\tools\compiler\ti-cgt-msp430_4.4.3\lib\</path>
         <kind>archive</kind>
         <file>rts430_eabi.lib</file>
         <name>int12.obj</name>
      </input_file>
      <input_file id="fl-54">
         <path>c:\ti\ccsv6\tools\compiler\ti-cgt-msp430_4.4.3\lib\</path>
         <kind>archive</kind>
         <file>rts430_eabi.lib</file>
         <name>int13.obj</name>
      </input_file>
      <input_file id="fl-55">
         <path>c:\ti\ccsv6\tools\compiler\ti-cgt-msp430_4.4.3\lib\</path>
         <kind>archive</kind>
         <file>rts430_eabi.lib</file>
         <name>int14.obj</name>
      </input_file>
      <input_file id="fl-56">
         <path>c:\ti\ccsv6\tools\compiler\ti-cgt-msp430_4.4.3\lib\</path>
         <kind>archive</kind>
         <file>rts430_eabi.lib</file>
         <name>isr_trap.obj</name>
      </input_file>
      <input_file id="fl-57">
         <path>c:\ti\ccsv6\tools\compiler\ti-cgt-msp430_4.4.3\lib\</path>
         <kind>archive</kind>
         <file>rts430_eabi.lib</file>
         <name>lsl16.obj</name>
      </input_file>
      <input_file id="fl-58">
         <path>c:\ti\ccsv6\tools\compiler\ti-cgt-msp430_4.4.3\lib\</path>
         <kind>archive</kind>
         <file>rts430_eabi.lib</file>
         <name>lsl32.obj</name>
      </input_file>
      <input_file id="fl-59">
         <path>c:\ti\ccsv6\tools\compiler\ti-cgt-msp430_4.4.3\lib\</path>
         <kind>archive</kind>
         <file>rts430_eabi.lib</file>
         <name>lsr16.obj</name>
      </input_file>
      <input_file id="fl-5a">
         <path>c:\ti\ccsv6\tools\compiler\ti-cgt-msp430_4.4.3\lib\</path>
         <kind>archive</kind>
         <file>rts430_eabi.lib</file>
         <name>memcpy.obj</name>
      </input_file>
      <input_file id="fl-5b">
         <path>c:\ti\ccsv6\tools\compiler\ti-cgt-msp430_4.4.3\lib\</path>
         <kind>archive</kind>
         <file>rts430_eabi.lib</file>
         <name>mpu_init.obj</name>
      </input_file>
      <input_file id="fl-5c">
         <path>c:\ti\ccsv6\tools\compiler\ti-cgt-msp430_4.4.3\lib\</path>
         <kind>archive</kind>
         <file>rts430_eabi.lib</file>
         <name>mult16.obj</name>
      </input_file>
      <input_file id="fl-5d">
         <path>c:\ti\ccsv6\tools\compiler\ti-cgt-msp430_4.4.3\lib\</path>
         <kind>archive</kind>
         <file>rts430_eabi.lib</file>
         <name>mult32.obj</name>
      </input_file>
      <input_file id="fl-5e">
         <path>c:\ti\ccsv6\tools\compiler\ti-cgt-msp430_4.4.3\lib\</path>
         <kind>archive</kind>
         <file>rts430_eabi.lib</file>
         <name>pre_init.obj</name>
      </input_file>
      <input_file id="fl-5f">
         <path>c:\ti\ccsv6\tools\compiler\ti-cgt-msp430_4.4.3\lib\</path>
         <kind>archive</kind>
         <file>rts430_eabi.lib</file>
         <name>_lock.obj</name>
      </input_file>
      <input_file id="fl-60">
         <path>c:\ti\ccsv6\tools\compiler\ti-cgt-msp430_4.4.3\lib\</path>
         <kind>archive</kind>
         <file>rts430_eabi.lib</file>
         <name>args_main.obj</name>
      </input_file>
      <input_file id="fl-61">
         <path>c:\ti\ccsv6\tools\compiler\ti-cgt-msp430_4.4.3\lib\</path>
         <kind>archive</kind>
         <file>rts430_eabi.lib</file>
         <name>autoinit.obj</name>
      </input_file>
   </input_file_list>
   <object_component_list>
      <object_component id="oc-129">
         <name>.common:EPD_Counter</name>
         <uninitialized>true</uninitialized>
         <run_address>0x2e2</run_address>
         <size>0x2</size>
      </object_component>
      <object_component id="oc-498">
         <name>.common:stage_time</name>
         <uninitialized>true</uninitialized>
         <run_address>0x2fc</run_address>
         <size>0x2</size>
      </object_component>
      <object_component id="oc-40f">
         <name>.common:COG_Line</name>
         <uninitialized>true</uninitialized>
         <run_address>0x200</run_address>
         <size>0x6f</size>
      </object_component>
      <object_component id="oc-42a">
         <name>.common:_On_EPD_read_flash</name>
         <uninitialized>true</uninitialized>
         <run_address>0x2e4</run_address>
         <size>0x2</size>
      </object_component>
      <object_component id="oc-49e">
         <name>.common:current_frame_time</name>
         <uninitialized>true</uninitialized>
         <run_address>0x2ec</run_address>
         <size>0x2</size>
      </object_component>
      <object_component id="oc-44a">
         <name>.common:data_line_even</name>
         <uninitialized>true</uninitialized>
         <run_address>0x2f0</run_address>
         <size>0x2</size>
      </object_component>
      <object_component id="oc-44e">
         <name>.common:data_line_odd</name>
         <uninitialized>true</uninitialized>
         <run_address>0x2f2</run_address>
         <size>0x2</size>
      </object_component>
      <object_component id="oc-449">
         <name>.common:data_line_scan</name>
         <uninitialized>true</uninitialized>
         <run_address>0x2f4</run_address>
         <size>0x2</size>
      </object_component>
      <object_component id="oc-455">
         <name>.common:data_line_border_byte</name>
         <uninitialized>true</uninitialized>
         <run_address>0x2ee</run_address>
         <size>0x2</size>
      </object_component>
      <object_component id="oc-438">
         <name>.common:previous_lin</name>
         <uninitialized>true</uninitialized>
         <run_address>0x2fa</run_address>
         <size>0x2</size>
      </object_component>
      <object_component id="oc-439">
         <name>.common:new_line</name>
         <uninitialized>true</uninitialized>
         <run_address>0x2f8</run_address>
         <size>0x2</size>
      </object_component>
      <object_component id="oc-1c0">
         <name>.common:image_info</name>
         <uninitialized>true</uninitialized>
         <run_address>0x2ba</run_address>
         <size>0x10</size>
      </object_component>
      <object_component id="oc-1c4">
         <name>.common:slideshow_parameter</name>
         <uninitialized>true</uninitialized>
         <run_address>0x2da</run_address>
         <size>0x4</size>
      </object_component>
      <object_component id="oc-235">
         <name>.common:write_flash_address</name>
         <uninitialized>true</uninitialized>
         <run_address>0x2de</run_address>
         <size>0x4</size>
      </object_component>
      <object_component id="oc-1c3">
         <name>.common:board_is_connected</name>
         <uninitialized>true</uninitialized>
         <run_address>0x26f</run_address>
         <size>0x1</size>
      </object_component>
      <object_component id="oc-242">
         <name>.common:image_count</name>
         <uninitialized>true</uninitialized>
         <run_address>0x2f6</run_address>
         <size>0x2</size>
      </object_component>
      <object_component id="oc-253">
         <name>.common:line_count</name>
         <uninitialized>true</uninitialized>
         <run_address>0x2b9</run_address>
         <size>0x1</size>
      </object_component>
      <object_component id="oc-259">
         <name>.common:rest_data_count</name>
         <uninitialized>true</uninitialized>
         <run_address>0x2fe</run_address>
         <size>0x1</size>
      </object_component>
      <object_component id="oc-243">
         <name>.common:address_offset</name>
         <uninitialized>true</uninitialized>
         <run_address>0x2ea</run_address>
         <size>0x2</size>
      </object_component>
      <object_component id="oc-28a">
         <name>.common:slideshow_index</name>
         <uninitialized>true</uninitialized>
         <run_address>0x2ff</run_address>
         <size>0x1</size>
      </object_component>
      <object_component id="oc-2be">
         <name>.common:_receive_packets_event</name>
         <uninitialized>true</uninitialized>
         <run_address>0x2e8</run_address>
         <size>0x2</size>
      </object_component>
      <object_component id="oc-2a9">
         <name>.common:data_Rx_buffer</name>
         <uninitialized>true</uninitialized>
         <run_address>0x296</run_address>
         <size>0x23</size>
      </object_component>
      <object_component id="oc-3f8">
         <name>.common:system_packets</name>
         <uninitialized>true</uninitialized>
         <run_address>0x270</run_address>
         <size>0x26</size>
      </object_component>
      <object_component id="oc-3d3">
         <name>.common:system_packet_count</name>
         <uninitialized>true</uninitialized>
         <run_address>0x300</run_address>
         <size>0x1</size>
      </object_component>
      <object_component id="oc-3d4">
         <name>.common:system_packet_get_index</name>
         <uninitialized>true</uninitialized>
         <run_address>0x301</run_address>
         <size>0x1</size>
      </object_component>
      <object_component id="oc-3d5">
         <name>.common:system_packet_put_index</name>
         <uninitialized>true</uninitialized>
         <run_address>0x302</run_address>
         <size>0x1</size>
      </object_component>
      <object_component id="oc-127">
         <name>.common:_RxEventHandle</name>
         <uninitialized>true</uninitialized>
         <run_address>0x2e6</run_address>
         <size>0x2</size>
      </object_component>
      <object_component id="oc-124">
         <name>.common:tx_iptr</name>
         <uninitialized>true</uninitialized>
         <run_address>0x303</run_address>
         <size>0x1</size>
      </object_component>
      <object_component id="oc-121">
         <name>.common:tx_optr</name>
         <uninitialized>true</uninitialized>
         <run_address>0x304</run_address>
         <size>0x1</size>
      </object_component>
      <object_component id="oc-125">
         <name>.common:tx_buf</name>
         <uninitialized>true</uninitialized>
         <run_address>0x2ca</run_address>
         <size>0x10</size>
      </object_component>
      <object_component id="oc-8c">
         <name>.stack</name>
         <uninitialized>true</uninitialized>
         <run_address>0x3b0</run_address>
         <size>0x2</size>
         <input_file_ref idref="fl-40"/>
      </object_component>
      <object_component id="oc-4f9">
         <name>.stack</name>
         <uninitialized>true</uninitialized>
         <run_address>0x3b0</run_address>
         <size>0x0</size>
      </object_component>
      <object_component id="oc-1a8">
         <name>.text:uart_command_handle</name>
         <load_address>0xc000</load_address>
         <run_address>0xc000</run_address>
         <size>0x5b4</size>
         <input_file_ref idref="fl-b"/>
      </object_component>
      <object_component id="oc-431">
         <name>.text:stage_handle_array</name>
         <load_address>0xc5b4</load_address>
         <run_address>0xc5b4</run_address>
         <size>0x536</size>
         <input_file_ref idref="fl-7"/>
      </object_component>
      <object_component id="oc-223">
         <name>.text:get_flash_image_info</name>
         <load_address>0xcaea</load_address>
         <run_address>0xcaea</run_address>
         <size>0x3a8</size>
         <input_file_ref idref="fl-c"/>
      </object_component>
      <object_component id="oc-43a">
         <name>.text:stage_handle_partial_update_for_19_26</name>
         <load_address>0xce92</load_address>
         <run_address>0xce92</run_address>
         <size>0x36c</size>
         <input_file_ref idref="fl-7"/>
      </object_component>
      <object_component id="oc-440">
         <name>.text:stage_handle_partial_update</name>
         <load_address>0xd1fe</load_address>
         <run_address>0xd1fe</run_address>
         <size>0x326</size>
         <input_file_ref idref="fl-7"/>
      </object_component>
      <object_component id="oc-42b">
         <name>.text:stage_handle_array_for_19_26</name>
         <load_address>0xd524</load_address>
         <run_address>0xd524</run_address>
         <size>0x236</size>
         <input_file_ref idref="fl-7"/>
      </object_component>
      <object_component id="oc-260">
         <name>.text:write_ascii</name>
         <load_address>0xd75a</load_address>
         <run_address>0xd75a</run_address>
         <size>0x1fe</size>
         <input_file_ref idref="fl-c"/>
      </object_component>
      <object_component id="oc-331">
         <name>.text:EPD_initialize_driver</name>
         <load_address>0xd958</load_address>
         <run_address>0xd958</run_address>
         <size>0x16e</size>
         <input_file_ref idref="fl-7"/>
      </object_component>
      <object_component id="oc-382">
         <name>.text:nothing_frame_for_19_26</name>
         <load_address>0xdac6</load_address>
         <run_address>0xdac6</run_address>
         <size>0xfa</size>
         <input_file_ref idref="fl-7"/>
      </object_component>
      <object_component id="oc-278">
         <name>.text:EPD_power_off</name>
         <load_address>0xdbc0</load_address>
         <run_address>0xdbc0</run_address>
         <size>0xf2</size>
         <input_file_ref idref="fl-7"/>
      </object_component>
      <object_component id="oc-408">
         <name>.text:set_temperature_factor</name>
         <load_address>0xdcb2</load_address>
         <run_address>0xdcb2</run_address>
         <size>0xf0</size>
         <input_file_ref idref="fl-7"/>
      </object_component>
      <object_component id="oc-23c">
         <name>.text:get_slideshow_image_address</name>
         <load_address>0xdda2</load_address>
         <run_address>0xdda2</run_address>
         <size>0xee</size>
         <input_file_ref idref="fl-c"/>
      </object_component>
      <object_component id="oc-236">
         <name>.text:get_custom_image_address</name>
         <load_address>0xde90</load_address>
         <run_address>0xde90</run_address>
         <size>0xec</size>
         <input_file_ref idref="fl-c"/>
      </object_component>
      <object_component id="oc-22f">
         <name>.text:get_flash_mark_image_info</name>
         <load_address>0xdf7c</load_address>
         <run_address>0xdf7c</run_address>
         <size>0xde</size>
         <input_file_ref idref="fl-c"/>
      </object_component>
      <object_component id="oc-3d7">
         <name>.text:system_packets_format_check</name>
         <load_address>0xe05a</load_address>
         <run_address>0xe05a</run_address>
         <size>0xc2</size>
         <input_file_ref idref="fl-d"/>
      </object_component>
      <object_component id="oc-216">
         <name>.text:get_temperature</name>
         <load_address>0xe11c</load_address>
         <run_address>0xe11c</run_address>
         <size>0xaa</size>
         <input_file_ref idref="fl-4"/>
      </object_component>
      <object_component id="oc-388">
         <name>.text:nothing_frame</name>
         <load_address>0xe1c6</load_address>
         <run_address>0xe1c6</run_address>
         <size>0xa8</size>
         <input_file_ref idref="fl-7"/>
      </object_component>
      <object_component id="oc-410">
         <name>.text:COG_driver_EPDtype_select</name>
         <load_address>0xe26e</load_address>
         <run_address>0xe26e</run_address>
         <size>0xa6</size>
         <input_file_ref idref="fl-7"/>
      </object_component>
      <object_component id="oc-371">
         <name>.text:EPD_display_from_flash_prt</name>
         <load_address>0xe314</load_address>
         <run_address>0xe314</run_address>
         <size>0xa4</size>
         <input_file_ref idref="fl-7"/>
      </object_component>
      <object_component id="oc-1d1">
         <name>.text:slideshow_run</name>
         <load_address>0xe3b8</load_address>
         <run_address>0xe3b8</run_address>
         <size>0xa2</size>
         <input_file_ref idref="fl-b"/>
      </object_component>
      <object_component id="oc-378">
         <name>.text:EPD_display_partialupdate_Collection</name>
         <load_address>0xe45a</load_address>
         <run_address>0xe45a</run_address>
         <size>0xa0</size>
         <input_file_ref idref="fl-7"/>
      </object_component>
      <object_component id="oc-394">
         <name>.text:border_dummy_line</name>
         <load_address>0xe4fa</load_address>
         <run_address>0xe4fa</run_address>
         <size>0x9a</size>
         <input_file_ref idref="fl-7"/>
      </object_component>
      <object_component id="oc-33e">
         <name>.text:CMD_PP</name>
         <load_address>0xe594</load_address>
         <run_address>0xe594</run_address>
         <size>0x90</size>
         <input_file_ref idref="fl-c"/>
      </object_component>
      <object_component id="oc-2d9">
         <name>.text:flash_cmd_read</name>
         <load_address>0xe624</load_address>
         <run_address>0xe624</run_address>
         <size>0x8c</size>
         <input_file_ref idref="fl-c"/>
      </object_component>
      <object_component id="oc-284">
         <name>.text:write_slideshow_parameters</name>
         <load_address>0xe6b0</load_address>
         <run_address>0xe6b0</run_address>
         <size>0x86</size>
         <input_file_ref idref="fl-c"/>
      </object_component>
      <object_component id="oc-345">
         <name>.text:return_packets</name>
         <load_address>0xe736</load_address>
         <run_address>0xe736</run_address>
         <size>0x80</size>
         <input_file_ref idref="fl-d"/>
      </object_component>
      <object_component id="oc-2c1">
         <name>.text:is_flash_existed</name>
         <load_address>0xe7b6</load_address>
         <run_address>0xe7b6</run_address>
         <size>0x7a</size>
         <input_file_ref idref="fl-c"/>
      </object_component>
      <object_component id="oc-416">
         <name>.text:epd_spi_send</name>
         <load_address>0xe830</load_address>
         <run_address>0xe830</run_address>
         <size>0x76</size>
         <input_file_ref idref="fl-4"/>
      </object_component>
      <object_component id="oc-1c5">
         <name>.text:read_slideshow_parameters</name>
         <load_address>0xe8a6</load_address>
         <run_address>0xe8a6</run_address>
         <size>0x76</size>
         <input_file_ref idref="fl-c"/>
      </object_component>
      <object_component id="oc-38e">
         <name>.text:dummy_line</name>
         <load_address>0xe91c</load_address>
         <run_address>0xe91c</run_address>
         <size>0x6c</size>
         <input_file_ref idref="fl-7"/>
      </object_component>
      <object_component id="oc-318">
         <name>.text</name>
         <load_address>0xe988</load_address>
         <run_address>0xe988</run_address>
         <size>0x68</size>
         <input_file_ref idref="fl-4c"/>
      </object_component>
      <object_component id="oc-9d">
         <name>.text:__TI_decompress_rle_core</name>
         <load_address>0xe9f0</load_address>
         <run_address>0xe9f0</run_address>
         <size>0x64</size>
         <input_file_ref idref="fl-43"/>
      </object_component>
      <object_component id="oc-324">
         <name>.text:erase_image</name>
         <load_address>0xea54</load_address>
         <run_address>0xea54</run_address>
         <size>0x64</size>
         <input_file_ref idref="fl-c"/>
      </object_component>
      <object_component id="oc-210">
         <name>.text:return_system_packets</name>
         <load_address>0xeab8</load_address>
         <run_address>0xeab8</run_address>
         <size>0x5c</size>
         <input_file_ref idref="fl-d"/>
      </object_component>
      <object_component id="oc-d4">
         <name>.text:_auto_init</name>
         <load_address>0xeb14</load_address>
         <run_address>0xeb14</run_address>
         <size>0x58</size>
         <input_file_ref idref="fl-61"/>
      </object_component>
      <object_component id="oc-3fd">
         <name>.text</name>
         <load_address>0xeb6c</load_address>
         <run_address>0xeb6c</run_address>
         <size>0x58</size>
         <input_file_ref idref="fl-48"/>
      </object_component>
      <object_component id="oc-155">
         <name>.text:EPD_Kit_Tool_process_init</name>
         <load_address>0xebc4</load_address>
         <run_address>0xebc4</run_address>
         <size>0x56</size>
         <input_file_ref idref="fl-b"/>
      </object_component>
      <object_component id="oc-27e">
         <name>.text:EPD_display_from_flash</name>
         <load_address>0xec1a</load_address>
         <run_address>0xec1a</run_address>
         <size>0x56</size>
         <input_file_ref idref="fl-5"/>
      </object_component>
      <object_component id="oc-1fc">
         <name>.text:EPD_initialize_gpio</name>
         <load_address>0xec70</load_address>
         <run_address>0xec70</run_address>
         <size>0x54</size>
         <input_file_ref idref="fl-4"/>
      </object_component>
      <object_component id="oc-32b">
         <name>.text:EPD_power_on</name>
         <load_address>0xecc4</load_address>
         <run_address>0xecc4</run_address>
         <size>0x54</size>
         <input_file_ref idref="fl-7"/>
      </object_component>
      <object_component id="oc-202">
         <name>.text:epd_spi_init</name>
         <load_address>0xed18</load_address>
         <run_address>0xed18</run_address>
         <size>0x50</size>
         <input_file_ref idref="fl-4"/>
      </object_component>
      <object_component id="oc-15b">
         <name>.text:EPD_Kit_tool_process_task</name>
         <load_address>0xed68</load_address>
         <run_address>0xed68</run_address>
         <size>0x4c</size>
         <input_file_ref idref="fl-b"/>
      </object_component>
      <object_component id="oc-39a">
         <name>.text:SPI_R</name>
         <load_address>0xedb4</load_address>
         <run_address>0xedb4</run_address>
         <size>0x4c</size>
         <input_file_ref idref="fl-4"/>
      </object_component>
      <object_component id="oc-365">
         <name>.text</name>
         <load_address>0xee00</load_address>
         <run_address>0xee00</run_address>
         <size>0x4c</size>
         <input_file_ref idref="fl-59"/>
      </object_component>
      <object_component id="oc-313">
         <name>.text</name>
         <load_address>0xee4c</load_address>
         <run_address>0xee4c</run_address>
         <size>0x4a</size>
         <input_file_ref idref="fl-4b"/>
      </object_component>
      <object_component id="oc-143">
         <name>.text:system_init</name>
         <load_address>0xee96</load_address>
         <run_address>0xee96</run_address>
         <size>0x4a</size>
         <input_file_ref idref="fl-4"/>
      </object_component>
      <object_component id="oc-3a8">
         <name>.text:CMD_SE</name>
         <load_address>0xeee0</load_address>
         <run_address>0xeee0</run_address>
         <size>0x48</size>
         <input_file_ref idref="fl-c"/>
      </object_component>
      <object_component id="oc-2b2">
         <name>.text:data_receive_handle</name>
         <load_address>0xef28</load_address>
         <run_address>0xef28</run_address>
         <size>0x48</size>
         <input_file_ref idref="fl-d"/>
      </object_component>
      <object_component id="oc-3a0">
         <name>.text:epd_spi_send_byte</name>
         <load_address>0xef70</load_address>
         <run_address>0xef70</run_address>
         <size>0x48</size>
         <input_file_ref idref="fl-4"/>
      </object_component>
      <object_component id="oc-302">
         <name>.text:data_transmit</name>
         <load_address>0xefb8</load_address>
         <run_address>0xefb8</run_address>
         <size>0x46</size>
         <input_file_ref idref="fl-f"/>
      </object_component>
      <object_component id="oc-483">
         <name>.text:put_system_buffer</name>
         <load_address>0xeffe</load_address>
         <run_address>0xeffe</run_address>
         <size>0x46</size>
         <input_file_ref idref="fl-d"/>
      </object_component>
      <object_component id="oc-2b8">
         <name>.text:data_interface_init</name>
         <load_address>0xf044</load_address>
         <run_address>0xf044</run_address>
         <size>0x42</size>
         <input_file_ref idref="fl-f"/>
      </object_component>
      <object_component id="oc-309">
         <name>.text</name>
         <load_address>0xf086</load_address>
         <run_address>0xf086</run_address>
         <size>0x40</size>
         <input_file_ref idref="fl-47"/>
      </object_component>
      <object_component id="oc-26c">
         <name>.text:EPD_display_from_flash_Ex</name>
         <load_address>0xf0c6</load_address>
         <run_address>0xf0c6</run_address>
         <size>0x3e</size>
         <input_file_ref idref="fl-5"/>
      </object_component>
      <object_component id="oc-48e">
         <name>.text:l_asr_const</name>
         <load_address>0xf104</load_address>
         <run_address>0xf104</run_address>
         <size>0x3e</size>
         <input_file_ref idref="fl-3f"/>
      </object_component>
      <object_component id="oc-31f">
         <name>.text:l_lsl_const</name>
         <load_address>0xf142</load_address>
         <run_address>0xf142</run_address>
         <size>0x3e</size>
         <input_file_ref idref="fl-58"/>
      </object_component>
      <object_component id="oc-272">
         <name>.text:EPD_display_partialupdate_from_flash_prt</name>
         <load_address>0xf180</load_address>
         <run_address>0xf180</run_address>
         <size>0x3c</size>
         <input_file_ref idref="fl-7"/>
      </object_component>
      <object_component id="oc-3df">
         <name>.text:epd_spi_write_ex</name>
         <load_address>0xf1bc</load_address>
         <run_address>0xf1bc</run_address>
         <size>0x3a</size>
         <input_file_ref idref="fl-4"/>
      </object_component>
      <object_component id="oc-b5">
         <name>.text:USCI0TX_ISR</name>
         <load_address>0xf1f6</load_address>
         <run_address>0xf1f6</run_address>
         <size>0x34</size>
         <input_file_ref idref="fl-f"/>
      </object_component>
      <object_component id="oc-35c">
         <name>.text:read_flash</name>
         <load_address>0xf22a</load_address>
         <run_address>0xf22a</run_address>
         <size>0x32</size>
         <input_file_ref idref="fl-c"/>
      </object_component>
      <object_component id="oc-244">
         <name>.text:write_mark</name>
         <load_address>0xf25c</load_address>
         <run_address>0xf25c</run_address>
         <size>0x32</size>
         <input_file_ref idref="fl-c"/>
      </object_component>
      <object_component id="oc-1b4">
         <name>.text:delay_ms</name>
         <load_address>0xf28e</load_address>
         <run_address>0xf28e</run_address>
         <size>0x2e</size>
         <input_file_ref idref="fl-4"/>
      </object_component>
      <object_component id="oc-2f1">
         <name>.text:get_system_buffer</name>
         <load_address>0xf2bc</load_address>
         <run_address>0xf2bc</run_address>
         <size>0x2e</size>
         <input_file_ref idref="fl-d"/>
      </object_component>
      <object_component id="oc-19a">
         <name>.text:EPD_display_hardware_init</name>
         <load_address>0xf2ea</load_address>
         <run_address>0xf2ea</run_address>
         <size>0x2c</size>
         <input_file_ref idref="fl-4"/>
      </object_component>
      <object_component id="oc-bb">
         <name>.text:USCI0RX_ISR</name>
         <load_address>0xf316</load_address>
         <run_address>0xf316</run_address>
         <size>0x2c</size>
         <input_file_ref idref="fl-f"/>
      </object_component>
      <object_component id="oc-4a5">
         <name>.text</name>
         <load_address>0xf342</load_address>
         <run_address>0xf342</run_address>
         <size>0x2c</size>
         <input_file_ref idref="fl-3e"/>
      </object_component>
      <object_component id="oc-254">
         <name>.text</name>
         <load_address>0xf36e</load_address>
         <run_address>0xf36e</run_address>
         <size>0x2c</size>
         <input_file_ref idref="fl-45"/>
      </object_component>
      <object_component id="oc-357">
         <name>.text</name>
         <load_address>0xf39a</load_address>
         <run_address>0xf39a</run_address>
         <size>0x2c</size>
         <input_file_ref idref="fl-57"/>
      </object_component>
      <object_component id="oc-29d">
         <name>.text:CMD_CE</name>
         <load_address>0xf3c6</load_address>
         <run_address>0xf3c6</run_address>
         <size>0x2a</size>
         <input_file_ref idref="fl-c"/>
      </object_component>
      <object_component id="oc-3ed">
         <name>.text:send_flash_address</name>
         <load_address>0xf3f0</load_address>
         <run_address>0xf3f0</run_address>
         <size>0x28</size>
         <input_file_ref idref="fl-c"/>
      </object_component>
      <object_component id="oc-1ae">
         <name>.text:data_controller_init</name>
         <load_address>0xf418</load_address>
         <run_address>0xf418</run_address>
         <size>0x26</size>
         <input_file_ref idref="fl-d"/>
      </object_component>
      <object_component id="oc-30e">
         <name>.text</name>
         <load_address>0xf43e</load_address>
         <run_address>0xf43e</run_address>
         <size>0x26</size>
         <input_file_ref idref="fl-5d"/>
      </object_component>
      <object_component id="oc-472">
         <name>.text:CMD_RDSR</name>
         <load_address>0xf464</load_address>
         <run_address>0xf464</run_address>
         <size>0x24</size>
         <input_file_ref idref="fl-c"/>
      </object_component>
      <object_component id="oc-297">
         <name>.text:epd_spi_detach</name>
         <load_address>0xf488</load_address>
         <run_address>0xf488</run_address>
         <size>0x24</size>
         <input_file_ref idref="fl-4"/>
      </object_component>
      <object_component id="oc-c1">
         <name>.text:Timer_A0</name>
         <load_address>0xf4ac</load_address>
         <run_address>0xf4ac</run_address>
         <size>0x22</size>
         <input_file_ref idref="fl-4"/>
      </object_component>
      <object_component id="oc-229">
         <name>.text:EPD_power_init</name>
         <load_address>0xf4ce</load_address>
         <run_address>0xf4ce</run_address>
         <size>0x20</size>
         <input_file_ref idref="fl-5"/>
      </object_component>
      <object_component id="oc-1d7">
         <name>.text:start_EPD_timer</name>
         <load_address>0xf4ee</load_address>
         <run_address>0xf4ee</run_address>
         <size>0x20</size>
         <input_file_ref idref="fl-4"/>
      </object_component>
      <object_component id="oc-1e4">
         <name>.text:poll_system_packet_buffer</name>
         <load_address>0xf50e</load_address>
         <run_address>0xf50e</run_address>
         <size>0x1e</size>
         <input_file_ref idref="fl-d"/>
      </object_component>
      <object_component id="oc-3b2">
         <name>.text:IsFlashBusy</name>
         <load_address>0xf52c</load_address>
         <run_address>0xf52c</run_address>
         <size>0x1c</size>
         <input_file_ref idref="fl-c"/>
      </object_component>
      <object_component id="oc-479">
         <name>.text:checkWREN</name>
         <load_address>0xf548</load_address>
         <run_address>0xf548</run_address>
         <size>0x1c</size>
         <input_file_ref idref="fl-c"/>
      </object_component>
      <object_component id="oc-469">
         <name>.text:epd_spi_read</name>
         <load_address>0xf564</load_address>
         <run_address>0xf564</run_address>
         <size>0x1c</size>
         <input_file_ref idref="fl-4"/>
      </object_component>
      <object_component id="oc-266">
         <name>.text:read_flash_handle</name>
         <load_address>0xf580</load_address>
         <run_address>0xf580</run_address>
         <size>0x1c</size>
         <input_file_ref idref="fl-b"/>
      </object_component>
      <object_component id="oc-25a">
         <name>.text:write_flash</name>
         <load_address>0xf59c</load_address>
         <run_address>0xf59c</run_address>
         <size>0x1c</size>
         <input_file_ref idref="fl-c"/>
      </object_component>
      <object_component id="oc-3b8">
         <name>.text:CMD_WREN</name>
         <load_address>0xf5b8</load_address>
         <run_address>0xf5b8</run_address>
         <size>0x1a</size>
         <input_file_ref idref="fl-c"/>
      </object_component>
      <object_component id="oc-68">
         <name>.text:_c_int00_noargs_noexit</name>
         <load_address>0xf5d2</load_address>
         <run_address>0xf5d2</run_address>
         <size>0x1a</size>
         <input_file_ref idref="fl-41"/>
      </object_component>
      <object_component id="oc-2e3">
         <name>.text:initialize_EPD_timer</name>
         <load_address>0xf5ec</load_address>
         <run_address>0xf5ec</run_address>
         <size>0x18</size>
         <input_file_ref idref="fl-4"/>
      </object_component>
      <object_component id="oc-ee">
         <name>.text:main</name>
         <load_address>0xf604</load_address>
         <run_address>0xf604</run_address>
         <size>0x18</size>
         <input_file_ref idref="fl-3"/>
      </object_component>
      <object_component id="oc-24a">
         <name>.text:return_system_packet_result</name>
         <load_address>0xf61c</load_address>
         <run_address>0xf61c</run_address>
         <size>0x18</size>
         <input_file_ref idref="fl-d"/>
      </object_component>
      <object_component id="oc-350">
         <name>.text</name>
         <load_address>0xf634</load_address>
         <run_address>0xf634</run_address>
         <size>0x16</size>
         <input_file_ref idref="fl-46"/>
      </object_component>
      <object_component id="oc-1ba">
         <name>.text:check_EPD_extension_board</name>
         <load_address>0xf64a</load_address>
         <run_address>0xf64a</run_address>
         <size>0x14</size>
         <input_file_ref idref="fl-b"/>
      </object_component>
      <object_component id="oc-4a">
         <name>.text:decompress:ZI:__TI_zero_init</name>
         <load_address>0xf65e</load_address>
         <run_address>0xf65e</run_address>
         <size>0x14</size>
         <input_file_ref idref="fl-44"/>
      </object_component>
      <object_component id="oc-1ea">
         <name>.text</name>
         <load_address>0xf672</load_address>
         <run_address>0xf672</run_address>
         <size>0x14</size>
         <input_file_ref idref="fl-5c"/>
      </object_component>
      <object_component id="oc-31">
         <name>.text:decompress:none:__TI_decompress_none</name>
         <load_address>0xf686</load_address>
         <run_address>0xf686</run_address>
         <size>0x12</size>
         <input_file_ref idref="fl-42"/>
      </object_component>
      <object_component id="oc-21c">
         <name>.text:epd_spi_attach</name>
         <load_address>0xf698</load_address>
         <run_address>0xf698</run_address>
         <size>0x12</size>
         <input_file_ref idref="fl-4"/>
      </object_component>
      <object_component id="oc-90">
         <name>.text:memcpy</name>
         <load_address>0xf6aa</load_address>
         <run_address>0xf6aa</run_address>
         <size>0x12</size>
         <input_file_ref idref="fl-5a"/>
      </object_component>
      <object_component id="oc-28b">
         <name>.text:set_current_time_tick</name>
         <load_address>0xf6bc</load_address>
         <run_address>0xf6bc</run_address>
         <size>0x12</size>
         <input_file_ref idref="fl-4"/>
      </object_component>
      <object_component id="oc-117">
         <name>.text</name>
         <load_address>0xf6ce</load_address>
         <run_address>0xf6ce</run_address>
         <size>0x10</size>
         <input_file_ref idref="fl-49"/>
      </object_component>
      <object_component id="oc-3c4">
         <name>.text:send_byte</name>
         <load_address>0xf6de</load_address>
         <run_address>0xf6de</run_address>
         <size>0x10</size>
         <input_file_ref idref="fl-c"/>
      </object_component>
      <object_component id="oc-3ca">
         <name>.text:Flash_cs_high</name>
         <load_address>0xf6ee</load_address>
         <run_address>0xf6ee</run_address>
         <size>0xe</size>
         <input_file_ref idref="fl-c"/>
      </object_component>
      <object_component id="oc-3be">
         <name>.text:Flash_cs_low</name>
         <load_address>0xf6fc</load_address>
         <run_address>0xf6fc</run_address>
         <size>0xe</size>
         <input_file_ref idref="fl-c"/>
      </object_component>
      <object_component id="oc-2ac">
         <name>.text:clear_system_buffer</name>
         <load_address>0xf70a</load_address>
         <run_address>0xf70a</run_address>
         <size>0xe</size>
         <input_file_ref idref="fl-d"/>
      </object_component>
      <object_component id="oc-45d">
         <name>.text:epd_spi_write</name>
         <load_address>0xf718</load_address>
         <run_address>0xf718</run_address>
         <size>0xe</size>
         <input_file_ref idref="fl-4"/>
      </object_component>
      <object_component id="oc-208">
         <name>.text:initialize_temperature</name>
         <load_address>0xf726</load_address>
         <run_address>0xf726</run_address>
         <size>0xe</size>
         <input_file_ref idref="fl-4"/>
      </object_component>
      <object_component id="oc-291">
         <name>.text:stop_EPD_timer</name>
         <load_address>0xf734</load_address>
         <run_address>0xf734</run_address>
         <size>0xe</size>
         <input_file_ref idref="fl-4"/>
      </object_component>
      <object_component id="oc-456">
         <name>.text:sys_delay_ms</name>
         <load_address>0xf742</load_address>
         <run_address>0xf742</run_address>
         <size>0xe</size>
         <input_file_ref idref="fl-4"/>
      </object_component>
      <object_component id="oc-14f">
         <name>.text:LED_init</name>
         <load_address>0xf750</load_address>
         <run_address>0xf750</run_address>
         <size>0xa</size>
         <input_file_ref idref="fl-e"/>
      </object_component>
      <object_component id="oc-af">
         <name>.text:ADC10_ISR</name>
         <load_address>0xf75a</load_address>
         <run_address>0xf75a</run_address>
         <size>0x8</size>
         <input_file_ref idref="fl-4"/>
      </object_component>
      <object_component id="oc-3e5">
         <name>.text:get_byte</name>
         <load_address>0xf762</load_address>
         <run_address>0xf762</run_address>
         <size>0x8</size>
         <input_file_ref idref="fl-c"/>
      </object_component>
      <object_component id="oc-1ef">
         <name>.text:get_current_time_tick</name>
         <load_address>0xf76a</load_address>
         <run_address>0xf76a</run_address>
         <size>0x8</size>
         <input_file_ref idref="fl-4"/>
      </object_component>
      <object_component id="oc-149">
         <name>.text:EPD_display_init</name>
         <load_address>0xf772</load_address>
         <run_address>0xf772</run_address>
         <size>0x6</size>
         <input_file_ref idref="fl-5"/>
      </object_component>
      <object_component id="oc-1a1">
         <name>.text:LED_OFF</name>
         <load_address>0xf778</load_address>
         <run_address>0xf778</run_address>
         <size>0x6</size>
         <input_file_ref idref="fl-e"/>
      </object_component>
      <object_component id="oc-1dd">
         <name>.text:LED_ON</name>
         <load_address>0xf77e</load_address>
         <run_address>0xf77e</run_address>
         <size>0x6</size>
         <input_file_ref idref="fl-e"/>
      </object_component>
      <object_component id="oc-1cb">
         <name>.text:LED_Trigger</name>
         <load_address>0xf784</load_address>
         <run_address>0xf784</run_address>
         <size>0x6</size>
         <input_file_ref idref="fl-e"/>
      </object_component>
      <object_component id="oc-aa">
         <name>.text:_isr:__TI_ISR_TRAP</name>
         <load_address>0xf78a</load_address>
         <run_address>0xf78a</run_address>
         <size>0x6</size>
         <input_file_ref idref="fl-56"/>
      </object_component>
      <object_component id="oc-37">
         <name>.text:decompress:rle24:__TI_decompress_rle24</name>
         <load_address>0xf790</load_address>
         <run_address>0xf790</run_address>
         <size>0x6</size>
         <input_file_ref idref="fl-43"/>
      </object_component>
      <object_component id="oc-2eb">
         <name>.text:number_of_system_buffer</name>
         <load_address>0xf796</load_address>
         <run_address>0xf796</run_address>
         <size>0x6</size>
         <input_file_ref idref="fl-d"/>
      </object_component>
      <object_component id="oc-ce">
         <name>.text:_system_pre_init</name>
         <load_address>0xf79c</load_address>
         <run_address>0xf79c</run_address>
         <size>0x4</size>
         <input_file_ref idref="fl-5e"/>
      </object_component>
      <object_component id="oc-f6">
         <name>.text:abort</name>
         <load_address>0xf7a0</load_address>
         <run_address>0xf7a0</run_address>
         <size>0x4</size>
         <input_file_ref idref="fl-4a"/>
      </object_component>
      <object_component id="oc-463">
         <name>.text:Wait_10us</name>
         <load_address>0xf7a4</load_address>
         <run_address>0xf7a4</run_address>
         <size>0x2</size>
         <input_file_ref idref="fl-4"/>
      </object_component>
      <object_component id="oc-4f8">
         <name>.cinit..data.load</name>
         <load_address>0xfba8</load_address>
         <run_address>0xfba8</run_address>
         <size>0xa</size>
      </object_component>
      <object_component id="oc-4f5">
         <name>__TI_handler_table</name>
         <load_address>0xfbb2</load_address>
         <run_address>0xfbb2</run_address>
         <size>0x6</size>
      </object_component>
      <object_component id="oc-4f7">
         <name>.cinit..bss.load</name>
         <load_address>0xfbb8</load_address>
         <run_address>0xfbb8</run_address>
         <size>0x4</size>
      </object_component>
      <object_component id="oc-4f6">
         <name>__TI_cinit_table</name>
         <load_address>0xfbbc</load_address>
         <run_address>0xfbbc</run_address>
         <size>0x8</size>
      </object_component>
      <object_component id="oc-362">
         <name>.const:ASCII_character_bitmaps</name>
         <load_address>0xf7a6</load_address>
         <run_address>0xf7a6</run_address>
         <size>0x2f8</size>
         <input_file_ref idref="fl-a"/>
      </object_component>
      <object_component id="oc-250">
         <name>.const:COG_parameters</name>
         <load_address>0xfa9e</load_address>
         <run_address>0xfa9e</run_address>
         <size>0x64</size>
         <input_file_ref idref="fl-7"/>
      </object_component>
      <object_component id="oc-495">
         <name>.const:temperature_table</name>
         <load_address>0xfb02</load_address>
         <run_address>0xfb02</run_address>
         <size>0x50</size>
         <input_file_ref idref="fl-7"/>
      </object_component>
      <object_component id="oc-4a2">
         <name>.const:data_lookuptable</name>
         <load_address>0xfb52</load_address>
         <run_address>0xfb52</run_address>
         <size>0x40</size>
         <input_file_ref idref="fl-7"/>
      </object_component>
      <object_component id="oc-44b">
         <name>.const:.string:scan_lookuptable</name>
         <load_address>0xfb92</load_address>
         <run_address>0xfb92</run_address>
         <size>0x8</size>
         <input_file_ref idref="fl-7"/>
      </object_component>
      <object_component id="oc-222">
         <name>.const:.string</name>
         <load_address>0xfb9a</load_address>
         <run_address>0xfb9a</run_address>
         <size>0x6</size>
         <input_file_ref idref="fl-b"/>
      </object_component>
      <object_component id="oc-49f">
         <name>.const:.string:BORDER_TABLE</name>
         <load_address>0xfba0</load_address>
         <run_address>0xfba0</run_address>
         <size>0x4</size>
         <input_file_ref idref="fl-7"/>
      </object_component>
      <object_component id="oc-450">
         <name>.const:.string:SCAN_TABLE</name>
         <load_address>0xfba4</load_address>
         <run_address>0xfba4</run_address>
         <size>0x4</size>
         <input_file_ref idref="fl-7"/>
      </object_component>
      <object_component id="oc-3d">
         <name>.int00</name>
         <load_address>0xffe0</load_address>
         <run_address>0xffe0</run_address>
         <size>0x2</size>
         <input_file_ref idref="fl-4d"/>
      </object_component>
      <object_component id="oc-3e">
         <name>.int02</name>
         <load_address>0xffe4</load_address>
         <run_address>0xffe4</run_address>
         <size>0x2</size>
         <input_file_ref idref="fl-4e"/>
      </object_component>
      <object_component id="oc-3f">
         <name>.int03</name>
         <load_address>0xffe6</load_address>
         <run_address>0xffe6</run_address>
         <size>0x2</size>
         <input_file_ref idref="fl-4f"/>
      </object_component>
      <object_component id="oc-40">
         <name>.int05</name>
         <load_address>0xffea</load_address>
         <run_address>0xffea</run_address>
         <size>0x2</size>
         <input_file_ref idref="fl-4"/>
      </object_component>
      <object_component id="oc-41">
         <name>.int06</name>
         <load_address>0xffec</load_address>
         <run_address>0xffec</run_address>
         <size>0x2</size>
         <input_file_ref idref="fl-f"/>
      </object_component>
      <object_component id="oc-42">
         <name>.int07</name>
         <load_address>0xffee</load_address>
         <run_address>0xffee</run_address>
         <size>0x2</size>
         <input_file_ref idref="fl-f"/>
      </object_component>
      <object_component id="oc-43">
         <name>.int08</name>
         <load_address>0xfff0</load_address>
         <run_address>0xfff0</run_address>
         <size>0x2</size>
         <input_file_ref idref="fl-4"/>
      </object_component>
      <object_component id="oc-44">
         <name>.int09</name>
         <load_address>0xfff2</load_address>
         <run_address>0xfff2</run_address>
         <size>0x2</size>
         <input_file_ref idref="fl-50"/>
      </object_component>
      <object_component id="oc-45">
         <name>.int10</name>
         <load_address>0xfff4</load_address>
         <run_address>0xfff4</run_address>
         <size>0x2</size>
         <input_file_ref idref="fl-51"/>
      </object_component>
      <object_component id="oc-46">
         <name>.int11</name>
         <load_address>0xfff6</load_address>
         <run_address>0xfff6</run_address>
         <size>0x2</size>
         <input_file_ref idref="fl-52"/>
      </object_component>
      <object_component id="oc-47">
         <name>.int12</name>
         <load_address>0xfff8</load_address>
         <run_address>0xfff8</run_address>
         <size>0x2</size>
         <input_file_ref idref="fl-53"/>
      </object_component>
      <object_component id="oc-48">
         <name>.int13</name>
         <load_address>0xfffa</load_address>
         <run_address>0xfffa</run_address>
         <size>0x2</size>
         <input_file_ref idref="fl-54"/>
      </object_component>
      <object_component id="oc-49">
         <name>.int14</name>
         <load_address>0xfffc</load_address>
         <run_address>0xfffc</run_address>
         <size>0x2</size>
         <input_file_ref idref="fl-55"/>
      </object_component>
      <object_component id="oc-8f">
         <name>.reset</name>
         <load_address>0xfffe</load_address>
         <run_address>0xfffe</run_address>
         <size>0x2</size>
         <input_file_ref idref="fl-40"/>
      </object_component>
      <object_component id="oc-2fd">
         <name>.data</name>
         <load_address>0x30a</load_address>
         <run_address>0x30a</run_address>
         <size>0x1</size>
         <input_file_ref idref="fl-4"/>
      </object_component>
      <object_component id="oc-37f">
         <name>.data</name>
         <load_address>0x306</load_address>
         <run_address>0x306</run_address>
         <size>0x4</size>
         <input_file_ref idref="fl-7"/>
      </object_component>
      <object_component id="oc-338">
         <name>.data</name>
         <load_address>0x30b</load_address>
         <run_address>0x30b</run_address>
         <size>0x1</size>
         <input_file_ref idref="fl-c"/>
      </object_component>
      <object_component id="oc-3ec">
         <name>.debug_info</name>
         <load_address>0x0</load_address>
         <run_address>0x0</run_address>
         <size>0x2f1</size>
         <input_file_ref idref="fl-2"/>
      </object_component>
      <object_component id="oc-2cf">
         <name>.debug_info</name>
         <load_address>0x2f1</load_address>
         <run_address>0x2f1</run_address>
         <size>0x3b6</size>
         <input_file_ref idref="fl-2"/>
      </object_component>
      <object_component id="oc-104">
         <name>.debug_info</name>
         <load_address>0x6a7</load_address>
         <run_address>0x6a7</run_address>
         <size>0x84</size>
         <input_file_ref idref="fl-2"/>
      </object_component>
      <object_component id="oc-2d4">
         <name>.debug_info</name>
         <load_address>0x72b</load_address>
         <run_address>0x72b</run_address>
         <size>0x2c</size>
         <input_file_ref idref="fl-2"/>
      </object_component>
      <object_component id="oc-16d">
         <name>.debug_info</name>
         <load_address>0x757</load_address>
         <run_address>0x757</run_address>
         <size>0x18b</size>
         <input_file_ref idref="fl-2"/>
      </object_component>
      <object_component id="oc-10b">
         <name>.debug_info</name>
         <load_address>0x8e2</load_address>
         <run_address>0x8e2</run_address>
         <size>0x2c</size>
         <input_file_ref idref="fl-2"/>
      </object_component>
      <object_component id="oc-1f6">
         <name>.debug_info</name>
         <load_address>0x90e</load_address>
         <run_address>0x90e</run_address>
         <size>0x42d</size>
         <input_file_ref idref="fl-3"/>
      </object_component>
      <object_component id="oc-ef">
         <name>.debug_info</name>
         <load_address>0xd3b</load_address>
         <run_address>0xd3b</run_address>
         <size>0x1c3</size>
         <input_file_ref idref="fl-3"/>
      </object_component>
      <object_component id="oc-168">
         <name>.debug_info</name>
         <load_address>0xefe</load_address>
         <run_address>0xefe</run_address>
         <size>0xd5</size>
         <input_file_ref idref="fl-3"/>
      </object_component>
      <object_component id="oc-36b">
         <name>.debug_info</name>
         <load_address>0xfd3</load_address>
         <run_address>0xfd3</run_address>
         <size>0x16f</size>
         <input_file_ref idref="fl-3"/>
      </object_component>
      <object_component id="oc-2a4">
         <name>.debug_info</name>
         <load_address>0x1142</load_address>
         <run_address>0x1142</run_address>
         <size>0xe3</size>
         <input_file_ref idref="fl-3"/>
      </object_component>
      <object_component id="oc-172">
         <name>.debug_info</name>
         <load_address>0x1225</load_address>
         <run_address>0x1225</run_address>
         <size>0x93</size>
         <input_file_ref idref="fl-3"/>
      </object_component>
      <object_component id="oc-12a">
         <name>.debug_info</name>
         <load_address>0x12b8</load_address>
         <run_address>0x12b8</run_address>
         <size>0x766</size>
         <input_file_ref idref="fl-4"/>
      </object_component>
      <object_component id="oc-2fe">
         <name>.debug_info</name>
         <load_address>0x1a1e</load_address>
         <run_address>0x1a1e</run_address>
         <size>0x14e</size>
         <input_file_ref idref="fl-4"/>
      </object_component>
      <object_component id="oc-2e4">
         <name>.debug_info</name>
         <load_address>0x1b6c</load_address>
         <run_address>0x1b6c</run_address>
         <size>0x1f0</size>
         <input_file_ref idref="fl-4"/>
      </object_component>
      <object_component id="oc-1d8">
         <name>.debug_info</name>
         <load_address>0x1d5c</load_address>
         <run_address>0x1d5c</run_address>
         <size>0x202</size>
         <input_file_ref idref="fl-4"/>
      </object_component>
      <object_component id="oc-292">
         <name>.debug_info</name>
         <load_address>0x1f5e</load_address>
         <run_address>0x1f5e</run_address>
         <size>0x1e5</size>
         <input_file_ref idref="fl-4"/>
      </object_component>
      <object_component id="oc-1f0">
         <name>.debug_info</name>
         <load_address>0x2143</load_address>
         <run_address>0x2143</run_address>
         <size>0x1f7</size>
         <input_file_ref idref="fl-4"/>
      </object_component>
      <object_component id="oc-28c">
         <name>.debug_info</name>
         <load_address>0x233a</load_address>
         <run_address>0x233a</run_address>
         <size>0x21a</size>
         <input_file_ref idref="fl-4"/>
      </object_component>
      <object_component id="oc-c2">
         <name>.debug_info</name>
         <load_address>0x2554</load_address>
         <run_address>0x2554</run_address>
         <size>0x1da</size>
         <input_file_ref idref="fl-4"/>
      </object_component>
      <object_component id="oc-1b5">
         <name>.debug_info</name>
         <load_address>0x272e</load_address>
         <run_address>0x272e</run_address>
         <size>0x1f4</size>
         <input_file_ref idref="fl-4"/>
      </object_component>
      <object_component id="oc-457">
         <name>.debug_info</name>
         <load_address>0x2922</load_address>
         <run_address>0x2922</run_address>
         <size>0x20b</size>
         <input_file_ref idref="fl-4"/>
      </object_component>
      <object_component id="oc-464">
         <name>.debug_info</name>
         <load_address>0x2b2d</load_address>
         <run_address>0x2b2d</run_address>
         <size>0x1da</size>
         <input_file_ref idref="fl-4"/>
      </object_component>
      <object_component id="oc-203">
         <name>.debug_info</name>
         <load_address>0x2d07</load_address>
         <run_address>0x2d07</run_address>
         <size>0x1e1</size>
         <input_file_ref idref="fl-4"/>
      </object_component>
      <object_component id="oc-21d">
         <name>.debug_info</name>
         <load_address>0x2ee8</load_address>
         <run_address>0x2ee8</run_address>
         <size>0x1f8</size>
         <input_file_ref idref="fl-4"/>
      </object_component>
      <object_component id="oc-298">
         <name>.debug_info</name>
         <load_address>0x30e0</load_address>
         <run_address>0x30e0</run_address>
         <size>0x1e5</size>
         <input_file_ref idref="fl-4"/>
      </object_component>
      <object_component id="oc-46a">
         <name>.debug_info</name>
         <load_address>0x32c5</load_address>
         <run_address>0x32c5</run_address>
         <size>0x20c</size>
         <input_file_ref idref="fl-4"/>
      </object_component>
      <object_component id="oc-45e">
         <name>.debug_info</name>
         <load_address>0x34d1</load_address>
         <run_address>0x34d1</run_address>
         <size>0x219</size>
         <input_file_ref idref="fl-4"/>
      </object_component>
      <object_component id="oc-3e0">
         <name>.debug_info</name>
         <load_address>0x36ea</load_address>
         <run_address>0x36ea</run_address>
         <size>0x233</size>
         <input_file_ref idref="fl-4"/>
      </object_component>
      <object_component id="oc-39b">
         <name>.debug_info</name>
         <load_address>0x391d</load_address>
         <run_address>0x391d</run_address>
         <size>0x2a5</size>
         <input_file_ref idref="fl-4"/>
      </object_component>
      <object_component id="oc-417">
         <name>.debug_info</name>
         <load_address>0x3bc2</load_address>
         <run_address>0x3bc2</run_address>
         <size>0x301</size>
         <input_file_ref idref="fl-4"/>
      </object_component>
      <object_component id="oc-3a2">
         <name>.debug_info</name>
         <load_address>0x3ec3</load_address>
         <run_address>0x3ec3</run_address>
         <size>0x2e0</size>
         <input_file_ref idref="fl-4"/>
      </object_component>
      <object_component id="oc-b1">
         <name>.debug_info</name>
         <load_address>0x41a3</load_address>
         <run_address>0x41a3</run_address>
         <size>0x1df</size>
         <input_file_ref idref="fl-4"/>
      </object_component>
      <object_component id="oc-218">
         <name>.debug_info</name>
         <load_address>0x4382</load_address>
         <run_address>0x4382</run_address>
         <size>0x29f</size>
         <input_file_ref idref="fl-4"/>
      </object_component>
      <object_component id="oc-20a">
         <name>.debug_info</name>
         <load_address>0x4621</load_address>
         <run_address>0x4621</run_address>
         <size>0x1f8</size>
         <input_file_ref idref="fl-4"/>
      </object_component>
      <object_component id="oc-145">
         <name>.debug_info</name>
         <load_address>0x4819</load_address>
         <run_address>0x4819</run_address>
         <size>0x1e2</size>
         <input_file_ref idref="fl-4"/>
      </object_component>
      <object_component id="oc-1fd">
         <name>.debug_info</name>
         <load_address>0x49fb</load_address>
         <run_address>0x49fb</run_address>
         <size>0x1f2</size>
         <input_file_ref idref="fl-4"/>
      </object_component>
      <object_component id="oc-19b">
         <name>.debug_info</name>
         <load_address>0x4bed</load_address>
         <run_address>0x4bed</run_address>
         <size>0x248</size>
         <input_file_ref idref="fl-4"/>
      </object_component>
      <object_component id="oc-14a">
         <name>.debug_info</name>
         <load_address>0x4e35</load_address>
         <run_address>0x4e35</run_address>
         <size>0x1f7</size>
         <input_file_ref idref="fl-5"/>
      </object_component>
      <object_component id="oc-27f">
         <name>.debug_info</name>
         <load_address>0x502c</load_address>
         <run_address>0x502c</run_address>
         <size>0x3ba</size>
         <input_file_ref idref="fl-5"/>
      </object_component>
      <object_component id="oc-22a">
         <name>.debug_info</name>
         <load_address>0x53e6</load_address>
         <run_address>0x53e6</run_address>
         <size>0x283</size>
         <input_file_ref idref="fl-5"/>
      </object_component>
      <object_component id="oc-26d">
         <name>.debug_info</name>
         <load_address>0x5669</load_address>
         <run_address>0x5669</run_address>
         <size>0x35b</size>
         <input_file_ref idref="fl-5"/>
      </object_component>
      <object_component id="oc-34e">
         <name>.debug_info</name>
         <load_address>0x59c4</load_address>
         <run_address>0x59c4</run_address>
         <size>0x718</size>
         <input_file_ref idref="fl-7"/>
      </object_component>
      <object_component id="oc-251">
         <name>.debug_info</name>
         <load_address>0x60dc</load_address>
         <run_address>0x60dc</run_address>
         <size>0x16d</size>
         <input_file_ref idref="fl-7"/>
      </object_component>
      <object_component id="oc-496">
         <name>.debug_info</name>
         <load_address>0x6249</load_address>
         <run_address>0x6249</run_address>
         <size>0x173</size>
         <input_file_ref idref="fl-7"/>
      </object_component>
      <object_component id="oc-4a3">
         <name>.debug_info</name>
         <load_address>0x63bc</load_address>
         <run_address>0x63bc</run_address>
         <size>0x171</size>
         <input_file_ref idref="fl-7"/>
      </object_component>
      <object_component id="oc-44c">
         <name>.debug_info</name>
         <load_address>0x652d</load_address>
         <run_address>0x652d</run_address>
         <size>0x171</size>
         <input_file_ref idref="fl-7"/>
      </object_component>
      <object_component id="oc-4a0">
         <name>.debug_info</name>
         <load_address>0x669e</load_address>
         <run_address>0x669e</run_address>
         <size>0x169</size>
         <input_file_ref idref="fl-7"/>
      </object_component>
      <object_component id="oc-451">
         <name>.debug_info</name>
         <load_address>0x6807</load_address>
         <run_address>0x6807</run_address>
         <size>0x165</size>
         <input_file_ref idref="fl-7"/>
      </object_component>
      <object_component id="oc-380">
         <name>.debug_info</name>
         <load_address>0x696c</load_address>
         <run_address>0x696c</run_address>
         <size>0x1b3</size>
         <input_file_ref idref="fl-7"/>
      </object_component>
      <object_component id="oc-40b">
         <name>.debug_info</name>
         <load_address>0x6b1f</load_address>
         <run_address>0x6b1f</run_address>
         <size>0x319</size>
         <input_file_ref idref="fl-7"/>
      </object_component>
      <object_component id="oc-413">
         <name>.debug_info</name>
         <load_address>0x6e38</load_address>
         <run_address>0x6e38</run_address>
         <size>0x231</size>
         <input_file_ref idref="fl-7"/>
      </object_component>
      <object_component id="oc-32e">
         <name>.debug_info</name>
         <load_address>0x7069</load_address>
         <run_address>0x7069</run_address>
         <size>0x300</size>
         <input_file_ref idref="fl-7"/>
      </object_component>
      <object_component id="oc-334">
         <name>.debug_info</name>
         <load_address>0x7369</load_address>
         <run_address>0x7369</run_address>
         <size>0x401</size>
         <input_file_ref idref="fl-7"/>
      </object_component>
      <object_component id="oc-434">
         <name>.debug_info</name>
         <load_address>0x776a</load_address>
         <run_address>0x776a</run_address>
         <size>0x4ec</size>
         <input_file_ref idref="fl-7"/>
      </object_component>
      <object_component id="oc-42e">
         <name>.debug_info</name>
         <load_address>0x7c56</load_address>
         <run_address>0x7c56</run_address>
         <size>0x5ad</size>
         <input_file_ref idref="fl-7"/>
      </object_component>
      <object_component id="oc-374">
         <name>.debug_info</name>
         <load_address>0x8203</load_address>
         <run_address>0x8203</run_address>
         <size>0x444</size>
         <input_file_ref idref="fl-7"/>
      </object_component>
      <object_component id="oc-43e">
         <name>.debug_info</name>
         <load_address>0x8647</load_address>
         <run_address>0x8647</run_address>
         <size>0x5fe</size>
         <input_file_ref idref="fl-7"/>
      </object_component>
      <object_component id="oc-444">
         <name>.debug_info</name>
         <load_address>0x8c45</load_address>
         <run_address>0x8c45</run_address>
         <size>0x5c7</size>
         <input_file_ref idref="fl-7"/>
      </object_component>
      <object_component id="oc-37c">
         <name>.debug_info</name>
         <load_address>0x920c</load_address>
         <run_address>0x920c</run_address>
         <size>0x4b3</size>
         <input_file_ref idref="fl-7"/>
      </object_component>
      <object_component id="oc-276">
         <name>.debug_info</name>
         <load_address>0x96bf</load_address>
         <run_address>0x96bf</run_address>
         <size>0x36b</size>
         <input_file_ref idref="fl-7"/>
      </object_component>
      <object_component id="oc-38c">
         <name>.debug_info</name>
         <load_address>0x9a2a</load_address>
         <run_address>0x9a2a</run_address>
         <size>0x28f</size>
         <input_file_ref idref="fl-7"/>
      </object_component>
      <object_component id="oc-386">
         <name>.debug_info</name>
         <load_address>0x9cb9</load_address>
         <run_address>0x9cb9</run_address>
         <size>0x32d</size>
         <input_file_ref idref="fl-7"/>
      </object_component>
      <object_component id="oc-398">
         <name>.debug_info</name>
         <load_address>0x9fe6</load_address>
         <run_address>0x9fe6</run_address>
         <size>0x2e8</size>
         <input_file_ref idref="fl-7"/>
      </object_component>
      <object_component id="oc-392">
         <name>.debug_info</name>
         <load_address>0xa2ce</load_address>
         <run_address>0xa2ce</run_address>
         <size>0x2b7</size>
         <input_file_ref idref="fl-7"/>
      </object_component>
      <object_component id="oc-27c">
         <name>.debug_info</name>
         <load_address>0xa585</load_address>
         <run_address>0xa585</run_address>
         <size>0x3ad</size>
         <input_file_ref idref="fl-7"/>
      </object_component>
      <object_component id="oc-428">
         <name>.debug_info</name>
         <load_address>0xa932</load_address>
         <run_address>0xa932</run_address>
         <size>0x139</size>
         <input_file_ref idref="fl-a"/>
      </object_component>
      <object_component id="oc-363">
         <name>.debug_info</name>
         <load_address>0xaa6b</load_address>
         <run_address>0xaa6b</run_address>
         <size>0x14e</size>
         <input_file_ref idref="fl-a"/>
      </object_component>
      <object_component id="oc-1c1">
         <name>.debug_info</name>
         <load_address>0xabb9</load_address>
         <run_address>0xabb9</run_address>
         <size>0xc57</size>
         <input_file_ref idref="fl-b"/>
      </object_component>
      <object_component id="oc-1bb">
         <name>.debug_info</name>
         <load_address>0xb810</load_address>
         <run_address>0xb810</run_address>
         <size>0x1e4</size>
         <input_file_ref idref="fl-b"/>
      </object_component>
      <object_component id="oc-267">
         <name>.debug_info</name>
         <load_address>0xb9f4</load_address>
         <run_address>0xb9f4</run_address>
         <size>0x29b</size>
         <input_file_ref idref="fl-b"/>
      </object_component>
      <object_component id="oc-1d2">
         <name>.debug_info</name>
         <load_address>0xbc8f</load_address>
         <run_address>0xbc8f</run_address>
         <size>0x21a</size>
         <input_file_ref idref="fl-b"/>
      </object_component>
      <object_component id="oc-1a9">
         <name>.debug_info</name>
         <load_address>0xbea9</load_address>
         <run_address>0xbea9</run_address>
         <size>0x890</size>
         <input_file_ref idref="fl-b"/>
      </object_component>
      <object_component id="oc-156">
         <name>.debug_info</name>
         <load_address>0xc739</load_address>
         <run_address>0xc739</run_address>
         <size>0x284</size>
         <input_file_ref idref="fl-b"/>
      </object_component>
      <object_component id="oc-15c">
         <name>.debug_info</name>
         <load_address>0xc9bd</load_address>
         <run_address>0xc9bd</run_address>
         <size>0x25d</size>
         <input_file_ref idref="fl-b"/>
      </object_component>
      <object_component id="oc-2ca">
         <name>.debug_info</name>
         <load_address>0xcc1a</load_address>
         <run_address>0xcc1a</run_address>
         <size>0x16f</size>
         <input_file_ref idref="fl-b"/>
      </object_component>
      <object_component id="oc-2e0">
         <name>.debug_info</name>
         <load_address>0xcd89</load_address>
         <run_address>0xcd89</run_address>
         <size>0x4fa</size>
         <input_file_ref idref="fl-c"/>
      </object_component>
      <object_component id="oc-339">
         <name>.debug_info</name>
         <load_address>0xd283</load_address>
         <run_address>0xd283</run_address>
         <size>0x146</size>
         <input_file_ref idref="fl-c"/>
      </object_component>
      <object_component id="oc-3ce">
         <name>.debug_info</name>
         <load_address>0xd3c9</load_address>
         <run_address>0xd3c9</run_address>
         <size>0x195</size>
         <input_file_ref idref="fl-c"/>
      </object_component>
      <object_component id="oc-3c2">
         <name>.debug_info</name>
         <load_address>0xd55e</load_address>
         <run_address>0xd55e</run_address>
         <size>0x193</size>
         <input_file_ref idref="fl-c"/>
      </object_component>
      <object_component id="oc-3c8">
         <name>.debug_info</name>
         <load_address>0xd6f1</load_address>
         <run_address>0xd6f1</run_address>
         <size>0x1df</size>
         <input_file_ref idref="fl-c"/>
      </object_component>
      <object_component id="oc-3e9">
         <name>.debug_info</name>
         <load_address>0xd8d0</load_address>
         <run_address>0xd8d0</run_address>
         <size>0x1a1</size>
         <input_file_ref idref="fl-c"/>
      </object_component>
      <object_component id="oc-3f1">
         <name>.debug_info</name>
         <load_address>0xda71</load_address>
         <run_address>0xda71</run_address>
         <size>0x22b</size>
[...]
         <object_component_ref idref="oc-4a5"/>
      </symbol>
      <symbol id="sm-5c9">
         <name>__mspabi_srai_8</name>
         <value>0xf35c</value>
         <object_component_ref idref="oc-4a5"/>
      </symbol>
      <symbol id="sm-5ca">
         <name>__mspabi_srai_9</name>
         <value>0xf35a</value>
         <object_component_ref idref="oc-4a5"/>
      </symbol>
      <symbol id="sm-5cb">
         <name>__mspabi_srai_6</name>
         <value>0xf360</value>
         <object_component_ref idref="oc-4a5"/>
      </symbol>
      <symbol id="sm-5cc">
         <name>__mspabi_srai_7</name>
         <value>0xf35e</value>
         <object_component_ref idref="oc-4a5"/>
      </symbol>
      <symbol id="sm-5cd">
         <name>__mspabi_srai_4</name>
         <value>0xf364</value>
         <object_component_ref idref="oc-4a5"/>
      </symbol>
      <symbol id="sm-5ce">
         <name>__mspabi_srai_5</name>
         <value>0xf362</value>
         <object_component_ref idref="oc-4a5"/>
      </symbol>
      <symbol id="sm-5cf">
         <name>__mspabi_srai_2</name>
         <value>0xf368</value>
         <object_component_ref idref="oc-4a5"/>
      </symbol>
      <symbol id="sm-5d0">
         <name>__mspabi_srai_3</name>
         <value>0xf366</value>
         <object_component_ref idref="oc-4a5"/>
      </symbol>
      <symbol id="sm-5d1">
         <name>__mspabi_srai_1</name>
         <value>0xf36a</value>
         <object_component_ref idref="oc-4a5"/>
      </symbol>
      <symbol id="sm-5d2">
         <name>__mspabi_srai_15</name>
         <value>0xf34e</value>
         <object_component_ref idref="oc-4a5"/>
      </symbol>
      <symbol id="sm-5d3">
         <name>__mspabi_srai_14</name>
         <value>0xf350</value>
         <object_component_ref idref="oc-4a5"/>
      </symbol>
      <symbol id="sm-5d4">
         <name>__mspabi_srai_13</name>
         <value>0xf352</value>
         <object_component_ref idref="oc-4a5"/>
      </symbol>
      <symbol id="sm-5d5">
         <name>__mspabi_srai_12</name>
         <value>0xf354</value>
         <object_component_ref idref="oc-4a5"/>
      </symbol>
      <symbol id="sm-5d6">
         <name>__mspabi_srai_11</name>
         <value>0xf356</value>
         <object_component_ref idref="oc-4a5"/>
      </symbol>
      <symbol id="sm-5d7">
         <name>__mspabi_srai_10</name>
         <value>0xf358</value>
         <object_component_ref idref="oc-4a5"/>
      </symbol>
      <symbol id="sm-5df">
         <name>__mspabi_sral_15</name>
         <value>0xf104</value>
         <object_component_ref idref="oc-48e"/>
      </symbol>
      <symbol id="sm-5e0">
         <name>__mspabi_sral_14</name>
         <value>0xf108</value>
         <object_component_ref idref="oc-48e"/>
      </symbol>
      <symbol id="sm-5e1">
         <name>__mspabi_sral_13</name>
         <value>0xf10c</value>
         <object_component_ref idref="oc-48e"/>
      </symbol>
      <symbol id="sm-5e2">
         <name>__mspabi_sral_12</name>
         <value>0xf110</value>
         <object_component_ref idref="oc-48e"/>
      </symbol>
      <symbol id="sm-5e3">
         <name>__mspabi_sral_11</name>
         <value>0xf114</value>
         <object_component_ref idref="oc-48e"/>
      </symbol>
      <symbol id="sm-5e4">
         <name>__mspabi_sral_10</name>
         <value>0xf118</value>
         <object_component_ref idref="oc-48e"/>
      </symbol>
      <symbol id="sm-5e5">
         <name>__mspabi_sral_8</name>
         <value>0xf120</value>
         <object_component_ref idref="oc-48e"/>
      </symbol>
      <symbol id="sm-5e6">
         <name>__mspabi_sral_9</name>
         <value>0xf11c</value>
         <object_component_ref idref="oc-48e"/>
      </symbol>
      <symbol id="sm-5e7">
         <name>__mspabi_sral_6</name>
         <value>0xf128</value>
         <object_component_ref idref="oc-48e"/>
      </symbol>
      <symbol id="sm-5e8">
         <name>__mspabi_sral_7</name>
         <value>0xf124</value>
         <object_component_ref idref="oc-48e"/>
      </symbol>
      <symbol id="sm-5e9">
         <name>__mspabi_sral_4</name>
         <value>0xf130</value>
         <object_component_ref idref="oc-48e"/>
      </symbol>
      <symbol id="sm-5ea">
         <name>__mspabi_sral_5</name>
         <value>0xf12c</value>
         <object_component_ref idref="oc-48e"/>
      </symbol>
      <symbol id="sm-5eb">
         <name>__mspabi_sral_2</name>
         <value>0xf138</value>
         <object_component_ref idref="oc-48e"/>
      </symbol>
      <symbol id="sm-5ec">
         <name>__mspabi_sral_3</name>
         <value>0xf134</value>
         <object_component_ref idref="oc-48e"/>
      </symbol>
      <symbol id="sm-5ed">
         <name>__mspabi_sral_1</name>
         <value>0xf13c</value>
         <object_component_ref idref="oc-48e"/>
      </symbol>
      <symbol id="sm-5f6">
         <name>_stack</name>
         <value>0x3b0</value>
         <object_component_ref idref="oc-8c"/>
      </symbol>
      <symbol id="sm-5f7">
         <name>_reset_vector</name>
         <value>0xfffe</value>
         <object_component_ref idref="oc-8f"/>
      </symbol>
      <symbol id="sm-602">
         <name>_c_int00_noargs_noexit</name>
         <value>0xf5d2</value>
         <object_component_ref idref="oc-68"/>
      </symbol>
      <symbol id="sm-618">
         <name>__TI_decompress_none</name>
         <value>0xf686</value>
         <object_component_ref idref="oc-31"/>
      </symbol>
      <symbol id="sm-63a">
         <name>__TI_decompress_rle24</name>
         <value>0xf790</value>
         <object_component_ref idref="oc-37"/>
      </symbol>
      <symbol id="sm-64d">
         <name>__TI_zero_init</name>
         <value>0xf65e</value>
         <object_component_ref idref="oc-4a"/>
      </symbol>
      <symbol id="sm-659">
         <name>__mspabi_remi</name>
         <value>0xf36e</value>
         <object_component_ref idref="oc-254"/>
      </symbol>
      <symbol id="sm-65a">
         <name>__mspabi_divi</name>
         <value>0xf36e</value>
         <object_component_ref idref="oc-254"/>
      </symbol>
      <symbol id="sm-664">
         <name>__mspabi_remu</name>
         <value>0xf634</value>
         <object_component_ref idref="oc-350"/>
      </symbol>
      <symbol id="sm-665">
         <name>__mspabi_divu</name>
         <value>0xf634</value>
         <object_component_ref idref="oc-350"/>
      </symbol>
      <symbol id="sm-672">
         <name>__mspabi_remli</name>
         <value>0xf086</value>
         <object_component_ref idref="oc-309"/>
      </symbol>
      <symbol id="sm-673">
         <name>__mspabi_divli</name>
         <value>0xf086</value>
         <object_component_ref idref="oc-309"/>
      </symbol>
      <symbol id="sm-682">
         <name>__mspabi_remul</name>
         <value>0xeb6c</value>
         <object_component_ref idref="oc-3fd"/>
      </symbol>
      <symbol id="sm-683">
         <name>__mspabi_divul</name>
         <value>0xeb6c</value>
         <object_component_ref idref="oc-3fd"/>
      </symbol>
      <symbol id="sm-68c">
         <name>__mspabi_func_epilog_2</name>
         <value>0xf6d8</value>
         <object_component_ref idref="oc-117"/>
      </symbol>
      <symbol id="sm-68d">
         <name>__mspabi_func_epilog_3</name>
         <value>0xf6d6</value>
         <object_component_ref idref="oc-117"/>
      </symbol>
      <symbol id="sm-68e">
         <name>__mspabi_func_epilog_1</name>
         <value>0xf6da</value>
         <object_component_ref idref="oc-117"/>
      </symbol>
      <symbol id="sm-68f">
         <name>__mspabi_func_epilog_6</name>
         <value>0xf6d0</value>
         <object_component_ref idref="oc-117"/>
      </symbol>
      <symbol id="sm-690">
         <name>__mspabi_func_epilog_7</name>
         <value>0xf6ce</value>
         <object_component_ref idref="oc-117"/>
      </symbol>
      <symbol id="sm-691">
         <name>__mspabi_func_epilog_4</name>
         <value>0xf6d4</value>
         <object_component_ref idref="oc-117"/>
      </symbol>
      <symbol id="sm-692">
         <name>__mspabi_func_epilog_5</name>
         <value>0xf6d2</value>
         <object_component_ref idref="oc-117"/>
      </symbol>
      <symbol id="sm-69d">
         <name>C$$EXIT</name>
         <value>0xf7a0</value>
         <object_component_ref idref="oc-f6"/>
      </symbol>
      <symbol id="sm-69e">
         <name>abort</name>
         <value>0xf7a0</value>
         <object_component_ref idref="oc-f6"/>
      </symbol>
      <symbol id="sm-6b4">
         <name>__mspabi_fltlif</name>
         <value>0xee4c</value>
         <object_component_ref idref="oc-313"/>
      </symbol>
      <symbol id="sm-6cc">
         <name>__mspabi_fixfi</name>
         <value>0xe988</value>
         <object_component_ref idref="oc-318"/>
      </symbol>
      <symbol id="sm-6cf">
         <name>__TI_int00</name>
         <value>0xffe0</value>
         <object_component_ref idref="oc-3d"/>
      </symbol>
      <symbol id="sm-6d2">
         <name>__TI_int02</name>
         <value>0xffe4</value>
         <object_component_ref idref="oc-3e"/>
      </symbol>
      <symbol id="sm-6d5">
         <name>__TI_int03</name>
         <value>0xffe6</value>
         <object_component_ref idref="oc-3f"/>
      </symbol>
      <symbol id="sm-6d8">
         <name>__TI_int09</name>
         <value>0xfff2</value>
         <object_component_ref idref="oc-44"/>
      </symbol>
      <symbol id="sm-6db">
         <name>__TI_int10</name>
         <value>0xfff4</value>
         <object_component_ref idref="oc-45"/>
      </symbol>
      <symbol id="sm-6de">
         <name>__TI_int11</name>
         <value>0xfff6</value>
         <object_component_ref idref="oc-46"/>
      </symbol>
      <symbol id="sm-6e1">
         <name>__TI_int12</name>
         <value>0xfff8</value>
         <object_component_ref idref="oc-47"/>
      </symbol>
      <symbol id="sm-6e4">
         <name>__TI_int13</name>
         <value>0xfffa</value>
         <object_component_ref idref="oc-48"/>
      </symbol>
      <symbol id="sm-6e7">
         <name>__TI_int14</name>
         <value>0xfffc</value>
         <object_component_ref idref="oc-49"/>
      </symbol>
      <symbol id="sm-6ef">
         <name>__TI_ISR_TRAP</name>
         <value>0xf78a</value>
         <object_component_ref idref="oc-aa"/>
      </symbol>
      <symbol id="sm-6f7">
         <name>__mspabi_slli</name>
         <value>0xf39a</value>
         <object_component_ref idref="oc-357"/>
      </symbol>
      <symbol id="sm-6f8">
         <name>__mspabi_slli_9</name>
         <value>0xf3b2</value>
         <object_component_ref idref="oc-357"/>
      </symbol>
      <symbol id="sm-6f9">
         <name>__mspabi_slli_8</name>
         <value>0xf3b4</value>
         <object_component_ref idref="oc-357"/>
      </symbol>
      <symbol id="sm-6fa">
         <name>__mspabi_slli_7</name>
         <value>0xf3b6</value>
         <object_component_ref idref="oc-357"/>
      </symbol>
      <symbol id="sm-6fb">
         <name>__mspabi_slli_6</name>
         <value>0xf3b8</value>
         <object_component_ref idref="oc-357"/>
      </symbol>
      <symbol id="sm-6fc">
         <name>__mspabi_slli_5</name>
         <value>0xf3ba</value>
         <object_component_ref idref="oc-357"/>
      </symbol>
      <symbol id="sm-6fd">
         <name>__mspabi_slli_4</name>
         <value>0xf3bc</value>
         <object_component_ref idref="oc-357"/>
      </symbol>
      <symbol id="sm-6fe">
         <name>__mspabi_slli_3</name>
         <value>0xf3be</value>
         <object_component_ref idref="oc-357"/>
      </symbol>
      <symbol id="sm-6ff">
         <name>__mspabi_slli_2</name>
         <value>0xf3c0</value>
         <object_component_ref idref="oc-357"/>
      </symbol>
      <symbol id="sm-700">
         <name>__mspabi_slli_1</name>
         <value>0xf3c2</value>
         <object_component_ref idref="oc-357"/>
      </symbol>
      <symbol id="sm-701">
         <name>__mspabi_slli_15</name>
         <value>0xf3a6</value>
         <object_component_ref idref="oc-357"/>
      </symbol>
      <symbol id="sm-702">
         <name>__mspabi_slli_14</name>
         <value>0xf3a8</value>
         <object_component_ref idref="oc-357"/>
      </symbol>
      <symbol id="sm-703">
         <name>__mspabi_slli_13</name>
         <value>0xf3aa</value>
         <object_component_ref idref="oc-357"/>
      </symbol>
      <symbol id="sm-704">
         <name>__mspabi_slli_12</name>
         <value>0xf3ac</value>
         <object_component_ref idref="oc-357"/>
      </symbol>
      <symbol id="sm-705">
         <name>__mspabi_slli_11</name>
         <value>0xf3ae</value>
         <object_component_ref idref="oc-357"/>
      </symbol>
      <symbol id="sm-706">
         <name>__mspabi_slli_10</name>
         <value>0xf3b0</value>
         <object_component_ref idref="oc-357"/>
      </symbol>
      <symbol id="sm-70e">
         <name>__mspabi_slll_9</name>
         <value>0xf15a</value>
         <object_component_ref idref="oc-31f"/>
      </symbol>
      <symbol id="sm-70f">
         <name>__mspabi_slll_8</name>
         <value>0xf15e</value>
         <object_component_ref idref="oc-31f"/>
      </symbol>
      <symbol id="sm-710">
         <name>__mspabi_slll_7</name>
         <value>0xf162</value>
         <object_component_ref idref="oc-31f"/>
      </symbol>
      <symbol id="sm-711">
         <name>__mspabi_slll_6</name>
         <value>0xf166</value>
         <object_component_ref idref="oc-31f"/>
      </symbol>
      <symbol id="sm-712">
         <name>__mspabi_slll_5</name>
         <value>0xf16a</value>
         <object_component_ref idref="oc-31f"/>
      </symbol>
      <symbol id="sm-713">
         <name>__mspabi_slll_4</name>
         <value>0xf16e</value>
         <object_component_ref idref="oc-31f"/>
      </symbol>
      <symbol id="sm-714">
         <name>__mspabi_slll_3</name>
         <value>0xf172</value>
         <object_component_ref idref="oc-31f"/>
      </symbol>
      <symbol id="sm-715">
         <name>__mspabi_slll_2</name>
         <value>0xf176</value>
         <object_component_ref idref="oc-31f"/>
      </symbol>
      <symbol id="sm-716">
         <name>__mspabi_slll_1</name>
         <value>0xf17a</value>
         <object_component_ref idref="oc-31f"/>
      </symbol>
      <symbol id="sm-717">
         <name>__mspabi_slll_15</name>
         <value>0xf142</value>
         <object_component_ref idref="oc-31f"/>
      </symbol>
      <symbol id="sm-718">
         <name>__mspabi_slll_14</name>
         <value>0xf146</value>
         <object_component_ref idref="oc-31f"/>
      </symbol>
      <symbol id="sm-719">
         <name>__mspabi_slll_13</name>
         <value>0xf14a</value>
         <object_component_ref idref="oc-31f"/>
      </symbol>
      <symbol id="sm-71a">
         <name>__mspabi_slll_12</name>
         <value>0xf14e</value>
         <object_component_ref idref="oc-31f"/>
      </symbol>
      <symbol id="sm-71b">
         <name>__mspabi_slll_11</name>
         <value>0xf152</value>
         <object_component_ref idref="oc-31f"/>
      </symbol>
      <symbol id="sm-71c">
         <name>__mspabi_slll_10</name>
         <value>0xf156</value>
         <object_component_ref idref="oc-31f"/>
      </symbol>
      <symbol id="sm-724">
         <name>__mspabi_srli_8</name>
         <value>0xee2a</value>
         <object_component_ref idref="oc-365"/>
      </symbol>
      <symbol id="sm-725">
         <name>__mspabi_srli_9</name>
         <value>0xee26</value>
         <object_component_ref idref="oc-365"/>
      </symbol>
      <symbol id="sm-726">
         <name>__mspabi_srli_6</name>
         <value>0xee32</value>
         <object_component_ref idref="oc-365"/>
      </symbol>
      <symbol id="sm-727">
         <name>__mspabi_srli_7</name>
         <value>0xee2e</value>
         <object_component_ref idref="oc-365"/>
      </symbol>
      <symbol id="sm-728">
         <name>__mspabi_srli_4</name>
         <value>0xee3a</value>
         <object_component_ref idref="oc-365"/>
      </symbol>
      <symbol id="sm-729">
         <name>__mspabi_srli_5</name>
         <value>0xee36</value>
         <object_component_ref idref="oc-365"/>
      </symbol>
      <symbol id="sm-72a">
         <name>__mspabi_srli_2</name>
         <value>0xee42</value>
         <object_component_ref idref="oc-365"/>
      </symbol>
      <symbol id="sm-72b">
         <name>__mspabi_srli_3</name>
         <value>0xee3e</value>
         <object_component_ref idref="oc-365"/>
      </symbol>
      <symbol id="sm-72c">
         <name>__mspabi_srli_1</name>
         <value>0xee46</value>
         <object_component_ref idref="oc-365"/>
      </symbol>
      <symbol id="sm-72d">
         <name>__mspabi_srli</name>
         <value>0xee00</value>
         <object_component_ref idref="oc-365"/>
      </symbol>
      <symbol id="sm-72e">
         <name>__mspabi_srli_15</name>
         <value>0xee0e</value>
         <object_component_ref idref="oc-365"/>
      </symbol>
      <symbol id="sm-72f">
         <name>__mspabi_srli_14</name>
         <value>0xee12</value>
         <object_component_ref idref="oc-365"/>
      </symbol>
      <symbol id="sm-730">
         <name>__mspabi_srli_13</name>
         <value>0xee16</value>
         <object_component_ref idref="oc-365"/>
      </symbol>
      <symbol id="sm-731">
         <name>__mspabi_srli_12</name>
         <value>0xee1a</value>
         <object_component_ref idref="oc-365"/>
      </symbol>
      <symbol id="sm-732">
         <name>__mspabi_srli_11</name>
         <value>0xee1e</value>
         <object_component_ref idref="oc-365"/>
      </symbol>
      <symbol id="sm-733">
         <name>__mspabi_srli_10</name>
         <value>0xee22</value>
         <object_component_ref idref="oc-365"/>
      </symbol>
      <symbol id="sm-741">
         <name>memcpy</name>
         <value>0xf6aa</value>
         <object_component_ref idref="oc-90"/>
      </symbol>
      <symbol id="sm-74c">
         <name>__mspabi_mpyi_sw</name>
         <value>0xf672</value>
         <object_component_ref idref="oc-1ea"/>
      </symbol>
      <symbol id="sm-74d">
         <name>__mspabi_mpyi</name>
         <value>0xf672</value>
         <object_component_ref idref="oc-1ea"/>
      </symbol>
      <symbol id="sm-757">
         <name>__mspabi_mpyl_sw</name>
         <value>0xf43e</value>
         <object_component_ref idref="oc-30e"/>
      </symbol>
      <symbol id="sm-758">
         <name>__mspabi_mpyl</name>
         <value>0xf43e</value>
         <object_component_ref idref="oc-30e"/>
      </symbol>
      <symbol id="sm-761">
         <name>_system_pre_init</name>
         <value>0xf79c</value>
         <object_component_ref idref="oc-ce"/>
      </symbol>
      <symbol id="sm-77b">
         <name>_auto_init</name>
         <value>0xeb14</value>
         <object_component_ref idref="oc-d4"/>
      </symbol>
      <symbol id="sm-77d">
         <name>__TI_INITARRAY_Base</name>
         <value>0x0</value>
      </symbol>
      <symbol id="sm-77e">
         <name>__TI_INITARRAY_Limit</name>
         <value>0x0</value>
      </symbol>
   </symbol_table>
   <title>Link successful</title>
</link_info>
