******************************************************************************
                  MSP430 Linker Unix v4.4.3                    
******************************************************************************
>> Linked Mon Apr 20 14:38:27 2015

OUTPUT FILE NAME:   <TIRTOSkernelExamplesMinimal.out>
ENTRY POINT SYMBOL: "_c_int00"  address: 00004400


MEMORY CONFIGURATION

         name            origin    length      used     unused   attr    fill
----------------------  --------  ---------  --------  --------  ----  --------
  SFR                   00000000   00000010  00000000  00000010  RWIX
  PERIPHERALS_8BIT      00000010   000000f0  00000000  000000f0  RWIX
  PERIPHERALS_16BIT     00000100   00000100  00000000  00000100  RWIX
  INFOD                 00001800   00000080  00000000  00000080  RWIX
  INFOC                 00001880   00000080  00000000  00000080  RWIX
  INFOB                 00001900   00000080  00000000  00000080  RWIX
  INFOA                 00001980   00000080  00000000  00000080  RWIX
  USBRAM                00001c00   00000800  00000000  00000800  RWIX
  RAM                   00002400   00002000  00000bf0  00001410  RWIX
  FLASH                 00004400   0000bb80  00000859  0000b327  RWIX
  INT00                 0000ff80   00000002  00000000  00000002  RWIX
  INT01                 0000ff82   00000002  00000000  00000002  RWIX
  INT02                 0000ff84   00000002  00000000  00000002  RWIX
  INT03                 0000ff86   00000002  00000000  00000002  RWIX
  INT04                 0000ff88   00000002  00000000  00000002  RWIX
  INT05                 0000ff8a   00000002  00000000  00000002  RWIX
  INT06                 0000ff8c   00000002  00000000  00000002  RWIX
  INT07                 0000ff8e   00000002  00000000  00000002  RWIX
  INT08                 0000ff90   00000002  00000000  00000002  RWIX
  INT09                 0000ff92   00000002  00000000  00000002  RWIX
  INT10                 0000ff94   00000002  00000000  00000002  RWIX
  INT11                 0000ff96   00000002  00000000  00000002  RWIX
  INT12                 0000ff98   00000002  00000000  00000002  RWIX
  INT13                 0000ff9a   00000002  00000000  00000002  RWIX
  INT14                 0000ff9c   00000002  00000000  00000002  RWIX
  INT15                 0000ff9e   00000002  00000000  00000002  RWIX
  INT16                 0000ffa0   00000002  00000000  00000002  RWIX
  INT17                 0000ffa2   00000002  00000000  00000002  RWIX
  INT18                 0000ffa4   00000002  00000000  00000002  RWIX
  INT19                 0000ffa6   00000002  00000000  00000002  RWIX
  INT20                 0000ffa8   00000002  00000000  00000002  RWIX
  INT21                 0000ffaa   00000002  00000000  00000002  RWIX
  INT22                 0000ffac   00000002  00000000  00000002  RWIX
  INT23                 0000ffae   00000002  00000000  00000002  RWIX
  INT24                 0000ffb0   00000002  00000000  00000002  RWIX
  INT25                 0000ffb2   00000002  00000000  00000002  RWIX
  INT26                 0000ffb4   00000002  00000000  00000002  RWIX
  INT27                 0000ffb6   00000002  00000000  00000002  RWIX
  INT28                 0000ffb8   00000002  00000000  00000002  RWIX
  INT29                 0000ffba   00000002  00000000  00000002  RWIX
  INT30                 0000ffbc   00000002  00000000  00000002  RWIX
  INT31                 0000ffbe   00000002  00000000  00000002  RWIX
  INT32                 0000ffc0   00000002  00000000  00000002  RWIX
  INT33                 0000ffc2   00000002  00000000  00000002  RWIX
  INT34                 0000ffc4   00000002  00000000  00000002  RWIX
  INT35                 0000ffc6   00000002  00000000  00000002  RWIX
  INT36                 0000ffc8   00000002  00000000  00000002  RWIX
  INT37                 0000ffca   00000002  00000000  00000002  RWIX
  INT38                 0000ffcc   00000002  00000000  00000002  RWIX
  INT39                 0000ffce   00000002  00000000  00000002  RWIX
  INT40                 0000ffd0   00000002  00000000  00000002  RWIX
  INT41                 0000ffd2   00000002  00000002  00000000  RWIX
  INT42                 0000ffd4   00000002  00000002  00000000  RWIX
  INT43                 0000ffd6   00000002  00000002  00000000  RWIX
  INT44                 0000ffd8   00000002  00000002  00000000  RWIX
  INT45                 0000ffda   00000002  00000002  00000000  RWIX
  INT46                 0000ffdc   00000002  00000002  00000000  RWIX
  INT47                 0000ffde   00000002  00000002  00000000  RWIX
  INT48                 0000ffe0   00000002  00000002  00000000  RWIX
  INT49                 0000ffe2   00000002  00000002  00000000  RWIX
  INT50                 0000ffe4   00000002  00000002  00000000  RWIX
  INT51                 0000ffe6   00000002  00000002  00000000  RWIX
  INT52                 0000ffe8   00000002  00000002  00000000  RWIX
  INT53                 0000ffea   00000002  00000002  00000000  RWIX
  INT54                 0000ffec   00000002  00000002  00000000  RWIX
  INT55                 0000ffee   00000002  00000002  00000000  RWIX
  INT56                 0000fff0   00000002  00000002  00000000  RWIX
  INT57                 0000fff2   00000002  00000002  00000000  RWIX
  INT58                 0000fff4   00000002  00000002  00000000  RWIX
  INT59                 0000fff6   00000002  00000002  00000000  RWIX
  INT60                 0000fff8   00000002  00000002  00000000  RWIX
  INT61                 0000fffa   00000002  00000002  00000000  RWIX
  INT62                 0000fffc   00000002  00000002  00000000  RWIX
  RESET                 0000fffe   00000002  00000002  00000000  RWIX
  FLASH2                00010000   00014400  00004af6  0000f90a  RWIX


SECTION ALLOCATION MAP

 output                                  attributes/
section   page    origin      length       input sections
--------  ----  ----------  ----------   ----------------
.bss       0    00002400    00000510     UNINITIALIZED
                  00002400    00000400     app_pe430X.oe430X (.bss:taskStackSection)
                  00002800    00000080     (.common:xdc_runtime_LoggerBuf_Instance_State_0_entryArr__A)
                  00002880    00000080     (.common:xdc_runtime_SysMin_Module_State_0_outbuf__A)
                  00002900    00000008     (.common:parmbuf)
                  00002908    00000004     (.common:_cleanup_ptr)
                  0000290c    00000004     (.common:_dtors_ptr)

.data      0    00002910    000003c0     UNINITIALIZED
                  00002910    00000148     app_pe430X.oe430X (.data)
                  00002a58    00000080     app_pe430X.oe430X (.data:ti_sysbios_knl_Swi_Module_State_0_readyQ__A)
                  00002ad8    00000080     app_pe430X.oe430X (.data:ti_sysbios_knl_Task_Module_State_0_readyQ__A)
                  00002b58    0000007c     app_pe430X.oe430X (.data:ti_sysbios_knl_Task_Object__table__V)
                  00002bd4    00000036     app_pe430X.oe430X (.data:ti_sysbios_family_msp430_Timer_Object__table__V)
                  00002c0a    00000026     app_pe430X.oe430X (.data:ti_sysbios_knl_Swi_Object__table__V)
                  00002c30    00000024     app_pe430X.oe430X (.data:xdc_runtime_LoggerBuf_Object__table__V)
                  00002c54    0000001a     app_pe430X.oe430X (.data:ti_sysbios_gates_GateMutex_Object__table__V)
                  00002c6e    00000018     app_pe430X.oe430X (.data:ti_sysbios_family_msp430_Timer_Module_State_0_device__A)
                  00002c86    00000010     app_pe430X.oe430X (.data:ti_sysbios_family_msp430_Timer_Module_State_0_handles__A)
                  00002c96    00000010     app_pe430X.oe430X (.data:xdc_runtime_System_Module_State_0_atexitHandlers__A)
                  00002ca6    0000000e     app_pe430X.oe430X (.data:ti_sysbios_family_msp430_Hwi_Object__table__V)
                  00002cb4    0000000c     app_pe430X.oe430X (.data:xdc_runtime_HeapStd_Object__table__V)
                  00002cc0    00000004     rts430x_lc_rd_eabi.lib : _lock.obj (.data:_lock)
                  00002cc4    00000004                            : _lock.obj (.data:_unlock)
                  00002cc8    00000004     app_pe430X.oe430X (.data:ti_sysbios_gates_GateHwi_Object__table__V)
                  00002ccc    00000004     app_pe430X.oe430X (.data:ti_sysbios_knl_Task_Module_State_0_idleTask__A)

.cio       0    00002cd0    00000120     UNINITIALIZED
                  00002cd0    00000120     rts430x_lc_rd_eabi.lib : trgmsg.obj (.cio)

.stack     0    00004200    00000200     UNINITIALIZED
                  00004200    00000004     boot.ae430X : boot.oe430X (.stack)
                  00004204    000001fc     --HOLE--

.text:_isr 
*          0    00004400    0000006e     
                  00004400    00000024     boot.ae430X : boot.oe430X (.text:_isr:_c_int00)
                  00004424    00000020     sysbios.ae430X : BIOS.obj (.text:_isr:ti_sysbios_family_msp430_Hwi53)
                  00004444    00000002                    : BIOS.obj (.text:_isr:ti_sysbios_family_msp430_Hwi41)
                  00004446    00000002                    : BIOS.obj (.text:_isr:ti_sysbios_family_msp430_Hwi42)
                  00004448    00000002                    : BIOS.obj (.text:_isr:ti_sysbios_family_msp430_Hwi43)
                  0000444a    00000002                    : BIOS.obj (.text:_isr:ti_sysbios_family_msp430_Hwi44)
                  0000444c    00000002                    : BIOS.obj (.text:_isr:ti_sysbios_family_msp430_Hwi45)
                  0000444e    00000002                    : BIOS.obj (.text:_isr:ti_sysbios_family_msp430_Hwi46)
                  00004450    00000002                    : BIOS.obj (.text:_isr:ti_sysbios_family_msp430_Hwi47)
                  00004452    00000002                    : BIOS.obj (.text:_isr:ti_sysbios_family_msp430_Hwi48)
                  00004454    00000002                    : BIOS.obj (.text:_isr:ti_sysbios_family_msp430_Hwi49)
                  00004456    00000002                    : BIOS.obj (.text:_isr:ti_sysbios_family_msp430_Hwi50)
                  00004458    00000002                    : BIOS.obj (.text:_isr:ti_sysbios_family_msp430_Hwi51)
                  0000445a    00000002                    : BIOS.obj (.text:_isr:ti_sysbios_family_msp430_Hwi52)
                  0000445c    00000002                    : BIOS.obj (.text:_isr:ti_sysbios_family_msp430_Hwi54)
                  0000445e    00000002                    : BIOS.obj (.text:_isr:ti_sysbios_family_msp430_Hwi55)
                  00004460    00000002                    : BIOS.obj (.text:_isr:ti_sysbios_family_msp430_Hwi56)
                  00004462    00000002                    : BIOS.obj (.text:_isr:ti_sysbios_family_msp430_Hwi57)
                  00004464    00000002                    : BIOS.obj (.text:_isr:ti_sysbios_family_msp430_Hwi58)
                  00004466    00000002                    : BIOS.obj (.text:_isr:ti_sysbios_family_msp430_Hwi59)
                  00004468    00000002                    : BIOS.obj (.text:_isr:ti_sysbios_family_msp430_Hwi60)
                  0000446a    00000002                    : BIOS.obj (.text:_isr:ti_sysbios_family_msp430_Hwi61)
                  0000446c    00000002                    : BIOS.obj (.text:_isr:ti_sysbios_family_msp430_Hwi62)

.const     0    0000446e    000004eb     
                  0000446e    00000058     ti.targets.msp430.rts430.ae430X : Error.oe430X (.const:.string)
                  000044c6    00000046     app_pe430X.oe430X (.const:.string)
                  0000450c    00000044     ti.targets.msp430.rts430.ae430X : Text.oe430X (.const:.string)
                  00004550    0000003a     app_pe430X.oe430X (.const:xdc_runtime_LoggerBuf_Module__FXNS__C)
                  0000458a    00000030     main.obj (.const:.string)
                  000045ba    0000002a     ti.targets.msp430.rts430.ae430X : Startup.oe430X (.const:.string)
                  000045e4    00000028     app_pe430X.oe430X (.const:xdc_runtime_Startup_sfxnTab__A)
                  0000460c    00000026     app_pe430X.oe430X (.const:xdc_runtime_HeapStd_Module__FXNS__C)
                  00004632    00000022     app_pe430X.oe430X (.const:ti_sysbios_gates_GateHwi_Module__FXNS__C)
                  00004654    00000022     app_pe430X.oe430X (.const:ti_sysbios_gates_GateMutex_Module__FXNS__C)
                  00004676    00000020     sysbios.ae430X : BIOS.obj (.const:IntrinsicsSupport_maxbitTable)
                  00004696    0000001e     app_pe430X.oe430X (.const:xdc_runtime_LoggerBuf_Object__PARAMS__C)
                  000046b4    0000001c     app_pe430X.oe430X (.const:ti_sysbios_knl_Semaphore_Object__PARAMS__C)
                  000046d0    00000018     app_pe430X.oe430X (.const:ti_sysbios_gates_GateHwi_Object__DESC__C)
                  000046e8    00000018     app_pe430X.oe430X (.const:ti_sysbios_gates_GateMutex_Object__DESC__C)
                  00004700    00000018     app_pe430X.oe430X (.const:ti_sysbios_knl_Queue_Object__DESC__C)
                  00004718    00000018     app_pe430X.oe430X (.const:ti_sysbios_knl_Semaphore_Object__DESC__C)
                  00004730    00000018     app_pe430X.oe430X (.const:xdc_runtime_HeapStd_Object__DESC__C)
                  00004748    00000018     app_pe430X.oe430X (.const:xdc_runtime_HeapStd_Object__PARAMS__C)
                  00004760    00000018     app_pe430X.oe430X (.const:xdc_runtime_LoggerBuf_Object__DESC__C)
                  00004778    00000014     app_pe430X.oe430X (.const:ti_sysbios_gates_GateHwi_Object__PARAMS__C)
                  0000478c    00000014     app_pe430X.oe430X (.const:ti_sysbios_gates_GateMutex_Object__PARAMS__C)
                  000047a0    00000014     app_pe430X.oe430X (.const:ti_sysbios_knl_Queue_Object__PARAMS__C)
                  000047b4    00000014     app_pe430X.oe430X (.const:xdc_runtime_Startup_sfxnRts__A)
                  000047c8    00000011     ti.targets.msp430.rts430.ae430X : System.oe430X (.const:.string:digtohex)
                  000047d9    00000001     --HOLE-- [fill = 0]
                  000047da    00000008                                     : System.oe430X (.const:.string)
                  000047e2    00000006                                     : Assert.oe430X (.const:.string)
                  000047e8    00000006     app_pe430X.oe430X (.const:ti_sysbios_family_msp430_Hwi_hooks__C)
                  000047ee    00000006     app_pe430X.oe430X (.const:ti_sysbios_knl_Idle_funcList__C)
                  000047f4    00000006     app_pe430X.oe430X (.const:xdc_runtime_Startup_firstFxns__C)
                  000047fa    00000006     app_pe430X.oe430X (.const:xdc_runtime_Startup_lastFxns__C)
                  00004800    00000004     app_pe430X.oe430X (.const:ti_sysbios_family_msp430_TimestampProvider_Module__diagsEnabled__C)
                  00004804    00000004     app_pe430X.oe430X (.const:ti_sysbios_family_msp430_TimestampProvider_Module__diagsIncluded__C)
                  00004808    00000004     app_pe430X.oe430X (.const:ti_sysbios_family_msp430_TimestampProvider_Module__diagsMask__C)
                  0000480c    00000004     app_pe430X.oe430X (.const:ti_sysbios_gates_GateMutex_A_badContext__C)
                  00004810    00000004     app_pe430X.oe430X (.const:ti_sysbios_gates_GateMutex_Module__diagsEnabled__C)
                  00004814    00000004     app_pe430X.oe430X (.const:ti_sysbios_gates_GateMutex_Module__diagsIncluded__C)
                  00004818    00000004     app_pe430X.oe430X (.const:ti_sysbios_gates_GateMutex_Module__diagsMask__C)
                  0000481c    00000004     app_pe430X.oe430X (.const:ti_sysbios_hal_Hwi_E_stackOverflow__C)
                  00004820    00000004     app_pe430X.oe430X (.const:ti_sysbios_knl_Idle_funcList__A)
                  00004824    00000004     app_pe430X.oe430X (.const:ti_sysbios_knl_Semaphore_A_badContext__C)
                  00004828    00000004     app_pe430X.oe430X (.const:ti_sysbios_knl_Semaphore_A_noEvents__C)
                  0000482c    00000004     app_pe430X.oe430X (.const:ti_sysbios_knl_Semaphore_A_overflow__C)
                  00004830    00000004     app_pe430X.oe430X (.const:ti_sysbios_knl_Semaphore_A_pendTaskDisabled__C)
                  00004834    00000004     app_pe430X.oe430X (.const:ti_sysbios_knl_Semaphore_Module__diagsEnabled__C)
                  00004838    00000004     app_pe430X.oe430X (.const:ti_sysbios_knl_Semaphore_Module__diagsIncluded__C)
                  0000483c    00000004     app_pe430X.oe430X (.const:ti_sysbios_knl_Semaphore_Module__diagsMask__C)
                  00004840    00000004     app_pe430X.oe430X (.const:ti_sysbios_knl_Task_A_badTimeout__C)
                  00004844    00000004     app_pe430X.oe430X (.const:ti_sysbios_knl_Task_A_sleepTaskDisabled__C)
                  00004848    00000004     app_pe430X.oe430X (.const:ti_sysbios_knl_Task_E_spOutOfBounds__C)
                  0000484c    00000004     app_pe430X.oe430X (.const:ti_sysbios_knl_Task_E_stackOverflow__C)
                  00004850    00000004     app_pe430X.oe430X (.const:ti_sysbios_knl_Task_Module__diagsEnabled__C)
                  00004854    00000004     app_pe430X.oe430X (.const:ti_sysbios_knl_Task_Module__diagsIncluded__C)
                  00004858    00000004     app_pe430X.oe430X (.const:ti_sysbios_knl_Task_Module__diagsMask__C)
                  0000485c    00000004     app_pe430X.oe430X (.const:ti_sysbios_knl_Task_allBlockedFunc__C)
                  00004860    00000004     app_pe430X.oe430X (.const:xdc_runtime_Assert_E_assertFailed__C)
                  00004864    00000004     app_pe430X.oe430X (.const:xdc_runtime_Core_A_initializedParams__C)
                  00004868    00000004     app_pe430X.oe430X (.const:xdc_runtime_Core_Module__diagsEnabled__C)
                  0000486c    00000004     app_pe430X.oe430X (.const:xdc_runtime_Core_Module__diagsIncluded__C)
                  00004870    00000004     app_pe430X.oe430X (.const:xdc_runtime_Core_Module__diagsMask__C)
                  00004874    00000004     app_pe430X.oe430X (.const:xdc_runtime_Error_E_memory__C)
                  00004878    00000004     app_pe430X.oe430X (.const:xdc_runtime_Error_Module__diagsEnabled__C)
                  0000487c    00000004     app_pe430X.oe430X (.const:xdc_runtime_Error_Module__diagsIncluded__C)
                  00004880    00000004     app_pe430X.oe430X (.const:xdc_runtime_Error_Module__diagsMask__C)
                  00004884    00000004     app_pe430X.oe430X (.const:xdc_runtime_Error_Module__loggerFxn8__C)
                  00004888    00000004     app_pe430X.oe430X (.const:xdc_runtime_Error_Module__loggerObj__C)
                  0000488c    00000004     app_pe430X.oe430X (.const:xdc_runtime_Error_policyFxn__C)
                  00004890    00000004     app_pe430X.oe430X (.const:xdc_runtime_Error_raiseHook__C)
                  00004894    00000004     app_pe430X.oe430X (.const:xdc_runtime_HeapStd_A_align__C)
                  00004898    00000004     app_pe430X.oe430X (.const:xdc_runtime_HeapStd_A_invalidTotalFreeSize__C)
                  0000489c    00000004     app_pe430X.oe430X (.const:xdc_runtime_HeapStd_A_zeroSize__C)
                  000048a0    00000004     app_pe430X.oe430X (.const:xdc_runtime_HeapStd_E_noRTSMemory__C)
                  000048a4    00000004     app_pe430X.oe430X (.const:xdc_runtime_HeapStd_Module__diagsEnabled__C)
                  000048a8    00000004     app_pe430X.oe430X (.const:xdc_runtime_HeapStd_Module__diagsIncluded__C)
                  000048ac    00000004     app_pe430X.oe430X (.const:xdc_runtime_HeapStd_Module__diagsMask__C)
                  000048b0    00000004     app_pe430X.oe430X (.const:xdc_runtime_IFilterLogger_Interface__BASE__C)
                  000048b4    00000004     app_pe430X.oe430X (.const:xdc_runtime_IGateProvider_Interface__BASE__C)
                  000048b8    00000004     app_pe430X.oe430X (.const:xdc_runtime_IHeap_Interface__BASE__C)
                  000048bc    00000004     app_pe430X.oe430X (.const:xdc_runtime_ILogger_Interface__BASE__C)
                  000048c0    00000004     app_pe430X.oe430X (.const:xdc_runtime_IModule_Interface__BASE__C)
                  000048c4    00000004     app_pe430X.oe430X (.const:xdc_runtime_Log_L_error__C)
                  000048c8    00000004     app_pe430X.oe430X (.const:xdc_runtime_LoggerBuf_E_badLevel__C)
                  000048cc    00000004     app_pe430X.oe430X (.const:xdc_runtime_LoggerBuf_Module__gateObj__C)
                  000048d0    00000004     app_pe430X.oe430X (.const:xdc_runtime_LoggerBuf_statusLogger__C)
                  000048d4    00000004     app_pe430X.oe430X (.const:xdc_runtime_Memory_defaultHeapInstance__C)
                  000048d8    00000004     app_pe430X.oe430X (.const:xdc_runtime_Startup_execImpl__C)
                  000048dc    00000004     app_pe430X.oe430X (.const:xdc_runtime_Startup_firstFxns__A)
                  000048e0    00000004     app_pe430X.oe430X (.const:xdc_runtime_Startup_sfxnRts__C)
                  000048e4    00000004     app_pe430X.oe430X (.const:xdc_runtime_Startup_sfxnTab__C)
                  000048e8    00000004     app_pe430X.oe430X (.const:xdc_runtime_SysMin_outputFunc__C)
                  000048ec    00000004     app_pe430X.oe430X (.const:xdc_runtime_System_Module__gateObj__C)
                  000048f0    00000004     app_pe430X.oe430X (.const:xdc_runtime_System_abortFxn__C)
                  000048f4    00000004     app_pe430X.oe430X (.const:xdc_runtime_System_exitFxn__C)
                  000048f8    00000004     app_pe430X.oe430X (.const:xdc_runtime_System_extendFxn__C)
                  000048fc    00000004     app_pe430X.oe430X (.const:xdc_runtime_Text_charTab__C)
                  00004900    00000004     app_pe430X.oe430X (.const:xdc_runtime_Text_nameEmpty__C)
                  00004904    00000004     app_pe430X.oe430X (.const:xdc_runtime_Text_nameStatic__C)
                  00004908    00000004     app_pe430X.oe430X (.const:xdc_runtime_Text_nameUnknown__C)
                  0000490c    00000004     app_pe430X.oe430X (.const:xdc_runtime_Text_nodeTab__A)
                  00004910    00000004     app_pe430X.oe430X (.const:xdc_runtime_Text_visitRopeFxn__C)
                  00004914    00000002     app_pe430X.oe430X (.const:ti_sysbios_family_msp430_Hwi_Object__count__C)
                  00004916    00000002     app_pe430X.oe430X (.const:ti_sysbios_family_msp430_Timer_numTimerDevices__C)
                  00004918    00000002     app_pe430X.oe430X (.const:ti_sysbios_family_msp430_Timer_startupNeeded__C)
                  0000491a    00000002     app_pe430X.oe430X (.const:ti_sysbios_family_msp430_TimestampProvider_Module__id__C)
                  0000491c    00000002     app_pe430X.oe430X (.const:ti_sysbios_family_msp430_TimestampProvider_useClockTimer__C)
                  0000491e    00000002     app_pe430X.oe430X (.const:ti_sysbios_gates_GateMutex_Instance_State_sem__O)
                  00004920    00000002     app_pe430X.oe430X (.const:ti_sysbios_gates_GateMutex_Module__id__C)
                  00004922    00000002     app_pe430X.oe430X (.const:ti_sysbios_hal_Hwi_Module__id__C)
                  00004924    00000002     app_pe430X.oe430X (.const:ti_sysbios_knl_Clock_Module_State_clockQ__O)
                  00004926    00000002     app_pe430X.oe430X (.const:ti_sysbios_knl_Semaphore_Instance_State_pendQ__O)
                  00004928    00000002     app_pe430X.oe430X (.const:ti_sysbios_knl_Semaphore_Module__id__C)
                  0000492a    00000002     app_pe430X.oe430X (.const:ti_sysbios_knl_Swi_Object__count__C)
                  0000492c    00000002     app_pe430X.oe430X (.const:ti_sysbios_knl_Task_Module_State_inactiveQ__O)
                  0000492e    00000002     app_pe430X.oe430X (.const:ti_sysbios_knl_Task_Module__id__C)
                  00004930    00000002     app_pe430X.oe430X (.const:ti_sysbios_knl_Task_Object__count__C)
                  00004932    00000002     app_pe430X.oe430X (.const:ti_sysbios_knl_Task_initStackFlag__C)
                  00004934    00000002     app_pe430X.oe430X (.const:ti_sysbios_knl_Task_numConstructedTasks__C)
                  00004936    00000002     app_pe430X.oe430X (.const:xdc_runtime_Core_Module__id__C)
                  00004938    00000002     app_pe430X.oe430X (.const:xdc_runtime_Error_Module__loggerDefined__C)
                  0000493a    00000002     app_pe430X.oe430X (.const:xdc_runtime_Error_maxDepth__C)
                  0000493c    00000002     app_pe430X.oe430X (.const:xdc_runtime_Error_policy__C)
                  0000493e    00000002     app_pe430X.oe430X (.const:xdc_runtime_HeapStd_Module__id__C)
                  00004940    00000002     app_pe430X.oe430X (.const:xdc_runtime_LoggerBuf_Module__id__C)
                  00004942    00000002     app_pe430X.oe430X (.const:xdc_runtime_LoggerBuf_Object__count__C)
                  00004944    00000002     app_pe430X.oe430X (.const:xdc_runtime_LoggerBuf_filterByLevel__C)
                  00004946    00000002     app_pe430X.oe430X (.const:xdc_runtime_Memory_Module__id__C)
                  00004948    00000002     app_pe430X.oe430X (.const:xdc_runtime_Startup_maxPasses__C)
                  0000494a    00000002     app_pe430X.oe430X (.const:xdc_runtime_SysMin_bufSize__C)
                  0000494c    00000002     app_pe430X.oe430X (.const:xdc_runtime_SysMin_flushAtExit__C)
                  0000494e    00000002     app_pe430X.oe430X (.const:xdc_runtime_System_maxAtexitHandlers__C)
                  00004950    00000002     app_pe430X.oe430X (.const:xdc_runtime_Text_charCnt__C)
                  00004952    00000002     app_pe430X.oe430X (.const:xdc_runtime_Text_isLoaded__C)
                  00004954    00000002     app_pe430X.oe430X (.const:xdc_runtime_Text_registryModsLastId__C)
                  00004956    00000002     app_pe430X.oe430X (.const:xdc_runtime_Text_unnamedModsLastId__C)
                  00004958    00000001     app_pe430X.oe430X (.const:xdc_runtime_Text_charTab__A)

.cinit     0    0000495a    00000300     
                  0000495a    000002cf     (.cinit..data.load) [load image, compression = rle]
                  00004c29    00000001     --HOLE-- [fill = 0]
                  00004c2a    0000000c     (__TI_handler_table)
                  00004c36    00000006     (.cinit..bss.load) [load image, compression = zero_init]
                  00004c3c    00000006     (.cinit..cio.load) [load image, compression = zero_init]
                  00004c42    00000018     (__TI_cinit_table)

.init_array 
*          0    00004400    00000000     UNINITIALIZED

RTC        0    0000ffd2    00000002     
                  0000ffd2    00000002     sysbios.ae430X : BIOS.obj (.int41)

PORT2      0    0000ffd4    00000002     
                  0000ffd4    00000002     sysbios.ae430X : BIOS.obj (.int42)

TIMER2_A1 
*          0    0000ffd6    00000002     
                  0000ffd6    00000002     sysbios.ae430X : BIOS.obj (.int43)

TIMER2_A0 
*          0    0000ffd8    00000002     
                  0000ffd8    00000002     sysbios.ae430X : BIOS.obj (.int44)

USCI_B1    0    0000ffda    00000002     
                  0000ffda    00000002     sysbios.ae430X : BIOS.obj (.int45)

USCI_A1    0    0000ffdc    00000002     
                  0000ffdc    00000002     sysbios.ae430X : BIOS.obj (.int46)

PORT1      0    0000ffde    00000002     
                  0000ffde    00000002     sysbios.ae430X : BIOS.obj (.int47)

TIMER1_A1 
*          0    0000ffe0    00000002     
                  0000ffe0    00000002     sysbios.ae430X : BIOS.obj (.int48)

TIMER1_A0 
*          0    0000ffe2    00000002     
                  0000ffe2    00000002     sysbios.ae430X : BIOS.obj (.int49)

DMA        0    0000ffe4    00000002     
                  0000ffe4    00000002     sysbios.ae430X : BIOS.obj (.int50)

USB_UBM    0    0000ffe6    00000002     
                  0000ffe6    00000002     sysbios.ae430X : BIOS.obj (.int51)

TIMER0_A1 
*          0    0000ffe8    00000002     
                  0000ffe8    00000002     sysbios.ae430X : BIOS.obj (.int52)

TIMER0_A0 
*          0    0000ffea    00000002     
                  0000ffea    00000002     sysbios.ae430X : BIOS.obj (.int53)

ADC12      0    0000ffec    00000002     
                  0000ffec    00000002     sysbios.ae430X : BIOS.obj (.int54)

USCI_B0    0    0000ffee    00000002     
                  0000ffee    00000002     sysbios.ae430X : BIOS.obj (.int55)

USCI_A0    0    0000fff0    00000002     
                  0000fff0    00000002     sysbios.ae430X : BIOS.obj (.int56)

WDT        0    0000fff2    00000002     
                  0000fff2    00000002     sysbios.ae430X : BIOS.obj (.int57)

TIMER0_B1 
*          0    0000fff4    00000002     
                  0000fff4    00000002     sysbios.ae430X : BIOS.obj (.int58)

TIMER0_B0 
*          0    0000fff6    00000002     
                  0000fff6    00000002     sysbios.ae430X : BIOS.obj (.int59)

COMP_B     0    0000fff8    00000002     
                  0000fff8    00000002     sysbios.ae430X : BIOS.obj (.int60)

UNMI       0    0000fffa    00000002     
                  0000fffa    00000002     sysbios.ae430X : BIOS.obj (.int61)

SYSNMI     0    0000fffc    00000002     
                  0000fffc    00000002     sysbios.ae430X : BIOS.obj (.int62)

.reset     0    0000fffe    00000002     
                  0000fffe    00000002     boot.ae430X : boot.oe430X (.reset)

xdc.meta   0    00000000    000000fa     COPY SECTION
                  00000000    000000fa     app_pe430X.oe430X (xdc.meta)

xdc.noload 
*          0    00000000    00000000     COPY SECTION

.TI.persistent 
*          0    00002910    00000000     UNINITIALIZED

.text      0    00010000    00004af6     
                  00010000    000004d2     ti.targets.msp430.rts430.ae430X : System.oe430X (.text:xdc_runtime_System_doPrint__I)
                  000104d2    0000045a     sysbios.ae430X : BIOS.obj (.text:ti_sysbios_knl_Semaphore_pend__E)
                  0001092c    000002d2                    : BIOS.obj (.text:ti_sysbios_knl_Task_sleep__E)
                  00010bfe    00000272     ti.targets.msp430.rts430.ae430X : HeapStd.oe430X (.text:xdc_runtime_HeapStd_alloc__E)
                  00010e70    0000022e                                     : LoggerBuf.oe430X (.text:xdc_runtime_LoggerBuf_write8__E)
                  0001109e    000001c8                                     : Core-mem.oe430X (.text:xdc_runtime_Core_createObject__I)
                  00011266    00000190                                     : HeapStd.oe430X (.text:xdc_runtime_HeapStd_Instance_init__E)
                  000113f6    00000188     sysbios.ae430X : BIOS.obj (.text:ti_sysbios_knl_Semaphore_post__E)
                  0001157e    0000016c     ti.targets.msp430.rts430.ae430X : Core-smem.oe430X (.text:xdc_runtime_Core_constructObject__I)
                  000116ea    00000164     app_pe430X.oe430X (.text:xdc_runtime_System_printfExtend__I)
                  0001184e    00000158     ti.targets.msp430.rts430.ae430X : Error.oe430X (.text:xdc_runtime_Error_policyDefault__E)
                  000119a6    00000156                                     : LoggerBuf.oe430X (.text:xdc_runtime_LoggerBuf_write4__E)
                  00011afc    00000148     sysbios.ae430X : BIOS.obj (.text:ti_sysbios_gates_GateMutex_enter__E)
                  00011c44    00000146     ti.targets.msp430.rts430.ae430X : HeapStd.oe430X (.text:xdc_runtime_HeapStd_free__E)
                  00011d8a    00000136     sysbios.ae430X : BIOS.obj (.text:ti_sysbios_knl_Task_checkStacks__E)
                  00011ec0    00000132                    : BIOS.obj (.text:ti_sysbios_knl_Semaphore_Instance_init__E)
                  00011ff2    000000ec                    : BIOS.obj (.text:ti_sysbios_knl_Swi_restoreHwi__E)
                  000120de    000000dc                    : BIOS.obj (.text:ti_sysbios_knl_Swi_runLoop__I)
                  000121ba    000000cc                    : BIOS.obj (.text:ti_sysbios_knl_Task_startCore__E)
                  00012286    000000c0     ti.targets.msp430.rts430.ae430X : Startup.oe430X (.text:xdc_runtime_Startup_startMods__I)
                  00012346    000000b8     sysbios.ae430X : BIOS.obj (.text:ti_sysbios_knl_Task_schedule__I)
                  000123fe    000000b8     ti.targets.msp430.rts430.ae430X : Text.oe430X (.text:xdc_runtime_Text_putSite__E)
                  000124b6    000000b4     sysbios.ae430X : BIOS.obj (.text:ti_sysbios_knl_Swi_schedule__I)
                  0001256a    000000b0                    : BIOS.obj (.text:ti_sysbios_knl_Swi_run__I)
                  0001261a    000000ae     ti.targets.msp430.rts430.ae430X : LoggerBuf.oe430X (.text:xdc_runtime_LoggerBuf_setFilterLevel__E)
                  000126c8    000000a8     sysbios.ae430X : BIOS.obj (.text:ti_sysbios_knl_Task_postInit__I)
                  00012770    0000009e                    : BIOS.obj (.text:ti_sysbios_knl_Clock_workFunc__E)
                  0001280e    0000009c     ti.targets.msp430.rts430.ae430X : LoggerBuf.oe430X (.text:xdc_runtime_LoggerBuf_getFilterLevel__E)
                  000128aa    00000096                                     : System.oe430X (.text:xdc_runtime_System_formatNum__I)
                  00012940    00000092                                     : Error.oe430X (.text:xdc_runtime_Error_print__E)
                  000129d2    0000008a     sysbios.ae430X : BIOS.obj (.text:ti_sysbios_family_msp430_Timer_getExpiredCounts__E)
                  00012a5c    0000008a                    : BIOS.obj (.text:ti_sysbios_family_msp430_TimestampProvider_Module_startup__E)
                  00012ae6    00000086     ti.targets.msp430.rts430.ae430X : Text.oe430X (.text:xdc_runtime_Text_putMod__E)
                  00012b6c    00000084     sysbios.ae430X : BIOS.obj (.text:ti_sysbios_family_msp430_Hwi_Module_startup__E)
                  00012bf0    00000082     ti.targets.msp430.rts430.ae430X : Text.oe430X (.text:xdc_runtime_Text_putLab__E)
                  00012c72    00000080     sysbios.ae430X : BIOS.obj (.text:ti_sysbios_family_msp430_TimestampProvider_get32__E)
                  00012cf2    00000080     ti.targets.msp430.rts430.ae430X : Memory.oe430X (.text:xdc_runtime_Memory_alloc__E)
                  00012d72    00000078     boot.ae430X : autoinit.oe430X (.text:_auto_init_hold_wdt)
                  00012dea    00000078     sysbios.ae430X : msp430_TaskSupport_asm.obj (.text:_ti_sysbios_family_msp430_TaskSupport_buildTaskStack)
                  00012e62    00000078     ti.targets.msp430.rts430.ae430X : Error.oe430X (.text:xdc_runtime_Error_setX__E)
                  00012eda    00000076                                     : Core-mem.oe430X (.text:xdc_runtime_Core_deleteObject__I)
                  00012f50    00000072     sysbios.ae430X : BIOS.obj (.text:ti_sysbios_family_msp430_Timer_periodicStub__E)
                  00012fc2    0000006e     app_pe430X.oe430X (.text:xdc_runtime_LoggerBuf_Object__create__S)
                  00013030    0000006c     app_pe430X.oe430X (.text:xdc_runtime_HeapStd_Object__create__S)
                  0001309c    0000006a     rts430x_lc_rd_eabi.lib : trgdrv.obj (.text:HOSTwrite)
                  00013106    00000068                            : copy_decompress_rle.obj (.text:__TI_decompress_rle_core)
                  0001316e    00000068     sysbios.ae430X : BIOS.obj (.text:ti_sysbios_family_msp430_TaskSupport_start__E)
                  000131d6    00000068                    : BIOS.obj (.text:ti_sysbios_knl_Swi_post__E)
                  0001323e    00000068     ti.targets.msp430.rts430.ae430X : Assert.oe430X (.text:xdc_runtime_Assert_raise__I)
                  000132a6    00000066     sysbios.ae430X : BIOS.obj (.text:ti_sysbios_knl_Task_Module_startup__E)
                  0001330c    00000064                    : BIOS.obj (.text:ti_sysbios_family_msp430_Hwi_postInit__I)
                  00013370    00000064     ti.targets.msp430.rts430.ae430X : SysMin.oe430X (.text:xdc_runtime_SysMin_flush__E)
                  000133d4    0000005e     sysbios.ae430X : BIOS.obj (.text:ti_sysbios_family_msp430_Timer_setNextTick__E)
                  00013432    00000058     rts430x_lc_rd_eabi.lib : div32u.obj (.text)
                  0001348a    00000058     ti.targets.msp430.rts430.ae430X : LoggerBuf.oe430X (.text:xdc_runtime_LoggerBuf_Instance_init__E)
                  000134e2    00000056     sysbios.ae430X : BIOS.obj (.text:ti_sysbios_family_msp430_Hwi_getStackInfo__E)
                  00013538    00000056                    : BIOS.obj (.text:ti_sysbios_knl_Task_blockI__E)
                  0001358e    00000056     ti.targets.msp430.rts430.ae430X : SysMin.oe430X (.text:xdc_runtime_SysMin_putch__E)
                  000135e4    00000054     sysbios.ae430X : BIOS.obj (.text:ti_sysbios_family_msp430_Timer_start__E)
                  00013638    00000054                    : BIOS.obj (.text:ti_sysbios_knl_Task_processVitalTaskFlag__I)
                  0001368c    00000054                    : BIOS.obj (.text:ti_sysbios_knl_Task_unblockI__E)
                  000136e0    00000052                    : BIOS.obj (.text:ti_sysbios_knl_Swi_restore__E)
                  00013732    00000052     ti.targets.msp430.rts430.ae430X : Startup.oe430X (.text:xdc_runtime_Startup_exec__E)
                  00013784    00000050     sysbios.ae430X : BIOS.obj (.text:ti_sysbios_family_msp430_Timer_initDevice__I)
                  000137d4    0000004e                    : BIOS.obj (.text:ti_sysbios_knl_Task_exit__E)
                  00013822    0000004e     ti.targets.msp430.rts430.ae430X : Core-params.oe430X (.text:xdc_runtime_Core_assignParams__I)
                  00013870    0000004c     ti.catalog.msp430.init.ae430X : Boot.oe430X (.text:.bootCodeSection:ti_catalog_msp430_init_Boot_configureDCO)
                  000138bc    0000004a     sysbios.ae430X : BIOS.obj (.text:ti_sysbios_family_msp430_Timer_startup__E)
                  00013906    0000004a                    : BIOS.obj (.text:ti_sysbios_knl_Task_allBlockedFunction__I)
                  00013950    0000004a     ti.targets.msp430.rts430.ae430X : LoggerBuf.oe430X (.text:xdc_runtime_LoggerBuf_filterOutEvent__I)
                  0001399a    00000048     sysbios.ae430X : BIOS.obj (.text:ti_sysbios_hal_Hwi_checkStack)
                  000139e2    00000048                    : BIOS.obj (.text:ti_sysbios_knl_Semaphore_pendTimeout__I)
                  00013a2a    00000046                    : BIOS.obj (.text:ti_sysbios_family_msp430_Timer_Module_startup__E)
                  00013a70    00000042                    : BIOS.obj (.text:ti_sysbios_family_msp430_Timer_getCount__E)
                  00013ab2    00000042     app_pe430X.oe430X (.text:ti_sysbios_gates_GateHwi_Object__create__S)
                  00013af4    00000042     app_pe430X.oe430X (.text:ti_sysbios_gates_GateMutex_Object__create__S)
                  00013b36    00000042     sysbios.ae430X : BIOS.obj (.text:ti_sysbios_knl_Clock_addI__E)
                  00013b78    00000042     ti.targets.msp430.rts430.ae430X : Text.oe430X (.text:xdc_runtime_Text_xprintf__I)
                  00013bba    00000040                                     : Text.oe430X (.text:xdc_runtime_Text_printVisFxn__I)
                  00013bfa    0000003e     app_pe430X.oe430X (.text:ti_sysbios_knl_Semaphore_construct)
                  00013c38    0000003e     ti.targets.msp430.rts430.ae430X : System.oe430X (.text:xdc_runtime_System_atexit__E)
                  00013c76    0000003c     sysbios.ae430X : BIOS.obj (.text:ti_sysbios_hal_Hwi_initStack)
                  00013cb2    0000003c     ti.targets.msp430.rts430.ae430X : System.oe430X (.text:xdc_runtime_System_processAtExit__E)
                  00013cee    0000003a     app_pe430X.oe430X (.text:ti_sysbios_knl_Queue_construct)
                  00013d28    0000003a     ti.targets.msp430.rts430.ae430X : System.oe430X (.text:xdc_runtime_System_putchar__I)
                  00013d62    00000038     sysbios.ae430X : BIOS.obj (.text:ti_sysbios_family_msp430_Hwi53_p2)
                  00013d9a    00000036     rts430x_lc_rd_eabi.lib : trgmsg.obj (.text:__TI_writemsg)
                  00013dd0    00000036     ti.targets.msp430.rts430.ae430X : Error.oe430X (.text:xdc_runtime_Error_raiseX__E)
                  00013e06    00000036                                     : LoggerBuf.oe430X (.text:xdc_runtime_LoggerBuf_write2__E)
                  00013e3c    00000032     rts430x_lc_rd_eabi.lib : trgmsg.obj (.text:__TI_readmsg)
                  00013e6e    00000032     sysbios.ae430X : BIOS.obj (.text:ti_sysbios_family_msp430_Timer_postInit__I)
                  00013ea0    00000032                    : BIOS.obj (.text:ti_sysbios_family_msp430_Timer_stop__E)
                  00013ed2    00000032                    : msp430_Hwi_switch_asm.obj (.text:ti_sysbios_family_xxx_Hwi_switchAndRunFunc)
                  00013f04    00000032     ti.targets.msp430.rts430.ae430X : Core-label.oe430X (.text:xdc_runtime_Core_assignLabel__I)
                  00013f36    00000032                                     : SysMin.oe430X (.text:xdc_runtime_SysMin_abort__E)
                  00013f68    00000032                                     : System.oe430X (.text:xdc_runtime_System_avprintf__E)
                  00013f9a    00000032                                     : System.oe430X (.text:xdc_runtime_System_vprintf__E)
                  00013fcc    00000030     sysbios.ae430X : BIOS.obj (.text:ti_sysbios_knl_Queue_put__E)
                  00013ffc    00000030                    : BIOS.obj (.text:ti_sysbios_knl_Task_restore__E)
                  0001402c    00000030     ti.targets.msp430.rts430.ae430X : LoggerBuf.oe430X (.text:xdc_runtime_LoggerBuf_reset__E)
                  0001405c    0000002e     rts430x_lc_rd_eabi.lib : exit.obj (.text:exit)
                  0001408a    0000002c     main.obj (.text:taskFxn)
                  000140b6    0000002c     app_pe430X.oe430X (.text:ti_sysbios_knl_Clock_doTick__I)
                  000140e2    0000002c     ti.targets.msp430.rts430.ae430X : LoggerBuf.oe430X (.text:xdc_runtime_LoggerBuf_write1__E)
                  0001410e    0000002a     app_pe430X.oe430X (.text:ti_sysbios_BIOS_atExitFunc__I)
                  00014138    0000002a     app_pe430X.oe430X (.text:ti_sysbios_family_msp430_Hwi_Object__get__S)
                  00014162    0000002a     sysbios.ae430X : BIOS.obj (.text:ti_sysbios_knl_Clock_Module_startup__E)
                  0001418c    0000002a     app_pe430X.oe430X (.text:ti_sysbios_knl_Swi_Object__get__S)
                  000141b6    0000002a     app_pe430X.oe430X (.text:ti_sysbios_knl_Task_Object__get__S)
                  000141e0    0000002a     sysbios.ae430X : BIOS.obj (.text:ti_sysbios_knl_Task_sleepTimeout__I)
                  0001420a    0000002a     ti.targets.msp430.rts430.ae430X : LoggerBuf.oe430X (.text:xdc_runtime_LoggerBuf_Module_startup__E)
                  00014234    0000002a     app_pe430X.oe430X (.text:xdc_runtime_LoggerBuf_Object__get__S)
                  0001425e    0000002a     app_pe430X.oe430X (.text:xdc_runtime_SysMin_output__I)
                  00014288    00000028     ti.targets.msp430.rts430.ae430X : Text.oe430X (.text:xdc_runtime_Text_cordText__E)
                  000142b0    00000026     rts430x_lc_rd_eabi.lib : args_main.obj (.text:_args_main)
                  000142d6    00000026     app_pe430X.oe430X (.text:ti_sysbios_BIOS_errorRaiseHook__I)
                  000142fc    00000026     app_pe430X.oe430X (.text:ti_sysbios_gates_GateMutex_Object__delete__S)
                  00014322    00000026     sysbios.ae430X : BIOS.obj (.text:ti_sysbios_knl_Swi_Module_startup__E)
                  00014348    00000026     app_pe430X.oe430X (.text:xdc_runtime_LoggerBuf_Object__delete__S)
                  0001436e    00000026     ti.targets.msp430.rts430.ae430X : LoggerBuf.oe430X (.text:xdc_runtime_LoggerBuf_write0__E)
                  00014394    00000024     rts430x_lc_rd_eabi.lib : copy_zero_init.obj (.text:decompress:ZI:__TI_zero_init)
                  000143b8    00000024     app_pe430X.oe430X (.text:ti_sysbios_BIOS_rtsLock__I)
                  000143dc    00000024     app_pe430X.oe430X (.text:ti_sysbios_gates_GateHwi_Object__delete__S)
                  00014400    00000024     app_pe430X.oe430X (.text:xdc_runtime_HeapStd_Object__delete__S)
                  00014424    00000022     rts430x_lc_rd_eabi.lib : mult32_f5hw.obj (.text)
                  00014446    00000022     sysbios.ae430X : BIOS.obj (.text:ti_sysbios_gates_GateMutex_Instance_init__E)
                  00014468    00000022                    : BIOS.obj (.text:ti_sysbios_gates_GateMutex_leave__E)
                  0001448a    00000022                    : BIOS.obj (.text:ti_sysbios_knl_Clock_startI__E)
                  000144ac    00000022                    : BIOS.obj (.text:ti_sysbios_knl_Idle_run__E)
                  000144ce    00000022                    : BIOS.obj (.text:ti_sysbios_knl_Task_restoreHwi__E)
                  000144f0    00000022     ti.targets.msp430.rts430.ae430X : Memory.oe430X (.text:xdc_runtime_Memory_valloc__E)
                  00014512    00000020                                     : Error.oe430X (.text:xdc_runtime_Error_check__E)
                  00014532    00000020                                     : HeapStd.oe430X (.text:xdc_runtime_HeapStd_getStats__E)
                  00014552    0000001e     app_pe430X.oe430X (.text:ti_sysbios_BIOS_rtsUnlock__I)
                  00014570    0000001e     app_pe430X.oe430X (.text:ti_sysbios_family_msp430_Hwi_Module__startupDone__F)
                  0001458e    0000001e     app_pe430X.oe430X (.text:ti_sysbios_gates_GateHwi_Handle__label__S)
                  000145ac    0000001e     app_pe430X.oe430X (.text:ti_sysbios_gates_GateMutex_Handle__label__S)
                  000145ca    0000001e     sysbios.ae430X : BIOS.obj (.text:ti_sysbios_knl_Task_enter__I)
                  000145e8    0000001e     app_pe430X.oe430X (.text:xdc_runtime_HeapStd_Handle__label__S)
                  00014606    0000001c     sysbios.ae430X : msp430_TaskSupport_asm.obj (.text:_ti_sysbios_family_msp430_TaskSupport_swap__E)
                  00014622    0000001c     main.obj (.text:main)
                  0001463e    0000001c     app_pe430X.oe430X (.text:ti_sysbios_BIOS_startFunc__I)
                  0001465a    0000001c     app_pe430X.oe430X (.text:ti_sysbios_family_msp430_Timer_Module__startupDone__F)
                  00014676    0000001c     sysbios.ae430X : BIOS.obj (.text:ti_sysbios_knl_Task_unblock__E)
                  00014692    0000001c     app_pe430X.oe430X (.text:xdc_runtime_LoggerBuf_Handle__label__S)
                  000146ae    0000001c     ti.targets.msp430.rts430.ae430X : LoggerBuf.oe430X (.text:xdc_runtime_LoggerBuf_Instance_finalize__E)
                  000146ca    0000001c                                     : Registry.oe430X (.text:xdc_runtime_Registry_findById__E)
                  000146e6    0000001c                                     : SysMin.oe430X (.text:xdc_runtime_SysMin_Module_startup__E)
                  00014702    0000001a     app_pe430X.oe430X (.text:ti_sysbios_BIOS_exitFunc__I)
                  0001471c    0000001a     app_pe430X.oe430X (.text:ti_sysbios_BIOS_registerRTSLock__I)
                  00014736    0000001a     app_pe430X.oe430X (.text:ti_sysbios_BIOS_removeRTSLock__I)
                  00014750    0000001a     sysbios.ae430X : BIOS.obj (.text:ti_sysbios_family_msp430_TimestampProvider_get64__E)
                  0001476a    0000001a     app_pe430X.oe430X (.text:ti_sysbios_knl_Semaphore_Object__destruct__S)
                  00014784    0000001a     ti.targets.msp430.rts430.ae430X : System.oe430X (.text:xdc_runtime_System_vsnprintf__E)
                  0001479e    00000018     sysbios.ae430X : BIOS.obj (.text:ti_sysbios_BIOS_setThreadType__E)
                  000147b6    00000018     app_pe430X.oe430X (.text:ti_sysbios_knl_Queue_Object__destruct__S)
                  000147ce    00000016     rts430x_lc_rd_eabi.lib : memset.obj (.text:memset)
                  000147e4    00000016                            : div16u.obj (.text)
                  000147fa    00000016                            : mult16_f5hw.obj (.text)
                  00014810    00000016     sysbios.ae430X : BIOS.obj (.text:ti_sysbios_knl_Task_enabled__E)
                  00014826    00000016     ti.targets.msp430.rts430.ae430X : SysMin.oe430X (.text:xdc_runtime_SysMin_exit__E)
                  0001483c    00000016                                     : System.oe430X (.text:xdc_runtime_System_abort__E)
                  00014852    00000014     rts430x_lc_rd_eabi.lib : memcpy.obj (.text:memcpy)
                  00014866    00000014     app_pe430X.oe430X (.text:ti_sysbios_knl_Queue_Object__get__S)
                  0001487a    00000014     ti.targets.msp430.rts430.ae430X : Memory.oe430X (.text:xdc_runtime_Memory_calloc__E)
                  0001488e    00000014     app_pe430X.oe430X (.text:xdc_runtime_Startup_exec__I)
                  000148a2    00000014     ti.targets.msp430.rts430.ae430X : Text.oe430X (.text:xdc_runtime_Text_ropeText__E)
                  000148b6    00000012     rts430x_lc_rd_eabi.lib : copy_decompress_none.obj (.text:decompress:none:__TI_decompress_none)
                  000148c8    00000012     sysbios.ae430X : BIOS.obj (.text:ti_sysbios_gates_GateHwi_leave__E)
                  000148da    00000012                    : BIOS.obj (.text:ti_sysbios_gates_GateMutex_Instance_finalize__E)
                  000148ec    00000012                    : BIOS.obj (.text:ti_sysbios_knl_Semaphore_Instance_finalize__E)
                  000148fe    00000012     app_pe430X.oe430X (.text:xdc_runtime_System_aprintf__E)
                  00014910    00000012     ti.targets.msp430.rts430.ae430X : System.oe430X (.text:xdc_runtime_System_exit__E)
                  00014922    00000012     app_pe430X.oe430X (.text:xdc_runtime_System_printf__E)
                  00014934    00000010     sysbios.ae430X : msp430_TaskSupport_asm.obj (.text:_ti_sysbios_family_msp430_TaskSupport_glue)
                  00014944    00000010                    : BIOS.obj (.text:ti_sysbios_family_msp430_TaskSupport_checkStack__E)
                  00014954    00000010                    : BIOS.obj (.text:ti_sysbios_hal_Hwi_Module_startup__E)
                  00014964    00000010     ti.targets.msp430.rts430.ae430X : Error.oe430X (.text:xdc_runtime_Error_init__E)
                  00014974    0000000e     rts430x_lc_rd_eabi.lib : strlen.obj (.text:strlen)
                  00014982    0000000e     sysbios.ae430X : BIOS.obj (.text:ti_sysbios_family_msp430_Timer_getMaxTicks__E)
                  00014990    0000000e                    : BIOS.obj (.text:ti_sysbios_knl_Queue_empty__E)
                  0001499e    0000000e                    : BIOS.obj (.text:ti_sysbios_knl_Swi_disable__E)
                  000149ac    0000000e                    : BIOS.obj (.text:ti_sysbios_knl_Task_disable__E)
                  000149ba    0000000e     ti.targets.msp430.rts430.ae430X : SysMin.oe430X (.text:xdc_runtime_SysMin_ready__E)
                  000149c8    0000000c     app_pe430X.oe430X (.text:.bootCodeSection:ti_catalog_msp430_init_Boot_init)
                  000149d4    0000000c     ti.targets.msp430.rts430.ae430X : Gate.oe430X (.text:xdc_runtime_Gate_leaveSystem__E)
                  000149e0    0000000c                                     : LoggerBuf.oe430X (.text:xdc_runtime_LoggerBuf_disable__E)
                  000149ec    0000000c                                     : LoggerBuf.oe430X (.text:xdc_runtime_LoggerBuf_enable__E)
                  000149f8    0000000c                                     : Memory.oe430X (.text:xdc_runtime_Memory_free__E)
                  00014a04    0000000a     rts430x_lc_rd_eabi.lib : lsl16.obj (.text)
                  00014a0e    0000000a     sysbios.ae430X : BIOS.obj (.text:ti_sysbios_BIOS_start__E)
                  00014a18    0000000a                    : BIOS.obj (.text:ti_sysbios_family_msp430_Hwi_startup__E)
                  00014a22    0000000a                    : BIOS.obj (.text:ti_sysbios_gates_GateHwi_enter__E)
                  00014a2c    0000000a                    : BIOS.obj (.text:ti_sysbios_knl_Queue_Instance_init__E)
                  00014a36    00000008     ti.catalog.msp430.init.ae430X : Boot.oe430X (.text:.bootCodeSection:ti_catalog_msp430_init_Boot_disableWatchdog)
                  00014a3e    00000008     ti.targets.msp430.rts430.ae430X : xdc_init.oe430X (.text:__xdc__init)
                  00014a46    00000008     sysbios.ae430X : BIOS.obj (.text:ti_sysbios_family_msp430_Hwi_switchFromBootStack__E)
                  00014a4e    00000008                    : BIOS.obj (.text:ti_sysbios_family_msp430_Timer_getPeriod__E)
                  00014a56    00000008     ti.targets.msp430.rts430.ae430X : Gate.oe430X (.text:xdc_runtime_Gate_enterSystem__E)
                  00014a5e    00000008     app_pe430X.oe430X (.text:xdc_runtime_IHeap_alloc)
                  00014a66    00000008     app_pe430X.oe430X (.text:xdc_runtime_IHeap_free)
                  00014a6e    00000008     ti.targets.msp430.rts430.ae430X : Memory.oe430X (.text:xdc_runtime_Memory_getMaxDefaultTypeAlign__E)
                  00014a76    00000006     rts430x_lc_rd_eabi.lib : _lock.obj (.text:_register_lock)
                  00014a7c    00000006                            : _lock.obj (.text:_register_unlock)
                  00014a82    00000006                            : copy_decompress_rle.obj (.text:decompress:rle24:__TI_decompress_rle24)
                  00014a88    00000006     sysbios.ae430X : BIOS.obj (.text:ti_sysbios_knl_Idle_loop__E)
                  00014a8e    00000006                    : BIOS.obj (.text:ti_sysbios_knl_Swi_startup__E)
                  00014a94    00000006     ti.targets.msp430.rts430.ae430X : Error.oe430X (.text:xdc_runtime_Error_getSite__E)
                  00014a9a    00000006     app_pe430X.oe430X (.text:xdc_runtime_Text_visitRope__I)
                  00014aa0    00000004     boot.ae430X : pre_init.oe430X (.text:_system_pre_init)
                  00014aa4    00000004     rts430x_lc_rd_eabi.lib : exit.obj (.text:abort)
                  00014aa8    00000004     app_pe430X.oe430X (.text:malloc)
                  00014aac    00000004     app_pe430X.oe430X (.text:ti_sysbios_BIOS_RtsGateProxy_enter__E)
                  00014ab0    00000004     app_pe430X.oe430X (.text:ti_sysbios_BIOS_RtsGateProxy_leave__E)
                  00014ab4    00000004     app_pe430X.oe430X (.text:ti_sysbios_family_msp430_TaskSupport_Module__startupDone__S)
                  00014ab8    00000004     sysbios.ae430X : BIOS.obj (.text:ti_sysbios_gates_GateHwi_query__E)
                  00014abc    00000004                    : BIOS.obj (.text:ti_sysbios_gates_GateMutex_query__E)
                  00014ac0    00000004     app_pe430X.oe430X (.text:ti_sysbios_knl_Clock_TimerProxy_getMaxTicks__E)
                  00014ac4    00000004     app_pe430X.oe430X (.text:ti_sysbios_knl_Clock_TimerProxy_getPeriod__E)
                  00014ac8    00000004     app_pe430X.oe430X (.text:ti_sysbios_knl_Queue_destruct)
                  00014acc    00000004     app_pe430X.oe430X (.text:ti_sysbios_knl_Semaphore_destruct)
                  00014ad0    00000004     sysbios.ae430X : BIOS.obj (.text:ti_sysbios_knl_Task_startup__E)
                  00014ad4    00000004     ti.targets.msp430.rts430.ae430X : HeapStd.oe430X (.text:xdc_runtime_HeapStd_isBlocking__E)
                  00014ad8    00000004     app_pe430X.oe430X (.text:xdc_runtime_LoggerBuf_Module_GateProxy_enter__E)
                  00014adc    00000004     app_pe430X.oe430X (.text:xdc_runtime_LoggerBuf_Module_GateProxy_leave__E)
                  00014ae0    00000004     app_pe430X.oe430X (.text:xdc_runtime_System_Module_GateProxy_enter__E)
                  00014ae4    00000004     app_pe430X.oe430X (.text:xdc_runtime_System_Module_GateProxy_leave__E)
                  00014ae8    00000004     ti.targets.msp430.rts430.ae430X : System.oe430X (.text:xdc_runtime_System_Module_startup__E)
                  00014aec    00000002     rts430x_lc_rd_eabi.lib : _lock.obj (.text:_nop)
                  00014aee    00000002     app_pe430X.oe430X (.text:free)
                  00014af0    00000002     app_pe430X.oe430X (.text:ti_sysbios_BIOS_nullFunc__I)
                  00014af2    00000002     sysbios.ae430X : BIOS.obj (.text:ti_sysbios_gates_GateHwi_Instance_init__E)
                  00014af4    00000002                    : BIOS.obj (.text:ti_sysbios_knl_Clock_logTick__E)


LINKER GENERATED COPY TABLES

__TI_cinit_table @ 00004c42 records: 3, size/record: 8, table size: 24
	.data: load addr=0000495a, load size=000002cf bytes, run addr=00002910, run size=000003c0 bytes, compression=rle
	.bss: load addr=00004c36, load size=00000006 bytes, run addr=00002400, run size=00000510 bytes, compression=zero_init
	.cio: load addr=00004c3c, load size=00000006 bytes, run addr=00002cd0, run size=00000120 bytes, compression=zero_init


LINKER GENERATED HANDLER TABLE

__TI_handler_table @ 00004c2a records: 3, size/record: 4, table size: 12
	index: 0, handler: __TI_zero_init
	index: 1, handler: __TI_decompress_rle24
	index: 2, handler: __TI_decompress_none


GLOBAL SYMBOLS: SORTED ALPHABETICALLY BY Name 

address   name                                                               
-------   ----                                                               
00000700  ADC12CTL0                                                          
00000701  ADC12CTL0_H                                                        
00000700  ADC12CTL0_L                                                        
00000702  ADC12CTL1                                                          
00000703  ADC12CTL1_H                                                        
00000702  ADC12CTL1_L                                                        
00000704  ADC12CTL2                                                          
00000705  ADC12CTL2_H                                                        
00000704  ADC12CTL2_L                                                        
0000070c  ADC12IE                                                            
0000070d  ADC12IE_H                                                          
0000070c  ADC12IE_L                                                          
0000070a  ADC12IFG                                                           
0000070b  ADC12IFG_H                                                         
0000070a  ADC12IFG_L                                                         
0000070e  ADC12IV                                                            
0000070f  ADC12IV_H                                                          
0000070e  ADC12IV_L                                                          
00000710  ADC12MCTL0                                                         
00000711  ADC12MCTL1                                                         
0000071a  ADC12MCTL10                                                        
0000071b  ADC12MCTL11                                                        
0000071c  ADC12MCTL12                                                        
0000071d  ADC12MCTL13                                                        
0000071e  ADC12MCTL14                                                        
0000071f  ADC12MCTL15                                                        
00000712  ADC12MCTL2                                                         
00000713  ADC12MCTL3                                                         
00000714  ADC12MCTL4                                                         
00000715  ADC12MCTL5                                                         
00000716  ADC12MCTL6                                                         
00000717  ADC12MCTL7                                                         
00000718  ADC12MCTL8                                                         
00000719  ADC12MCTL9                                                         
00000720  ADC12MEM0                                                          
00000721  ADC12MEM0_H                                                        
00000720  ADC12MEM0_L                                                        
00000722  ADC12MEM1                                                          
00000734  ADC12MEM10                                                         
00000735  ADC12MEM10_H                                                       
00000734  ADC12MEM10_L                                                       
00000736  ADC12MEM11                                                         
00000737  ADC12MEM11_H                                                       
00000736  ADC12MEM11_L                                                       
00000738  ADC12MEM12                                                         
00000739  ADC12MEM12_H                                                       
00000738  ADC12MEM12_L                                                       
0000073a  ADC12MEM13                                                         
0000073b  ADC12MEM13_H                                                       
0000073a  ADC12MEM13_L                                                       
0000073c  ADC12MEM14                                                         
0000073d  ADC12MEM14_H                                                       
0000073c  ADC12MEM14_L                                                       
0000073e  ADC12MEM15                                                         
0000073f  ADC12MEM15_H                                                       
0000073e  ADC12MEM15_L                                                       
00000723  ADC12MEM1_H                                                        
00000722  ADC12MEM1_L                                                        
00000724  ADC12MEM2                                                          
00000725  ADC12MEM2_H                                                        
00000724  ADC12MEM2_L                                                        
00000726  ADC12MEM3                                                          
00000727  ADC12MEM3_H                                                        
00000726  ADC12MEM3_L                                                        
00000728  ADC12MEM4                                                          
00000729  ADC12MEM4_H                                                        
00000728  ADC12MEM4_L                                                        
0000072a  ADC12MEM5                                                          
0000072b  ADC12MEM5_H                                                        
0000072a  ADC12MEM5_L                                                        
0000072c  ADC12MEM6                                                          
0000072d  ADC12MEM6_H                                                        
0000072c  ADC12MEM6_L                                                        
0000072e  ADC12MEM7                                                          
0000072f  ADC12MEM7_H                                                        
0000072e  ADC12MEM7_L                                                        
00000730  ADC12MEM8                                                          
00000731  ADC12MEM8_H                                                        
00000730  ADC12MEM8_L                                                        
00000732  ADC12MEM9                                                          
00000733  ADC12MEM9_H                                                        
00000732  ADC12MEM9_L                                                        
00014aa4  C$$EXIT                                                            
00013dcc  C$$IO$$                                                            
000008c0  CBCTL0                                                             
000008c1  CBCTL0_H                                                           
000008c0  CBCTL0_L                                                           
000008c2  CBCTL1                                                             
000008c3  CBCTL1_H                                                           
000008c2  CBCTL1_L                                                           
000008c4  CBCTL2                                                             
000008c5  CBCTL2_H                                                           
000008c4  CBCTL2_L                                                           
000008c6  CBCTL3                                                             
000008c7  CBCTL3_H                                                           
000008c6  CBCTL3_L                                                           
000008cc  CBINT                                                              
000008cd  CBINT_H                                                            
000008cc  CBINT_L                                                            
000008ce  CBIV                                                               
00000150  CRCDI                                                              
00000152  CRCDIRB                                                            
00000153  CRCDIRB_H                                                          
00000152  CRCDIRB_L                                                          
00000151  CRCDI_H                                                            
00000150  CRCDI_L                                                            
00000154  CRCINIRES                                                          
00000155  CRCINIRES_H                                                        
00000154  CRCINIRES_L                                                        
00000156  CRCRESR                                                            
00000157  CRCRESR_H                                                          
00000156  CRCRESR_L                                                          
00000510  DMA0CTL                                                            
00000511  DMA0CTL_H                                                          
00000510  DMA0CTL_L                                                          
00000516  DMA0DA                                                             
00000518  DMA0DAH                                                            
00000516  DMA0DAL                                                            
00000512  DMA0SA                                                             
00000514  DMA0SAH                                                            
00000512  DMA0SAL                                                            
0000051a  DMA0SZ                                                             
00000520  DMA1CTL                                                            
00000521  DMA1CTL_H                                                          
00000520  DMA1CTL_L                                                          
00000526  DMA1DA                                                             
00000528  DMA1DAH                                                            
00000526  DMA1DAL                                                            
00000522  DMA1SA                                                             
00000524  DMA1SAH                                                            
00000522  DMA1SAL                                                            
0000052a  DMA1SZ                                                             
00000530  DMA2CTL                                                            
00000531  DMA2CTL_H                                                          
00000530  DMA2CTL_L                                                          
00000536  DMA2DA                                                             
00000538  DMA2DAH                                                            
00000536  DMA2DAL                                                            
00000532  DMA2SA                                                             
00000534  DMA2SAH                                                            
00000532  DMA2SAL                                                            
0000053a  DMA2SZ                                                             
00000500  DMACTL0                                                            
00000501  DMACTL0_H                                                          
00000500  DMACTL0_L                                                          
00000502  DMACTL1                                                            
00000503  DMACTL1_H                                                          
00000502  DMACTL1_L                                                          
00000504  DMACTL2                                                            
00000505  DMACTL2_H                                                          
00000504  DMACTL2_L                                                          
00000506  DMACTL3                                                            
00000507  DMACTL3_H                                                          
00000506  DMACTL3_L                                                          
00000508  DMACTL4                                                            
00000509  DMACTL4_H                                                          
00000508  DMACTL4_L                                                          
0000050e  DMAIV                                                              
0000050f  DMAIV_H                                                            
0000050e  DMAIV_L                                                            
00000140  FCTL1                                                              
00000141  FCTL1_H                                                            
00000140  FCTL1_L                                                            
00000144  FCTL3                                                              
00000145  FCTL3_H                                                            
00000144  FCTL3_L                                                            
00000146  FCTL4                                                              
00000147  FCTL4_H                                                            
00000146  FCTL4_L                                                            
0001309c  HOSTwrite                                                          
00004676  IntrinsicsSupport_maxbitTable                                      
0001402c  LoggerBuf_instanceStartup                                          
000004c4  MAC                                                                
000004da  MAC32H                                                             
000004db  MAC32H_H                                                           
000004da  MAC32H_L                                                           
000004d8  MAC32L                                                             
000004d9  MAC32L_H                                                           
000004d8  MAC32L_L                                                           
000004c6  MACS                                                               
000004de  MACS32H                                                            
000004df  MACS32H_H                                                          
000004de  MACS32H_L                                                          
000004dc  MACS32L                                                            
000004dd  MACS32L_H                                                          
000004dc  MACS32L_L                                                          
000004c7  MACS_H                                                             
000004c6  MACS_L                                                             
000004c5  MAC_H                                                              
000004c4  MAC_L                                                              
000004c0  MPY                                                                
000004ec  MPY32CTL0                                                          
000004ed  MPY32CTL0_H                                                        
000004ec  MPY32CTL0_L                                                        
000004d2  MPY32H                                                             
000004d3  MPY32H_H                                                           
000004d2  MPY32H_L                                                           
000004d0  MPY32L                                                             
000004d1  MPY32L_H                                                           
000004d0  MPY32L_L                                                           
000004c2  MPYS                                                               
000004d6  MPYS32H                                                            
000004d7  MPYS32H_H                                                          
000004d6  MPYS32H_L                                                          
000004d4  MPYS32L                                                            
000004d5  MPYS32L_H                                                          
000004d4  MPYS32L_L                                                          
000004c3  MPYS_H                                                             
000004c2  MPYS_L                                                             
000004c1  MPY_H                                                              
000004c0  MPY_L                                                              
000004c8  OP2                                                                
000004e2  OP2H                                                               
000004e3  OP2H_H                                                             
000004e2  OP2H_L                                                             
000004e0  OP2L                                                               
000004e1  OP2L_H                                                             
000004e0  OP2L_L                                                             
000004c9  OP2_H                                                              
000004c8  OP2_L                                                              
0000020e  P1IV                                                               
0000021e  P2IV                                                               
000001e0  P4MAP01                                                            
000001e1  P4MAP01_H                                                          
000001e0  P4MAP01_L                                                          
000001e2  P4MAP23                                                            
000001e3  P4MAP23_H                                                          
000001e2  P4MAP23_L                                                          
000001e4  P4MAP45                                                            
000001e5  P4MAP45_H                                                          
000001e4  P4MAP45_L                                                          
000001e6  P4MAP67                                                            
000001e7  P4MAP67_H                                                          
000001e6  P4MAP67_L                                                          
00000204  PADIR                                                              
00000205  PADIR_H                                                            
00000204  PADIR_L                                                            
00000208  PADS                                                               
00000209  PADS_H                                                             
00000208  PADS_L                                                             
0000021a  PAIE                                                               
00000218  PAIES                                                              
00000219  PAIES_H                                                            
00000218  PAIES_L                                                            
0000021b  PAIE_H                                                             
0000021a  PAIE_L                                                             
0000021c  PAIFG                                                              
0000021d  PAIFG_H                                                            
0000021c  PAIFG_L                                                            
00000200  PAIN                                                               
00000201  PAIN_H                                                             
00000200  PAIN_L                                                             
00000202  PAOUT                                                              
00000203  PAOUT_H                                                            
00000202  PAOUT_L                                                            
00000206  PAREN                                                              
00000207  PAREN_H                                                            
00000206  PAREN_L                                                            
0000020a  PASEL                                                              
0000020b  PASEL_H                                                            
0000020a  PASEL_L                                                            
00000224  PBDIR                                                              
00000225  PBDIR_H                                                            
00000224  PBDIR_L                                                            
00000228  PBDS                                                               
00000229  PBDS_H                                                             
00000228  PBDS_L                                                             
00000220  PBIN                                                               
00000221  PBIN_H                                                             
00000220  PBIN_L                                                             
00000222  PBOUT                                                              
00000223  PBOUT_H                                                            
00000222  PBOUT_L                                                            
00000226  PBREN                                                              
00000227  PBREN_H                                                            
00000226  PBREN_L                                                            
0000022a  PBSEL                                                              
0000022b  PBSEL_H                                                            
0000022a  PBSEL_L                                                            
00000244  PCDIR                                                              
00000245  PCDIR_H                                                            
00000244  PCDIR_L                                                            
00000248  PCDS                                                               
[...]
000129d2  ti_sysbios_family_msp430_Timer_getExpiredCounts__E                 
00012a5c  ti_sysbios_family_msp430_TimestampProvider_Module_startup__E       
00012ae6  xdc_runtime_Text_putMod__E                                         
00012b6c  ti_sysbios_family_msp430_Hwi_Module_startup__E                     
00012bf0  xdc_runtime_Text_putLab__E                                         
00012c72  ti_sysbios_family_msp430_TimestampProvider_get32__E                
00012c72  xdc_runtime_LoggerBuf_TimestampProxy_get32__E                      
00012cf2  xdc_runtime_Memory_alloc__E                                        
00012d72  _auto_init_hold_wdt                                                
00012dea  ti_sysbios_family_msp430_TaskSupport_buildTaskStack                
00012e62  xdc_runtime_Error_setX__E                                          
00012eda  xdc_runtime_Core_deleteObject__I                                   
00012f50  ti_sysbios_family_msp430_Timer_periodicStub__E                     
00012fc2  xdc_runtime_LoggerBuf_Object__create__S                            
00013030  xdc_runtime_HeapStd_Object__create__S                              
0001309c  HOSTwrite                                                          
0001316e  ti_sysbios_family_msp430_TaskSupport_start__E                      
0001316e  ti_sysbios_knl_Task_SupportProxy_start__E                          
000131d6  ti_sysbios_knl_Swi_post__E                                         
0001323e  xdc_runtime_Assert_raise__I                                        
000132a6  ti_sysbios_knl_Task_Module_startup__E                              
0001330c  ti_sysbios_family_msp430_Hwi_postInit__I                           
00013370  xdc_runtime_SysMin_flush__E                                        
00013370  xdc_runtime_System_SupportProxy_flush__E                           
000133d4  ti_sysbios_family_msp430_Timer_setNextTick__E                      
00013432  __mspabi_divul                                                     
00013432  __mspabi_remul                                                     
0001348a  xdc_runtime_LoggerBuf_Instance_init__E                             
000134e2  ti_sysbios_family_msp430_Hwi_getStackInfo__E                       
000134e2  ti_sysbios_hal_Hwi_HwiProxy_getStackInfo__E                        
00013538  ti_sysbios_knl_Task_blockI__E                                      
0001358e  xdc_runtime_SysMin_putch__E                                        
0001358e  xdc_runtime_System_SupportProxy_putch__E                           
000135e4  ti_sysbios_family_msp430_Timer_start__E                            
00013638  ti_sysbios_knl_Task_processVitalTaskFlag__I                        
0001368c  ti_sysbios_knl_Task_unblockI__E                                    
000136e0  ti_sysbios_knl_Swi_restore__E                                      
00013732  xdc_runtime_Startup_exec__E                                        
00013784  ti_sysbios_family_msp430_Timer_initDevice__I                       
000137d4  ti_sysbios_knl_Task_exit__E                                        
00013822  xdc_runtime_Core_assignParams__I                                   
00013870  ti_catalog_msp430_init_Boot_configureDCO                           
000138bc  ti_sysbios_family_msp430_Timer_startup__E                          
000138bc  ti_sysbios_knl_Clock_TimerProxy_startup__E                         
00013906  ti_sysbios_knl_Task_allBlockedFunction__I                          
00013950  xdc_runtime_LoggerBuf_filterOutEvent__I                            
0001399a  ti_sysbios_hal_Hwi_checkStack                                      
000139e2  ti_sysbios_knl_Semaphore_pendTimeout__I                            
00013a2a  ti_sysbios_family_msp430_Timer_Module_startup__E                   
00013a70  ti_sysbios_family_msp430_Timer_getCount__E                         
00013ab2  ti_sysbios_gates_GateHwi_Object__create__S                         
00013af4  ti_sysbios_gates_GateMutex_Object__create__S                       
00013b36  ti_sysbios_knl_Clock_addI__E                                       
00013b78  xdc_runtime_Text_xprintf__I                                        
00013bba  xdc_runtime_Text_printVisFxn__I                                    
00013bfa  ti_sysbios_knl_Semaphore_construct                                 
00013c38  xdc_runtime_System_atexit__E                                       
00013c76  ti_sysbios_hal_Hwi_initStack                                       
00013cb2  xdc_runtime_System_processAtExit__E                                
00013cee  ti_sysbios_knl_Queue_construct                                     
00013d28  xdc_runtime_System_putchar__I                                      
00013d62  ti_sysbios_family_msp430_Hwi53_p2                                  
00013d9a  __TI_writemsg                                                      
00013dcc  C$$IO$$                                                            
00013dd0  xdc_runtime_Error_raiseX__E                                        
00013e06  xdc_runtime_LoggerBuf_write2__E                                    
00013e3c  __TI_readmsg                                                       
00013e6e  ti_sysbios_family_msp430_Timer_postInit__I                         
00013ea0  ti_sysbios_family_msp430_Timer_stop__E                             
00013ed2  ti_sysbios_family_xxx_Hwi_switchAndRunFunc                         
00013f04  xdc_runtime_Core_assignLabel__I                                    
00013f36  xdc_runtime_SysMin_abort__E                                        
00013f36  xdc_runtime_System_SupportProxy_abort__E                           
00013f68  xdc_runtime_System_aprintf_va__E                                   
00013f68  xdc_runtime_System_aprintf_va__F                                   
00013f68  xdc_runtime_System_avprintf__E                                     
00013f9a  xdc_runtime_System_printf_va__E                                    
00013f9a  xdc_runtime_System_printf_va__F                                    
00013f9a  xdc_runtime_System_vprintf__E                                      
00013fcc  ti_sysbios_knl_Queue_put__E                                        
00013ffc  ti_sysbios_knl_Task_restore__E                                     
0001402c  LoggerBuf_instanceStartup                                          
0001402c  xdc_runtime_LoggerBuf_reset__E                                     
0001405c  exit                                                               
0001405c  xdc_runtime_System_exitStd__E                                      
0001408a  taskFxn                                                            
000140b6  ti_sysbios_knl_Clock_doTick__I                                     
000140e2  xdc_runtime_LoggerBuf_write1__E                                    
0001410e  ti_sysbios_BIOS_atExitFunc__I                                      
00014138  ti_sysbios_family_msp430_Hwi_Object__get__S                        
00014162  ti_sysbios_knl_Clock_Module_startup__E                             
0001418c  ti_sysbios_knl_Swi_Object__get__S                                  
000141b6  ti_sysbios_knl_Task_Object__get__S                                 
000141e0  ti_sysbios_knl_Task_sleepTimeout__I                                
0001420a  xdc_runtime_LoggerBuf_Module_startup__E                            
00014234  xdc_runtime_LoggerBuf_Object__get__S                               
0001425e  xdc_runtime_SysMin_output__I                                       
00014288  xdc_runtime_Text_cordText__E                                       
000142b0  _args_main                                                         
000142d6  ti_sysbios_BIOS_errorRaiseHook__I                                  
000142fc  ti_sysbios_BIOS_RtsGateProxy_Object__delete__S                     
000142fc  ti_sysbios_gates_GateMutex_Object__delete__S                       
00014322  ti_sysbios_knl_Swi_Module_startup__E                               
00014348  xdc_runtime_LoggerBuf_Object__delete__S                            
0001436e  xdc_runtime_LoggerBuf_write0__E                                    
00014394  __TI_zero_init                                                     
000143b8  ti_sysbios_BIOS_rtsLock__I                                         
000143dc  ti_sysbios_gates_GateHwi_Object__delete__S                         
000143dc  xdc_runtime_LoggerBuf_Module_GateProxy_Object__delete__S           
000143dc  xdc_runtime_Main_Module_GateProxy_Object__delete__S                
000143dc  xdc_runtime_System_Module_GateProxy_Object__delete__S              
00014400  xdc_runtime_HeapStd_Object__delete__S                              
00014400  xdc_runtime_Memory_HeapProxy_Object__delete__S                     
00014424  __mspabi_mpyl_f5hw                                                 
00014446  ti_sysbios_gates_GateMutex_Instance_init__E                        
00014468  ti_sysbios_gates_GateMutex_leave__E                                
0001448a  ti_sysbios_knl_Clock_startI__E                                     
000144ac  ti_sysbios_knl_Idle_run__E                                         
000144ce  ti_sysbios_knl_Task_restoreHwi__E                                  
000144f0  xdc_runtime_Memory_valloc__E                                       
00014512  xdc_runtime_Error_check__E                                         
00014532  xdc_runtime_HeapStd_getStats__E                                    
00014552  ti_sysbios_BIOS_rtsUnlock__I                                       
00014570  ti_sysbios_family_msp430_Hwi_Module__startupDone__F                
00014570  ti_sysbios_family_msp430_Hwi_Module__startupDone__S                
00014570  ti_sysbios_hal_Hwi_HwiProxy_Module__startupDone__S                 
0001458e  ti_sysbios_gates_GateHwi_Handle__label__S                          
0001458e  xdc_runtime_LoggerBuf_Module_GateProxy_Handle__label__S            
0001458e  xdc_runtime_Main_Module_GateProxy_Handle__label__S                 
0001458e  xdc_runtime_System_Module_GateProxy_Handle__label__S               
000145ac  ti_sysbios_BIOS_RtsGateProxy_Handle__label__S                      
000145ac  ti_sysbios_gates_GateMutex_Handle__label__S                        
000145ca  ti_sysbios_knl_Task_enter__I                                       
000145e8  xdc_runtime_HeapStd_Handle__label__S                               
000145e8  xdc_runtime_Memory_HeapProxy_Handle__label__S                      
00014606  _ti_sysbios_family_msp430_TaskSupport_swap__E                      
00014606  ti_sysbios_family_msp430_TaskSupport_swap__E                       
00014606  ti_sysbios_knl_Task_SupportProxy_swap__E                           
00014622  main                                                               
0001463e  ti_sysbios_BIOS_startFunc__I                                       
0001465a  ti_sysbios_family_msp430_Timer_Module__startupDone__F              
0001465a  ti_sysbios_family_msp430_Timer_Module__startupDone__S              
0001465a  ti_sysbios_knl_Clock_TimerProxy_Module__startupDone__S             
00014676  ti_sysbios_knl_Task_unblock__E                                     
00014692  xdc_runtime_LoggerBuf_Handle__label__S                             
000146ae  xdc_runtime_LoggerBuf_Instance_finalize__E                         
000146ca  xdc_runtime_Registry_findById__E                                   
000146e6  xdc_runtime_SysMin_Module_startup__E                               
00014702  ti_sysbios_BIOS_exitFunc__I                                        
0001471c  ti_sysbios_BIOS_registerRTSLock__I                                 
00014736  ti_sysbios_BIOS_removeRTSLock__I                                   
00014750  ti_sysbios_family_msp430_TimestampProvider_get64__E                
00014750  xdc_runtime_LoggerBuf_TimestampProxy_get64__E                      
0001476a  ti_sysbios_knl_Semaphore_Object__destruct__S                       
00014784  xdc_runtime_System_snprintf_va__E                                  
00014784  xdc_runtime_System_snprintf_va__F                                  
00014784  xdc_runtime_System_vsnprintf__E                                    
0001479e  ti_sysbios_BIOS_setThreadType__E                                   
000147b6  ti_sysbios_knl_Queue_Object__destruct__S                           
000147ce  memset                                                             
000147e4  __mspabi_divu                                                      
000147e4  __mspabi_remu                                                      
000147fa  __mspabi_mpyi_f5hw                                                 
00014810  ti_sysbios_knl_Task_enabled__E                                     
00014826  xdc_runtime_SysMin_exit__E                                         
00014826  xdc_runtime_System_SupportProxy_exit__E                            
0001483c  xdc_runtime_System_abort__E                                        
00014852  memcpy                                                             
00014866  ti_sysbios_knl_Queue_Object__get__S                                
0001487a  xdc_runtime_Memory_calloc__E                                       
0001488e  xdc_runtime_Startup_exec__I                                        
000148a2  xdc_runtime_Text_ropeText__E                                       
000148b6  __TI_decompress_none                                               
000148c8  ti_sysbios_gates_GateHwi_leave__E                                  
000148da  ti_sysbios_gates_GateMutex_Instance_finalize__E                    
000148ec  ti_sysbios_knl_Semaphore_Instance_finalize__E                      
000148fe  xdc_runtime_System_aprintf__E                                      
00014910  xdc_runtime_System_exit__E                                         
00014922  xdc_runtime_System_printf__E                                       
00014934  _ti_sysbios_family_msp430_TaskSupport_glue                         
00014934  ti_sysbios_family_msp430_TaskSupport_glue                          
00014944  ti_sysbios_family_msp430_TaskSupport_checkStack__E                 
00014944  ti_sysbios_knl_Task_SupportProxy_checkStack__E                     
00014954  ti_sysbios_hal_Hwi_Module_startup__E                               
00014964  xdc_runtime_Error_init__E                                          
00014974  strlen                                                             
00014982  ti_sysbios_family_msp430_Timer_getMaxTicks__E                      
00014990  ti_sysbios_knl_Queue_empty__E                                      
0001499e  ti_sysbios_knl_Swi_disable__E                                      
000149ac  ti_sysbios_knl_Task_disable__E                                     
000149ba  xdc_runtime_SysMin_ready__E                                        
000149ba  xdc_runtime_System_SupportProxy_ready__E                           
000149c8  ti_catalog_msp430_init_Boot_init                                   
000149c8  xdc_runtime_Startup_reset__I                                       
000149d4  xdc_runtime_Gate_leaveSystem__E                                    
000149e0  xdc_runtime_LoggerBuf_disable__E                                   
000149ec  xdc_runtime_LoggerBuf_enable__E                                    
000149f8  xdc_runtime_Memory_free__E                                         
00014a04  __mspabi_slli                                                      
00014a0e  ti_sysbios_BIOS_start__E                                           
00014a18  ti_sysbios_family_msp430_Hwi_startup__E                            
00014a18  ti_sysbios_hal_Hwi_HwiProxy_startup__E                             
00014a22  ti_sysbios_gates_GateHwi_enter__E                                  
00014a2c  ti_sysbios_knl_Queue_Instance_init__E                              
00014a36  ti_catalog_msp430_init_Boot_disableWatchdog                        
00014a3e  __xdc__init                                                        
00014a46  ti_sysbios_family_msp430_Hwi_switchFromBootStack__E                
00014a46  ti_sysbios_hal_Hwi_HwiProxy_switchFromBootStack__E                 
00014a4e  ti_sysbios_family_msp430_Timer_getPeriod__E                        
00014a56  xdc_runtime_Gate_enterSystem__E                                    
00014a5e  xdc_runtime_Memory_HeapProxy_alloc__E                              
00014a66  xdc_runtime_Memory_HeapProxy_free__E                               
00014a6e  xdc_runtime_Memory_getMaxDefaultTypeAlign__E                       
00014a76  _register_lock                                                     
00014a7c  _register_unlock                                                   
00014a82  __TI_decompress_rle24                                              
00014a88  ti_sysbios_knl_Idle_loop__E                                        
00014a8e  ti_sysbios_knl_Swi_startup__E                                      
00014a94  xdc_runtime_Error_getSite__E                                       
00014a9a  xdc_runtime_Text_visitRope__I                                      
00014aa0  _system_pre_init                                                   
00014aa4  C$$EXIT                                                            
00014aa4  abort                                                              
00014aa4  xdc_runtime_System_abortStd__E                                     
00014aa8  malloc                                                             
00014aac  ti_sysbios_BIOS_RtsGateProxy_enter__E                              
00014ab0  ti_sysbios_BIOS_RtsGateProxy_leave__E                              
00014ab4  ti_sysbios_family_msp430_TaskSupport_Module__startupDone__S        
00014ab4  ti_sysbios_knl_Task_SupportProxy_Module__startupDone__S            
00014ab8  ti_sysbios_gates_GateHwi_query__E                                  
00014ab8  xdc_runtime_LoggerBuf_Module_GateProxy_query__E                    
00014ab8  xdc_runtime_Main_Module_GateProxy_query__E                         
00014ab8  xdc_runtime_System_Module_GateProxy_query__E                       
00014abc  ti_sysbios_BIOS_RtsGateProxy_query__E                              
00014abc  ti_sysbios_gates_GateMutex_query__E                                
00014ac0  ti_sysbios_knl_Clock_TimerProxy_getMaxTicks__E                     
00014ac4  ti_sysbios_knl_Clock_TimerProxy_getPeriod__E                       
00014ac8  ti_sysbios_knl_Queue_destruct                                      
00014acc  ti_sysbios_knl_Semaphore_destruct                                  
00014ad0  ti_sysbios_knl_Task_startup__E                                     
00014ad4  xdc_runtime_HeapStd_isBlocking__E                                  
00014ad8  xdc_runtime_LoggerBuf_Module_GateProxy_enter__E                    
00014adc  xdc_runtime_LoggerBuf_Module_GateProxy_leave__E                    
00014ae0  xdc_runtime_System_Module_GateProxy_enter__E                       
00014ae4  xdc_runtime_System_Module_GateProxy_leave__E                       
00014ae8  xdc_runtime_System_Module_startup__E                               
00014aec  _nop                                                               
00014aee  free                                                               
00014af0  ti_sysbios_BIOS_nullFunc__I                                        
00014af2  ti_sysbios_gates_GateHwi_Instance_init__E                          
00014af4  ti_sysbios_knl_Clock_logTick__E                                    
ffffffff  __binit__                                                          
ffffffff  __c_args__                                                         
ffffffff  binit                                                              
UNDEFED   __TI_INITARRAY_Base                                                
UNDEFED   __TI_INITARRAY_Limit                                               

[1274 symbols]
