******************************************************************************
                  MSP430 Linker Unix v4.4.3                    
******************************************************************************
>> Linked Sun May 10 10:09:54 2015

OUTPUT FILE NAME:   <TIRTOStest.out>
ENTRY POINT SYMBOL: "_c_int00"  address: 00004496


MEMORY CONFIGURATION

         name            origin    length      used     unused   attr    fill
----------------------  --------  ---------  --------  --------  ----  --------
  SFR                   00000000   00000010  00000000  00000010  RWIX
  PERIPHERALS_8BIT      00000010   000000f0  00000000  000000f0  RWIX
  PERIPHERALS_16BIT     00000100   00000100  00000000  00000100  RWIX
  INFOD                 00001800   00000080  00000000  00000080  RWIX
  INFOC                 00001880   00000080  00000000  00000080  RWIX
  INFOB                 00001900   00000080  00000000  00000080  RWIX
  INFOA                 00001980   00000080  00000000  00000080  RWIX
  USBRAM                00001c00   00000800  00000000  00000800  RWIX
  RAM                   00002400   00002000  00000eb3  0000114d  RWIX
  FLASH                 00004400   0000bb80  000000e0  0000baa0  RWIX
  INT00                 0000ff80   00000002  00000000  00000002  RWIX
  INT01                 0000ff82   00000002  00000000  00000002  RWIX
  INT02                 0000ff84   00000002  00000000  00000002  RWIX
  INT03                 0000ff86   00000002  00000000  00000002  RWIX
  INT04                 0000ff88   00000002  00000000  00000002  RWIX
  INT05                 0000ff8a   00000002  00000000  00000002  RWIX
  INT06                 0000ff8c   00000002  00000000  00000002  RWIX
  INT07                 0000ff8e   00000002  00000000  00000002  RWIX
  INT08                 0000ff90   00000002  00000000  00000002  RWIX
  INT09                 0000ff92   00000002  00000000  00000002  RWIX
  INT10                 0000ff94   00000002  00000000  00000002  RWIX
  INT11                 0000ff96   00000002  00000000  00000002  RWIX
  INT12                 0000ff98   00000002  00000000  00000002  RWIX
  INT13                 0000ff9a   00000002  00000000  00000002  RWIX
  INT14                 0000ff9c   00000002  00000000  00000002  RWIX
  INT15                 0000ff9e   00000002  00000000  00000002  RWIX
  INT16                 0000ffa0   00000002  00000000  00000002  RWIX
  INT17                 0000ffa2   00000002  00000000  00000002  RWIX
  INT18                 0000ffa4   00000002  00000000  00000002  RWIX
  INT19                 0000ffa6   00000002  00000000  00000002  RWIX
  INT20                 0000ffa8   00000002  00000000  00000002  RWIX
  INT21                 0000ffaa   00000002  00000000  00000002  RWIX
  INT22                 0000ffac   00000002  00000000  00000002  RWIX
  INT23                 0000ffae   00000002  00000000  00000002  RWIX
  INT24                 0000ffb0   00000002  00000000  00000002  RWIX
  INT25                 0000ffb2   00000002  00000000  00000002  RWIX
  INT26                 0000ffb4   00000002  00000000  00000002  RWIX
  INT27                 0000ffb6   00000002  00000000  00000002  RWIX
  INT28                 0000ffb8   00000002  00000000  00000002  RWIX
  INT29                 0000ffba   00000002  00000000  00000002  RWIX
  INT30                 0000ffbc   00000002  00000000  00000002  RWIX
  INT31                 0000ffbe   00000002  00000000  00000002  RWIX
  INT32                 0000ffc0   00000002  00000000  00000002  RWIX
  INT33                 0000ffc2   00000002  00000000  00000002  RWIX
  INT34                 0000ffc4   00000002  00000000  00000002  RWIX
  INT35                 0000ffc6   00000002  00000000  00000002  RWIX
  INT36                 0000ffc8   00000002  00000000  00000002  RWIX
  INT37                 0000ffca   00000002  00000000  00000002  RWIX
  INT38                 0000ffcc   00000002  00000000  00000002  RWIX
  INT39                 0000ffce   00000002  00000000  00000002  RWIX
  INT40                 0000ffd0   00000002  00000000  00000002  RWIX
  INT41                 0000ffd2   00000002  00000002  00000000  RWIX
  INT42                 0000ffd4   00000002  00000002  00000000  RWIX
  INT43                 0000ffd6   00000002  00000002  00000000  RWIX
  INT44                 0000ffd8   00000002  00000002  00000000  RWIX
  INT45                 0000ffda   00000002  00000002  00000000  RWIX
  INT46                 0000ffdc   00000002  00000002  00000000  RWIX
  INT47                 0000ffde   00000002  00000002  00000000  RWIX
  INT48                 0000ffe0   00000002  00000002  00000000  RWIX
  INT49                 0000ffe2   00000002  00000002  00000000  RWIX
  INT50                 0000ffe4   00000002  00000002  00000000  RWIX
  INT51                 0000ffe6   00000002  00000002  00000000  RWIX
  INT52                 0000ffe8   00000002  00000002  00000000  RWIX
  INT53                 0000ffea   00000002  00000002  00000000  RWIX
  INT54                 0000ffec   00000002  00000002  00000000  RWIX
  INT55                 0000ffee   00000002  00000002  00000000  RWIX
  INT56                 0000fff0   00000002  00000002  00000000  RWIX
  INT57                 0000fff2   00000002  00000002  00000000  RWIX
  INT58                 0000fff4   00000002  00000002  00000000  RWIX
  INT59                 0000fff6   00000002  00000002  00000000  RWIX
  INT60                 0000fff8   00000002  00000002  00000000  RWIX
  INT61                 0000fffa   00000002  00000002  00000000  RWIX
  INT62                 0000fffc   00000002  00000002  00000000  RWIX
  RESET                 0000fffe   00000002  00000002  00000000  RWIX
  FLASH2                00010000   00014400  000045e1  0000fe1f  RWIX


SECTION ALLOCATION MAP

 output                                  attributes/
section   page    origin      length       input sections
--------  ----  ----------  ----------   ----------------
.bss       0    00002400    000008fe     UNINITIALIZED
                  00002400    0000076c     empty_min_pe430X.oe430X (.bss:taskStackSection)
                  00002b6c    00000080     (.common:xdc_runtime_SysMin_Module_State_0_outbuf__A)
                  00002bec    00000060     (.common:uartUSCIAObjects)
                  00002c4c    00000056     (.common:i2cUSCIBObjects)
                  00002ca2    00000020     (.common:gpioCallbackInfo)
                  00002cc2    00000016     (.common:i2cTransaction)
                  00002cd8    0000000c     (.common:params)
                  00002ce4    00000008     (.common:parmbuf)
                  00002cec    00000004     (.common:_cleanup_ptr)
                  00002cf0    00000004     (.common:_dtors_ptr)
                  00002cf4    00000004     (.common:i2c_handle)
                  00002cf8    00000002     (.common:readBuffer)
                  00002cfa    00000002     (.common:transferOK)
                  00002cfc    00000002     (.common:writeBuffer)

.data      0    00002cfe    00000295     UNINITIALIZED
                  00002cfe    000000d4     empty_min_pe430X.oe430X (.data)
                  00002dd2    000000ba     empty_min_pe430X.oe430X (.data:ti_sysbios_knl_Task_Object__table__V)
                  00002e8c    00000036     empty_min_pe430X.oe430X (.data:ti_sysbios_family_msp430_Timer_Object__table__V)
                  00002ec2    0000002a     empty_min_pe430X.oe430X (.data:ti_sysbios_family_msp430_Hwi_Object__table__V)
                  00002eec    00000020     empty_min_pe430X.oe430X (.data:ti_sysbios_knl_Task_Module_State_0_readyQ__A)
                  00002f0c    0000001a     empty_min_pe430X.oe430X (.data:ti_sysbios_gates_GateMutex_Object__table__V)
                  00002f26    00000018     empty_min_pe430X.oe430X (.data:ti_sysbios_family_msp430_Timer_Module_State_0_device__A)
                  00002f3e    00000010     MSP_EXP430F5529LP.obj (.data:gpioPinConfigs)
                  00002f4e    00000010     empty_min_pe430X.oe430X (.data:ti_sysbios_family_msp430_Timer_Module_State_0_handles__A)
                  00002f5e    00000010     empty_min_pe430X.oe430X (.data:xdc_runtime_System_Module_State_0_atexitHandlers__A)
                  00002f6e    00000008     MSP_EXP430F5529LP.obj (.data:gpioCallbackFunctions)
                  00002f76    00000008     empty_min_pe430X.oe430X (.data:ti_sysbios_knl_Swi_Module_State_0_readyQ__A)
                  00002f7e    00000004     rts430x_lc_rd_eabi.lib : _lock.obj (.data:_lock)
                  00002f82    00000004                            : _lock.obj (.data:_unlock)
                  00002f86    00000004     empty_min_pe430X.oe430X (.data:ti_sysbios_gates_GateHwi_Object__table__V)
                  00002f8a    00000004     empty_min_pe430X.oe430X (.data:ti_sysbios_knl_Task_Module_State_0_idleTask__A)
                  00002f8e    00000002     drivers_MSP430F5529.ae430X : I2C.oe430X (.data)
                  00002f90    00000002                                : UART.oe430X (.data)
                  00002f92    00000001                                : GPIOMSP430.oe430X (.data)

.cio       0    00002f94    00000120     UNINITIALIZED
                  00002f94    00000120     rts430x_lc_rd_eabi.lib : trgmsg.obj (.cio)

.stack     0    00004200    00000200     UNINITIALIZED
                  00004200    00000004     boot.ae430X : boot.oe430X (.stack)
                  00004204    000001fc     --HOLE--

.text:_isr 
*          0    00004400    000000e0     
                  00004400    00000032     sysbios.ae430X : BIOS.obj (.text:_isr:ti_sysbios_family_msp430_Hwi46)
                  00004432    00000032                    : BIOS.obj (.text:_isr:ti_sysbios_family_msp430_Hwi53)
                  00004464    00000032                    : BIOS.obj (.text:_isr:ti_sysbios_family_msp430_Hwi55)
                  00004496    00000024     boot.ae430X : boot.oe430X (.text:_isr:_c_int00)
                  000044ba    00000002     sysbios.ae430X : BIOS.obj (.text:_isr:ti_sysbios_family_msp430_Hwi41)
                  000044bc    00000002                    : BIOS.obj (.text:_isr:ti_sysbios_family_msp430_Hwi42)
                  000044be    00000002                    : BIOS.obj (.text:_isr:ti_sysbios_family_msp430_Hwi43)
                  000044c0    00000002                    : BIOS.obj (.text:_isr:ti_sysbios_family_msp430_Hwi44)
                  000044c2    00000002                    : BIOS.obj (.text:_isr:ti_sysbios_family_msp430_Hwi45)
                  000044c4    00000002                    : BIOS.obj (.text:_isr:ti_sysbios_family_msp430_Hwi47)
                  000044c6    00000002                    : BIOS.obj (.text:_isr:ti_sysbios_family_msp430_Hwi48)
                  000044c8    00000002                    : BIOS.obj (.text:_isr:ti_sysbios_family_msp430_Hwi49)
                  000044ca    00000002                    : BIOS.obj (.text:_isr:ti_sysbios_family_msp430_Hwi50)
                  000044cc    00000002                    : BIOS.obj (.text:_isr:ti_sysbios_family_msp430_Hwi51)
                  000044ce    00000002                    : BIOS.obj (.text:_isr:ti_sysbios_family_msp430_Hwi52)
                  000044d0    00000002                    : BIOS.obj (.text:_isr:ti_sysbios_family_msp430_Hwi54)
                  000044d2    00000002                    : BIOS.obj (.text:_isr:ti_sysbios_family_msp430_Hwi56)
                  000044d4    00000002                    : BIOS.obj (.text:_isr:ti_sysbios_family_msp430_Hwi57)
                  000044d6    00000002                    : BIOS.obj (.text:_isr:ti_sysbios_family_msp430_Hwi58)
                  000044d8    00000002                    : BIOS.obj (.text:_isr:ti_sysbios_family_msp430_Hwi59)
                  000044da    00000002                    : BIOS.obj (.text:_isr:ti_sysbios_family_msp430_Hwi60)
                  000044dc    00000002                    : BIOS.obj (.text:_isr:ti_sysbios_family_msp430_Hwi61)
                  000044de    00000002                    : BIOS.obj (.text:_isr:ti_sysbios_family_msp430_Hwi62)

.const     0    00013f64    000004b9     
                  00013f64    000000c2     doryI2C.obj (.const:.string)
                  00014026    00000058     ti.targets.msp430.rts430.ae430X : Error.oe430X (.const:.string)
                  0001407e    00000044                                     : Text.oe430X (.const:.string)
                  000140c2    0000002a                                     : Startup.oe430X (.const:.string)
                  000140ec    00000028     drivers_MSP430F5529.ae430X : UARTUSCIA.oe430X (.const)
                  00014114    00000026                                : UART.oe430X (.const)
                  0001413a    00000024     MSP_EXP430F5529LP.obj (.const:uartUSCIABaudrates)
                  0001415e    00000022     empty_min_pe430X.oe430X (.const:ti_sysbios_gates_GateHwi_Module__FXNS__C)
                  00014180    00000022     empty_min_pe430X.oe430X (.const:ti_sysbios_gates_GateMutex_Module__FXNS__C)
                  000141a2    00000020     sysbios.ae430X : BIOS.obj (.const:IntrinsicsSupport_maxbitTable)
                  000141c2    00000020     empty_min_pe430X.oe430X (.const:xdc_runtime_Startup_sfxnTab__A)
                  000141e2    0000001e     empty_min.obj (.const:.string)
                  00014200    0000001c     ccs-MSP430F5529.lib : gpio.obj (.const:GPIO_PORT_TO_BASE)
                  0001421c    0000001c     empty_min_pe430X.oe430X (.const:ti_sysbios_knl_Semaphore_Object__PARAMS__C)
                  00014238    00000018     MSP_EXP430F5529LP.obj (.const:I2C_config)
                  00014250    00000018     MSP_EXP430F5529LP.obj (.const:UART_config)
                  00014268    00000018     empty_min_pe430X.oe430X (.const:ti_sysbios_knl_Queue_Object__DESC__C)
                  00014280    00000018     empty_min_pe430X.oe430X (.const:ti_sysbios_knl_Semaphore_Object__DESC__C)
                  00014298    00000017     empty_min.obj (.const:.string:$P$T0$1)
                  000142af    00000001     --HOLE-- [fill = 0]
                  000142b0    00000014     drivers_MSP430F5529.ae430X : I2CUSCIB.oe430X (.const)
                  000142c4    00000014                                : UARTUSCIA.oe430X (.const:parityType)
                  000142d8    00000014     empty_min_pe430X.oe430X (.const:ti_sysbios_knl_Queue_Object__PARAMS__C)
                  000142ec    00000011     ti.targets.msp430.rts430.ae430X : System.oe430X (.const:.string:digtohex)
                  000142fd    00000001     --HOLE-- [fill = 0]
                  000142fe    00000010     MSP_EXP430F5529LP.obj (.const:GPIOMSP430_config)
                  0001430e    00000010     empty_min_pe430X.oe430X (.const:xdc_runtime_Startup_sfxnRts__A)
                  0001431e    0000000e     MSP_EXP430F5529LP.obj (.const:uartUSCIAHWAttrs)
                  0001432c    0000000c     drivers_MSP430F5529.ae430X : I2C.oe430X (.const)
                  00014338    00000008     ti.targets.msp430.rts430.ae430X : System.oe430X (.const:.string)
                  00014340    00000008     drivers_MSP430F5529.ae430X : I2CUSCIB.oe430X (.const:bitRate)
                  00014348    00000008                                : UARTUSCIA.oe430X (.const:stopBits)
                  00014350    00000006                                : GPIOMSP430.oe430X (.const:.string:gpioInterruptTypes)
                  00014356    00000006     ti.targets.msp430.rts430.ae430X : Assert.oe430X (.const:.string)
                  0001435c    00000006     MSP_EXP430F5529LP.obj (.const:i2cUSCIBHWAttrs)
                  00014362    00000006     empty_min_pe430X.oe430X (.const:ti_sysbios_family_msp430_Hwi_hooks__C)
                  00014368    00000006     empty_min_pe430X.oe430X (.const:ti_sysbios_knl_Idle_funcList__C)
                  0001436e    00000006     empty_min_pe430X.oe430X (.const:xdc_runtime_Startup_firstFxns__C)
                  00014374    00000006     empty_min_pe430X.oe430X (.const:xdc_runtime_Startup_lastFxns__C)
                  0001437a    00000004     empty_min_pe430X.oe430X (.const:ti_sysbios_family_msp430_ClockFreqs_ACLK__C)
                  0001437e    00000004     empty_min_pe430X.oe430X (.const:ti_sysbios_family_msp430_ClockFreqs_SMCLK__C)
                  00014382    00000004     empty_min_pe430X.oe430X (.const:ti_sysbios_knl_Task_allBlockedFunc__C)
                  00014386    00000004     empty_min_pe430X.oe430X (.const:xdc_runtime_Assert_E_assertFailed__C)
                  0001438a    00000004     empty_min_pe430X.oe430X (.const:xdc_runtime_Core_A_initializedParams__C)
                  0001438e    00000004     empty_min_pe430X.oe430X (.const:xdc_runtime_Core_Module__diagsEnabled__C)
                  00014392    00000004     empty_min_pe430X.oe430X (.const:xdc_runtime_Core_Module__diagsIncluded__C)
                  00014396    00000004     empty_min_pe430X.oe430X (.const:xdc_runtime_Core_Module__diagsMask__C)
                  0001439a    00000004     empty_min_pe430X.oe430X (.const:xdc_runtime_Error_Module__diagsEnabled__C)
                  0001439e    00000004     empty_min_pe430X.oe430X (.const:xdc_runtime_Error_Module__diagsIncluded__C)
                  000143a2    00000004     empty_min_pe430X.oe430X (.const:xdc_runtime_Error_Module__diagsMask__C)
                  000143a6    00000004     empty_min_pe430X.oe430X (.const:xdc_runtime_Error_Module__loggerFxn8__C)
                  000143aa    00000004     empty_min_pe430X.oe430X (.const:xdc_runtime_Error_Module__loggerObj__C)
                  000143ae    00000004     empty_min_pe430X.oe430X (.const:xdc_runtime_Error_policyFxn__C)
                  000143b2    00000004     empty_min_pe430X.oe430X (.const:xdc_runtime_Error_raiseHook__C)
                  000143b6    00000004     empty_min_pe430X.oe430X (.const:xdc_runtime_IGateProvider_Interface__BASE__C)
                  000143ba    00000004     empty_min_pe430X.oe430X (.const:xdc_runtime_IModule_Interface__BASE__C)
                  000143be    00000004     empty_min_pe430X.oe430X (.const:xdc_runtime_Log_L_error__C)
                  000143c2    00000004     empty_min_pe430X.oe430X (.const:xdc_runtime_Startup_execImpl__C)
                  000143c6    00000004     empty_min_pe430X.oe430X (.const:xdc_runtime_Startup_firstFxns__A)
                  000143ca    00000004     empty_min_pe430X.oe430X (.const:xdc_runtime_Startup_sfxnRts__C)
                  000143ce    00000004     empty_min_pe430X.oe430X (.const:xdc_runtime_Startup_sfxnTab__C)
                  000143d2    00000004     empty_min_pe430X.oe430X (.const:xdc_runtime_SysMin_outputFunc__C)
                  000143d6    00000004     empty_min_pe430X.oe430X (.const:xdc_runtime_System_Module__gateObj__C)
                  000143da    00000004     empty_min_pe430X.oe430X (.const:xdc_runtime_System_abortFxn__C)
                  000143de    00000004     empty_min_pe430X.oe430X (.const:xdc_runtime_System_exitFxn__C)
                  000143e2    00000004     empty_min_pe430X.oe430X (.const:xdc_runtime_System_extendFxn__C)
                  000143e6    00000004     empty_min_pe430X.oe430X (.const:xdc_runtime_Text_charTab__C)
                  000143ea    00000004     empty_min_pe430X.oe430X (.const:xdc_runtime_Text_nodeTab__A)
                  000143ee    00000004     empty_min_pe430X.oe430X (.const:xdc_runtime_Text_visitRopeFxn__C)
                  000143f2    00000002     empty_min_pe430X.oe430X (.const:ti_sysbios_family_msp430_Hwi_Object__count__C)
                  000143f4    00000002     empty_min_pe430X.oe430X (.const:ti_sysbios_family_msp430_Timer_numTimerDevices__C)
                  000143f6    00000002     empty_min_pe430X.oe430X (.const:ti_sysbios_family_msp430_Timer_startupNeeded__C)
                  000143f8    00000002     empty_min_pe430X.oe430X (.const:ti_sysbios_gates_GateMutex_Instance_State_sem__O)
                  000143fa    00000002     empty_min_pe430X.oe430X (.const:ti_sysbios_knl_Clock_Module_State_clockQ__O)
                  000143fc    00000002     empty_min_pe430X.oe430X (.const:ti_sysbios_knl_Semaphore_Instance_State_pendQ__O)
                  000143fe    00000002     empty_min_pe430X.oe430X (.const:ti_sysbios_knl_Task_Module_State_inactiveQ__O)
                  00014400    00000002     empty_min_pe430X.oe430X (.const:ti_sysbios_knl_Task_Object__count__C)
                  00014402    00000002     empty_min_pe430X.oe430X (.const:ti_sysbios_knl_Task_initStackFlag__C)
                  00014404    00000002     empty_min_pe430X.oe430X (.const:ti_sysbios_knl_Task_numConstructedTasks__C)
                  00014406    00000002     empty_min_pe430X.oe430X (.const:xdc_runtime_Core_Module__id__C)
                  00014408    00000002     empty_min_pe430X.oe430X (.const:xdc_runtime_Error_Module__loggerDefined__C)
                  0001440a    00000002     empty_min_pe430X.oe430X (.const:xdc_runtime_Error_maxDepth__C)
                  0001440c    00000002     empty_min_pe430X.oe430X (.const:xdc_runtime_Error_policy__C)
                  0001440e    00000002     empty_min_pe430X.oe430X (.const:xdc_runtime_Startup_maxPasses__C)
                  00014410    00000002     empty_min_pe430X.oe430X (.const:xdc_runtime_SysMin_bufSize__C)
                  00014412    00000002     empty_min_pe430X.oe430X (.const:xdc_runtime_SysMin_flushAtExit__C)
                  00014414    00000002     empty_min_pe430X.oe430X (.const:xdc_runtime_System_maxAtexitHandlers__C)
                  00014416    00000002     empty_min_pe430X.oe430X (.const:xdc_runtime_Text_isLoaded__C)
                  00014418    00000002     empty_min_pe430X.oe430X (.const:xdc_runtime_Text_registryModsLastId__C)
                  0001441a    00000002     empty_min_pe430X.oe430X (.const:xdc_runtime_Text_unnamedModsLastId__C)
                  0001441c    00000001     empty_min_pe430X.oe430X (.const:xdc_runtime_Text_charTab__A)

.cinit     0    0001441e    000001c4     
                  0001441e    00000193     (.cinit..data.load) [load image, compression = rle]
                  000145b1    00000001     --HOLE-- [fill = 0]
                  000145b2    0000000c     (__TI_handler_table)
                  000145be    00000006     (.cinit..bss.load) [load image, compression = zero_init]
                  000145c4    00000006     (.cinit..cio.load) [load image, compression = zero_init]
                  000145ca    00000018     (__TI_cinit_table)

.init_array 
*          0    00004400    00000000     UNINITIALIZED

RTC        0    0000ffd2    00000002     
                  0000ffd2    00000002     sysbios.ae430X : BIOS.obj (.int41)

PORT2      0    0000ffd4    00000002     
                  0000ffd4    00000002     sysbios.ae430X : BIOS.obj (.int42)

TIMER2_A1 
*          0    0000ffd6    00000002     
                  0000ffd6    00000002     sysbios.ae430X : BIOS.obj (.int43)

TIMER2_A0 
*          0    0000ffd8    00000002     
                  0000ffd8    00000002     sysbios.ae430X : BIOS.obj (.int44)

USCI_B1    0    0000ffda    00000002     
                  0000ffda    00000002     sysbios.ae430X : BIOS.obj (.int45)

USCI_A1    0    0000ffdc    00000002     
                  0000ffdc    00000002     sysbios.ae430X : BIOS.obj (.int46)

PORT1      0    0000ffde    00000002     
                  0000ffde    00000002     sysbios.ae430X : BIOS.obj (.int47)

TIMER1_A1 
*          0    0000ffe0    00000002     
                  0000ffe0    00000002     sysbios.ae430X : BIOS.obj (.int48)

TIMER1_A0 
*          0    0000ffe2    00000002     
                  0000ffe2    00000002     sysbios.ae430X : BIOS.obj (.int49)

DMA        0    0000ffe4    00000002     
                  0000ffe4    00000002     sysbios.ae430X : BIOS.obj (.int50)

USB_UBM    0    0000ffe6    00000002     
                  0000ffe6    00000002     sysbios.ae430X : BIOS.obj (.int51)

TIMER0_A1 
*          0    0000ffe8    00000002     
                  0000ffe8    00000002     sysbios.ae430X : BIOS.obj (.int52)

TIMER0_A0 
*          0    0000ffea    00000002     
                  0000ffea    00000002     sysbios.ae430X : BIOS.obj (.int53)

ADC12      0    0000ffec    00000002     
                  0000ffec    00000002     sysbios.ae430X : BIOS.obj (.int54)

USCI_B0    0    0000ffee    00000002     
                  0000ffee    00000002     sysbios.ae430X : BIOS.obj (.int55)

USCI_A0    0    0000fff0    00000002     
                  0000fff0    00000002     sysbios.ae430X : BIOS.obj (.int56)

WDT        0    0000fff2    00000002     
                  0000fff2    00000002     sysbios.ae430X : BIOS.obj (.int57)

TIMER0_B1 
*          0    0000fff4    00000002     
                  0000fff4    00000002     sysbios.ae430X : BIOS.obj (.int58)

TIMER0_B0 
*          0    0000fff6    00000002     
                  0000fff6    00000002     sysbios.ae430X : BIOS.obj (.int59)

COMP_B     0    0000fff8    00000002     
                  0000fff8    00000002     sysbios.ae430X : BIOS.obj (.int60)

UNMI       0    0000fffa    00000002     
                  0000fffa    00000002     sysbios.ae430X : BIOS.obj (.int61)

SYSNMI     0    0000fffc    00000002     
                  0000fffc    00000002     sysbios.ae430X : BIOS.obj (.int62)

.reset     0    0000fffe    00000002     
                  0000fffe    00000002     boot.ae430X : boot.oe430X (.reset)

xdc.meta   0    00000000    000000f0     COPY SECTION
                  00000000    000000f0     empty_min_pe430X.oe430X (xdc.meta)

xdc.noload 
*          0    00000000    00000000     COPY SECTION

.TI.persistent 
*          0    00002cfe    00000000     UNINITIALIZED

.text      0    00010000    00003f64     
                  00010000    000004d2     ti.targets.msp430.rts430.ae430X : System.oe430X (.text:xdc_runtime_System_doPrint__I)
                  000104d2    000001e8     drivers_MSP430F5529.ae430X : UARTUSCIA.oe430X (.text:UARTUSCIA_open)
                  000106ba    000001a2     sysbios.ae430X : BIOS.obj (.text:ti_sysbios_knl_Semaphore_pend__E)
                  0001085c    0000016c     ti.targets.msp430.rts430.ae430X : Core-smem.oe430X (.text:xdc_runtime_Core_constructObject__I)
                  000109c8    00000164     empty_min_pe430X.oe430X (.text:xdc_runtime_System_printfExtend__I)
                  00010b2c    00000158     ti.targets.msp430.rts430.ae430X : Error.oe430X (.text:xdc_runtime_Error_policyDefault__E)
                  00010c84    0000014a     drivers_MSP430F5529.ae430X : GPIOMSP430.oe430X (.text:GPIO_setConfig)
                  00010dce    00000140                                : I2CUSCIB.oe430X (.text:I2CUSCIB_hwiIntFxn)
                  00010f0e    00000124                                : I2CUSCIB.oe430X (.text:I2CUSCIB_open)
                  00011032    000000ec     sysbios.ae430X : BIOS.obj (.text:ti_sysbios_knl_Swi_restoreHwi__E)
                  0001111e    000000de                    : BIOS.obj (.text:ti_sysbios_knl_Task_sleep__E)
                  000111fc    000000c0     ti.targets.msp430.rts430.ae430X : Startup.oe430X (.text:xdc_runtime_Startup_startMods__I)
                  000112bc    000000be     drivers_MSP430F5529.ae430X : I2CUSCIB.oe430X (.text:I2CUSCIB_transfer)
                  0001137a    000000be     sysbios.ae430X : BIOS.obj (.text:ti_sysbios_knl_Task_startCore__E)
                  00011438    000000ba     drivers_MSP430F5529.ae430X : GPIOMSP430.oe430X (.text:GPIO_init)
                  000114f2    000000b8     doryI2C.obj (.text:doryI2C_checkBus)
                  000115aa    000000b8     ti.targets.msp430.rts430.ae430X : Text.oe430X (.text:xdc_runtime_Text_putSite__E)
                  00011662    000000b0     drivers_MSP430F5529.ae430X : UARTUSCIA.oe430X (.text:UARTUSCIA_hwiIntFxn)
                  00011712    000000b0     sysbios.ae430X : BIOS.obj (.text:ti_sysbios_knl_Swi_run__I)
                  000117c2    000000a8                    : BIOS.obj (.text:ti_sysbios_knl_Task_postInit__I)
                  0001186a    000000a8                    : BIOS.obj (.text:ti_sysbios_knl_Task_schedule__I)
                  00011912    0000009e     ccs-MSP430F5529.lib : usci_a_uart.obj (.text:USCI_A_UART_init)
                  000119b0    0000009e     sysbios.ae430X : BIOS.obj (.text:ti_sysbios_knl_Clock_workFunc__E)
                  00011a4e    00000096     ti.targets.msp430.rts430.ae430X : System.oe430X (.text:xdc_runtime_System_formatNum__I)
                  00011ae4    00000086     sysbios.ae430X : BIOS.obj (.text:ti_sysbios_knl_Semaphore_post__E)
                  00011b6a    00000086     ti.targets.msp430.rts430.ae430X : Text.oe430X (.text:xdc_runtime_Text_putMod__E)
                  00011bf0    00000084     sysbios.ae430X : BIOS.obj (.text:ti_sysbios_family_msp430_Hwi_Module_startup__E)
                  00011c74    00000082     ti.targets.msp430.rts430.ae430X : Text.oe430X (.text:xdc_runtime_Text_putLab__E)
                  00011cf6    00000080     drivers_MSP430F5529.ae430X : UARTUSCIA.oe430X (.text:UARTUSCIA_read)
                  00011d76    00000080                                : UARTUSCIA.oe430X (.text:UARTUSCIA_write)
                  00011df6    0000007e                                : UARTUSCIA.oe430X (.text:findBaudDividerIndex)
                  00011e74    0000007e                                : UARTUSCIA.oe430X (.text:readData)
                  00011ef2    00000078     boot.ae430X : autoinit.oe430X (.text:_auto_init_hold_wdt)
                  00011f6a    00000078     sysbios.ae430X : msp430_TaskSupport_asm.obj (.text:_ti_sysbios_family_msp430_TaskSupport_buildTaskStack)
                  00011fe2    00000078     empty_min.obj (.text:echoFxn)
                  0001205a    00000078     ti.targets.msp430.rts430.ae430X : Error.oe430X (.text:xdc_runtime_Error_setX__E)
                  000120d2    00000072     drivers_MSP430F5529.ae430X : I2CUSCIB.oe430X (.text:I2CUSCIB_primeTransfer)
                  00012144    00000072     sysbios.ae430X : BIOS.obj (.text:ti_sysbios_family_msp430_Timer_periodicStub__E)
                  000121b6    0000006e     drivers_MSP430F5529.ae430X : GPIOMSP430.oe430X (.text:GPIO_write)
                  00012224    0000006a     rts430x_lc_rd_eabi.lib : trgdrv.obj (.text:HOSTwrite)
                  0001228e    00000068     drivers_MSP430F5529.ae430X : GPIOMSP430.oe430X (.text:GPIO_setCallback)
                  000122f6    00000068                                : UARTUSCIA.oe430X (.text:UARTUSCIA_readCancel)
                  0001235e    00000068                                : UARTUSCIA.oe430X (.text:UARTUSCIA_writeCancel)
                  000123c6    00000068     rts430x_lc_rd_eabi.lib : copy_decompress_rle.obj (.text:__TI_decompress_rle_core)
                  0001242e    00000068     sysbios.ae430X : BIOS.obj (.text:ti_sysbios_family_msp430_TaskSupport_start__E)
                  00012496    00000068     ti.targets.msp430.rts430.ae430X : Assert.oe430X (.text:xdc_runtime_Assert_raise__I)
                  000124fe    00000066     sysbios.ae430X : BIOS.obj (.text:ti_sysbios_knl_Task_Module_startup__E)
                  00012564    00000064                    : BIOS.obj (.text:ti_sysbios_family_msp430_Hwi_postInit__I)
                  000125c8    00000064     ti.targets.msp430.rts430.ae430X : SysMin.oe430X (.text:xdc_runtime_SysMin_flush__E)
                  0001262c    0000005e     sysbios.ae430X : BIOS.obj (.text:ti_sysbios_family_msp430_Timer_setNextTick__E)
                  0001268a    0000005c     drivers_MSP430F5529.ae430X : UARTUSCIA.oe430X (.text:writeData)
                  000126e6    00000058     rts430x_lc_rd_eabi.lib : div32u.obj (.text)
                  0001273e    00000056     sysbios.ae430X : BIOS.obj (.text:ti_sysbios_family_msp430_Hwi_getStackInfo__E)
                  00012794    00000056                    : BIOS.obj (.text:ti_sysbios_knl_Task_blockI__E)
                  000127ea    00000056     ti.targets.msp430.rts430.ae430X : SysMin.oe430X (.text:xdc_runtime_SysMin_putch__E)
                  00012840    00000054     sysbios.ae430X : BIOS.obj (.text:ti_sysbios_family_msp430_Timer_start__E)
                  00012894    00000054                    : BIOS.obj (.text:ti_sysbios_knl_Task_processVitalTaskFlag__I)
                  000128e8    00000054                    : BIOS.obj (.text:ti_sysbios_knl_Task_unblockI__E)
                  0001293c    00000052     drivers_MSP430F5529.ae430X : I2CUSCIB.oe430X (.text:I2CUSCIB_completeTransfer)
                  0001298e    00000052     ti.targets.msp430.rts430.ae430X : Startup.oe430X (.text:xdc_runtime_Startup_exec__E)
                  000129e0    00000050     doryI2C.obj (.text:doryI2C_init)
                  00012a30    00000050     sysbios.ae430X : BIOS.obj (.text:ti_sysbios_family_msp430_Timer_initDevice__I)
                  00012a80    0000004e                    : BIOS.obj (.text:ti_sysbios_knl_Task_exit__E)
                  00012ace    0000004e     ti.targets.msp430.rts430.ae430X : Core-params.oe430X (.text:xdc_runtime_Core_assignParams__I)
                  00012b1c    0000004c     ti.catalog.msp430.init.ae430X : Boot.oe430X (.text:.bootCodeSection:ti_catalog_msp430_init_Boot_configureDCO)
                  00012b68    0000004a     sysbios.ae430X : BIOS.obj (.text:ti_sysbios_family_msp430_Timer_startup__E)
                  00012bb2    0000004a                    : BIOS.obj (.text:ti_sysbios_knl_Task_allBlockedFunction__I)
                  00012bfc    00000048     drivers_MSP430F5529.ae430X : GPIOMSP430.oe430X (.text:GPIO_toggle)
                  00012c44    00000048                                : UARTUSCIA.oe430X (.text:UARTUSCIA_close)
                  00012c8c    00000048     sysbios.ae430X : BIOS.obj (.text:ti_sysbios_knl_Semaphore_pendTimeout__I)
                  00012cd4    00000046                    : BIOS.obj (.text:ti_sysbios_family_msp430_Timer_Module_startup__E)
                  00012d1a    00000042     ccs-MSP430F5529.lib : gpio.obj (.text:GPIO_setAsInputPinWithPullDownResistor)
                  00012d5c    00000042                         : gpio.obj (.text:GPIO_setAsInputPinWithPullUpResistor)
                  00012d9e    00000042     sysbios.ae430X : BIOS.obj (.text:ti_sysbios_family_msp430_Timer_getCount__E)
                  00012de0    00000042                    : BIOS.obj (.text:ti_sysbios_knl_Clock_addI__E)
                  00012e22    00000042     ti.targets.msp430.rts430.ae430X : Text.oe430X (.text:xdc_runtime_Text_xprintf__I)
                  00012e64    00000040                                     : Text.oe430X (.text:xdc_runtime_Text_printVisFxn__I)
                  00012ea4    0000003e     ccs-MSP430F5529.lib : usci_b_i2c.obj (.text:USCI_B_I2C_initMaster)
                  00012ee2    0000003e     empty_min_pe430X.oe430X (.text:ti_sysbios_knl_Semaphore_construct)
                  00012f20    0000003e     ti.targets.msp430.rts430.ae430X : System.oe430X (.text:xdc_runtime_System_atexit__E)
                  00012f5e    0000003c     sysbios.ae430X : BIOS.obj (.text:ti_sysbios_family_msp430_ClockFreqs_getFrequency__E)
                  00012f9a    0000003c                    : BIOS.obj (.text:ti_sysbios_hal_Hwi_initStack)
                  00012fd6    0000003c     ti.targets.msp430.rts430.ae430X : System.oe430X (.text:xdc_runtime_System_processAtExit__E)
                  00013012    0000003a     drivers_MSP430F5529.ae430X : I2CUSCIB.oe430X (.text:I2CUSCIB_close)
                  0001304c    0000003a                                : I2C.oe430X (.text:I2C_init)
                  00013086    0000003a                                : UARTUSCIA.oe430X (.text:UARTUSCIA_readPolling)
                  000130c0    0000003a                                : UARTUSCIA.oe430X (.text:UARTUSCIA_writePolling)
                  000130fa    0000003a                                : UART.oe430X (.text:UART_init)
                  00013134    0000003a     sysbios.ae430X : BIOS.obj (.text:ti_sysbios_family_msp430_Hwi46_p2)
                  0001316e    0000003a                    : BIOS.obj (.text:ti_sysbios_family_msp430_Hwi55_p2)
                  000131a8    0000003a                    : BIOS.obj (.text:ti_sysbios_gates_GateMutex_enter__E)
                  000131e2    0000003a     empty_min_pe430X.oe430X (.text:ti_sysbios_knl_Queue_construct)
                  0001321c    0000003a     ti.targets.msp430.rts430.ae430X : System.oe430X (.text:xdc_runtime_System_putchar__I)
                  00013256    00000038     empty_min.obj (.text:main)
                  0001328e    00000038     sysbios.ae430X : BIOS.obj (.text:ti_sysbios_family_msp430_Hwi53_p2)
                  000132c6    00000036     ccs-MSP430F5529.lib : gpio.obj (.text:GPIO_setAsInputPin)
                  000132fc    00000036     rts430x_lc_rd_eabi.lib : trgmsg.obj (.text:__TI_writemsg)
                  00013332    00000036     ti.targets.msp430.rts430.ae430X : Error.oe430X (.text:xdc_runtime_Error_raiseX__E)
                  00013368    00000032     rts430x_lc_rd_eabi.lib : trgmsg.obj (.text:__TI_readmsg)
                  0001339a    00000032     sysbios.ae430X : BIOS.obj (.text:ti_sysbios_family_msp430_Timer_postInit__I)
                  000133cc    00000032                    : BIOS.obj (.text:ti_sysbios_family_msp430_Timer_stop__E)
                  000133fe    00000032                    : msp430_Hwi_switch_asm.obj (.text:ti_sysbios_family_xxx_Hwi_switchAndRunFunc)
                  00013430    00000032     ti.targets.msp430.rts430.ae430X : SysMin.oe430X (.text:xdc_runtime_SysMin_abort__E)
                  00013462    00000032                                     : System.oe430X (.text:xdc_runtime_System_vprintf__E)
                  00013494    00000030     ccs-MSP430F5529.lib : usci_a_uart.obj (.text:USCI_A_UART_disableInterrupt)
                  000134c4    00000030                         : usci_b_i2c.obj (.text:USCI_B_I2C_masterSendMultiByteFinish)
                  000134f4    00000030     empty_min_pe430X.oe430X (.text:ti_sysbios_knl_Clock_doTick__I)
                  00013524    00000030     sysbios.ae430X : BIOS.obj (.text:ti_sysbios_knl_Queue_put__E)
                  00013554    0000002e     ccs-MSP430F5529.lib : gpio.obj (.text:GPIO_selectInterruptEdge)
                  00013582    0000002e     rts430x_lc_rd_eabi.lib : exit.obj (.text:exit)
                  000135b0    0000002e     sysbios.ae430X : BIOS.obj (.text:ti_sysbios_knl_Semaphore_Instance_init__E)
                  000135de    0000002a     empty_min_pe430X.oe430X (.text:ti_sysbios_family_msp430_Hwi_Object__get__S)
                  00013608    0000002a     sysbios.ae430X : BIOS.obj (.text:ti_sysbios_knl_Clock_Module_startup__E)
                  00013632    0000002a     empty_min_pe430X.oe430X (.text:ti_sysbios_knl_Task_Object__get__S)
                  0001365c    0000002a     sysbios.ae430X : BIOS.obj (.text:ti_sysbios_knl_Task_sleepTimeout__I)
                  00013686    0000002a     empty_min_pe430X.oe430X (.text:xdc_runtime_SysMin_output__I)
                  000136b0    00000028     ccs-MSP430F5529.lib : gpio.obj (.text:GPIO_setAsOutputPin)
                  000136d8    00000028                         : gpio.obj (.text:GPIO_setAsPeripheralModuleFunctionInputPin)
                  00013700    00000028     sysbios.ae430X : BIOS.obj (.text:ti_sysbios_knl_Task_restore__E)
                  00013728    00000026     ccs-MSP430F5529.lib : usci_b_i2c.obj (.text:USCI_B_I2C_masterReceiveSingleStart)
                  0001374e    00000026     rts430x_lc_rd_eabi.lib : args_main.obj (.text:_args_main)
                  00013774    00000026     empty_min_pe430X.oe430X (.text:ti_sysbios_BIOS_atExitFunc__I)
                  0001379a    00000024     rts430x_lc_rd_eabi.lib : copy_zero_init.obj (.text:decompress:ZI:__TI_zero_init)
                  000137be    00000024     empty_min_pe430X.oe430X (.text:ti_sysbios_BIOS_rtsLock__I)
                  000137e2    00000022     sysbios.ae430X : BIOS.obj (.text:ti_sysbios_gates_GateMutex_leave__E)
                  00013804    00000022                    : BIOS.obj (.text:ti_sysbios_knl_Clock_startI__E)
                  00013826    00000022                    : BIOS.obj (.text:ti_sysbios_knl_Idle_run__E)
                  00013848    00000020     ccs-MSP430F5529.lib : usci_a_uart.obj (.text:USCI_A_UART_transmitData)
                  00013868    00000020                         : usci_b_i2c.obj (.text:USCI_B_I2C_masterReceiveMultiByteFinish)
                  00013888    00000020                         : usci_b_i2c.obj (.text:USCI_B_I2C_masterSendMultiByteNext)
                  000138a8    00000020     ti.targets.msp430.rts430.ae430X : Error.oe430X (.text:xdc_runtime_Error_check__E)
                  000138c8    0000001e     ccs-MSP430F5529.lib : gpio.obj (.text:GPIO_clearInterrupt)
                  000138e6    0000001e                         : usci_a_uart.obj (.text:USCI_A_UART_receiveData)
                  00013904    0000001e     empty_min_pe430X.oe430X (.text:ti_sysbios_BIOS_rtsUnlock__I)
                  00013922    0000001e     empty_min_pe430X.oe430X (.text:ti_sysbios_family_msp430_Timer_Module__startupDone__F)
                  00013940    0000001e     sysbios.ae430X : BIOS.obj (.text:ti_sysbios_knl_Task_enter__I)
                  0001395e    0000001c     ccs-MSP430F5529.lib : gpio.obj (.text:GPIO_setOutputHighOnPin)
                  0001397a    0000001c                         : gpio.obj (.text:GPIO_setOutputLowOnPin)
                  00013996    0000001c                         : gpio.obj (.text:GPIO_toggleOutputOnPin)
                  000139b2    0000001c     drivers_MSP430F5529.ae430X : I2C.oe430X (.text:I2C_open)
                  000139ce    0000001c                                : UART.oe430X (.text:UART_open)
                  000139ea    0000001c     ccs-MSP430F5529.lib : usci_a_uart.obj (.text:USCI_A_UART_enableInterrupt)
                  00013a06    0000001c     sysbios.ae430X : msp430_TaskSupport_asm.obj (.text:_ti_sysbios_family_msp430_TaskSupport_swap__E)
                  00013a22    0000001c     drivers_MSP430F5529.ae430X : GPIOMSP430.oe430X (.text:getPinNumber)
                  00013a3e    0000001c     empty_min_pe430X.oe430X (.text:ti_sysbios_family_msp430_Hwi_Module__startupDone__F)
                  00013a5a    0000001c     sysbios.ae430X : BIOS.obj (.text:ti_sysbios_knl_Task_unblock__E)
                  00013a76    0000001c     ti.targets.msp430.rts430.ae430X : Registry.oe430X (.text:xdc_runtime_Registry_findById__E)
                  00013a92    0000001c                                     : SysMin.oe430X (.text:xdc_runtime_SysMin_Module_startup__E)
                  00013aae    0000001a     empty_min.obj (.text:heartBeatFxn)
                  00013ac8    0000001a     empty_min_pe430X.oe430X (.text:ti_sysbios_BIOS_errorRaiseHook__I)
                  00013ae2    0000001a     empty_min_pe430X.oe430X (.text:ti_sysbios_BIOS_exitFunc__I)
                  00013afc    0000001a     empty_min_pe430X.oe430X (.text:ti_sysbios_BIOS_registerRTSLock__I)
                  00013b16    0000001a     empty_min_pe430X.oe430X (.text:ti_sysbios_BIOS_removeRTSLock__I)
                  00013b30    0000001a     empty_min_pe430X.oe430X (.text:ti_sysbios_knl_Semaphore_Object__destruct__S)
                  00013b4a    0000001a     ti.targets.msp430.rts430.ae430X : System.oe430X (.text:xdc_runtime_System_vsnprintf__E)
                  00013b64    00000018     sysbios.ae430X : BIOS.obj (.text:ti_sysbios_BIOS_setThreadType__E)
                  00013b7c    00000018     empty_min_pe430X.oe430X (.text:ti_sysbios_BIOS_startFunc__I)
                  00013b94    00000018     empty_min_pe430X.oe430X (.text:ti_sysbios_knl_Queue_Object__destruct__S)
                  00013bac    00000016     empty_min.obj (.text:greenLedFxn)
                  00013bc2    00000016     rts430x_lc_rd_eabi.lib : memset.obj (.text:memset)
                  00013bd8    00000016                            : div16u.obj (.text)
                  00013bee    00000016                            : mult16_f5hw.obj (.text)
                  00013c04    00000016     ti.targets.msp430.rts430.ae430X : Core-smem.oe430X (.text:xdc_runtime_Core_destructObject__I)
                  00013c1a    00000016                                     : SysMin.oe430X (.text:xdc_runtime_SysMin_exit__E)
                  00013c30    00000016                                     : System.oe430X (.text:xdc_runtime_System_abort__E)
                  00013c46    00000014     rts430x_lc_rd_eabi.lib : memcpy.obj (.text:memcpy)
                  00013c5a    00000014     empty_min_pe430X.oe430X (.text:ti_sysbios_knl_Queue_Object__get__S)
                  00013c6e    00000014     ti.targets.msp430.rts430.ae430X : Text.oe430X (.text:xdc_runtime_Text_ropeText__E)
                  00013c82    00000012     MSP_EXP430F5529LP.obj (.text:MSP_EXP430F5529LP_initI2C)
                  00013c94    00000012     rts430x_lc_rd_eabi.lib : copy_decompress_none.obj (.text:decompress:none:__TI_decompress_none)
                  00013ca6    00000012     sysbios.ae430X : BIOS.obj (.text:ti_sysbios_gates_GateHwi_leave__E)
                  00013cb8    00000012                    : BIOS.obj (.text:ti_sysbios_knl_Semaphore_Instance_finalize__E)
                  00013cca    00000012     empty_min_pe430X.oe430X (.text:xdc_runtime_Startup_exec__I)
                  00013cdc    00000012     ti.targets.msp430.rts430.ae430X : System.oe430X (.text:xdc_runtime_System_exit__E)
                  00013cee    00000012     empty_min_pe430X.oe430X (.text:xdc_runtime_System_printf__E)
                  00013d00    00000010     drivers_MSP430F5529.ae430X : I2CUSCIB.oe430X (.text:I2CUSCIB_blockingCallback)
                  00013d10    00000010     MSP_EXP430F5529LP.obj (.text:MSP_EXP430F5529LP_initUART)
                  00013d20    00000010     sysbios.ae430X : msp430_TaskSupport_asm.obj (.text:_ti_sysbios_family_msp430_TaskSupport_glue)
                  00013d30    00000010     drivers_MSP430F5529.ae430X : UARTUSCIA.oe430X (.text:readSemCallback)
                  00013d40    00000010     sysbios.ae430X : BIOS.obj (.text:ti_sysbios_hal_Hwi_Module_startup__E)
                  00013d50    00000010     drivers_MSP430F5529.ae430X : UARTUSCIA.oe430X (.text:writeSemCallback)
                  00013d60    00000010     ti.targets.msp430.rts430.ae430X : Error.oe430X (.text:xdc_runtime_Error_init__E)
                  00013d70    0000000e     ccs-MSP430F5529.lib : usci_b_i2c.obj (.text:USCI_B_I2C_masterReceiveMultiByteStart)
                  00013d7e    0000000e                         : usci_b_i2c.obj (.text:USCI_B_I2C_setMode)
                  00013d8c    0000000e     rts430x_lc_rd_eabi.lib : strlen.obj (.text:strlen)
                  00013d9a    0000000e     sysbios.ae430X : BIOS.obj (.text:ti_sysbios_family_msp430_Timer_getMaxTicks__E)
                  00013da8    0000000e                    : BIOS.obj (.text:ti_sysbios_knl_Queue_empty__E)
                  00013db6    0000000e                    : BIOS.obj (.text:ti_sysbios_knl_Task_disable__E)
                  00013dc4    0000000e     ti.targets.msp430.rts430.ae430X : SysMin.oe430X (.text:xdc_runtime_SysMin_ready__E)
                  00013dd2    0000000c     empty_min_pe430X.oe430X (.text:.bootCodeSection:ti_catalog_msp430_init_Boot_init)
                  00013dde    0000000c     drivers_MSP430F5529.ae430X : I2C.oe430X (.text:I2C_Params_init)
                  00013dea    0000000c                                : UART.oe430X (.text:UART_Params_init)
                  00013df6    0000000c     ccs-MSP430F5529.lib : usci_b_i2c.obj (.text:USCI_B_I2C_clearInterrupt)
                  00013e02    0000000c                         : usci_b_i2c.obj (.text:USCI_B_I2C_disableInterrupt)
                  00013e0e    0000000c                         : usci_b_i2c.obj (.text:USCI_B_I2C_enableInterrupt)
                  00013e1a    0000000c                         : usci_b_i2c.obj (.text:USCI_B_I2C_setSlaveAddress)
                  00013e26    0000000c     empty_min_pe430X.oe430X (.text:ti_sysbios_knl_Semaphore_Params__init__S)
                  00013e32    0000000c     ti.targets.msp430.rts430.ae430X : Gate.oe430X (.text:xdc_runtime_Gate_leaveSystem__E)
                  00013e3e    0000000a     drivers_MSP430F5529.ae430X : I2CUSCIB.oe430X (.text:I2CUSCIB_init)
                  00013e48    0000000a                                : UARTUSCIA.oe430X (.text:UARTUSCIA_init)
                  00013e52    0000000a     ccs-MSP430F5529.lib : usci_a_uart.obj (.text:USCI_A_UART_getInterruptStatus)
                  00013e5c    0000000a                         : usci_b_i2c.obj (.text:USCI_B_I2C_getInterruptStatus)
                  00013e66    0000000a     rts430x_lc_rd_eabi.lib : lsl16.obj (.text)
                  00013e70    0000000a     sysbios.ae430X : BIOS.obj (.text:ti_sysbios_BIOS_start__E)
                  00013e7a    0000000a                    : BIOS.obj (.text:ti_sysbios_family_msp430_Hwi_startup__E)
                  00013e84    0000000a                    : BIOS.obj (.text:ti_sysbios_gates_GateHwi_enter__E)
                  00013e8e    0000000a                    : BIOS.obj (.text:ti_sysbios_knl_Queue_Instance_init__E)
                  00013e98    00000008     ti.catalog.msp430.init.ae430X : Boot.oe430X (.text:.bootCodeSection:ti_catalog_msp430_init_Boot_disableWatchdog)
                  00013ea0    00000008     drivers_MSP430F5529.ae430X : I2C.oe430X (.text:I2C_transfer)
                  00013ea8    00000008                                : UART.oe430X (.text:UART_read)
                  00013eb0    00000008                                : UART.oe430X (.text:UART_write)
                  00013eb8    00000008     ccs-MSP430F5529.lib : usci_b_i2c.obj (.text:USCI_B_I2C_slaveGetData)
                  00013ec0    00000008     ti.targets.msp430.rts430.ae430X : xdc_init.oe430X (.text:__xdc__init)
                  00013ec8    00000008     sysbios.ae430X : BIOS.obj (.text:ti_sysbios_family_msp430_Hwi_switchFromBootStack__E)
                  00013ed0    00000008     ti.targets.msp430.rts430.ae430X : Gate.oe430X (.text:xdc_runtime_Gate_enterSystem__E)
                  00013ed8    00000006     drivers_MSP430F5529.ae430X : I2CUSCIB.oe430X (.text:I2CUSCIB_control)
                  00013ede    00000006                                : UARTUSCIA.oe430X (.text:UARTUSCIA_control)
                  00013ee4    00000006     ccs-MSP430F5529.lib : usci_a_uart.obj (.text:USCI_A_UART_disable)
                  00013eea    00000006                         : usci_a_uart.obj (.text:USCI_A_UART_enable)
                  00013ef0    00000006                         : usci_b_i2c.obj (.text:USCI_B_I2C_disable)
                  00013ef6    00000006                         : usci_b_i2c.obj (.text:USCI_B_I2C_enable)
                  00013efc    00000006                         : usci_b_i2c.obj (.text:USCI_B_I2C_masterReceiveMultiByteStop)
                  00013f02    00000006                         : usci_b_i2c.obj (.text:USCI_B_I2C_masterSendStart)
                  00013f08    00000006     rts430x_lc_rd_eabi.lib : _lock.obj (.text:_register_lock)
                  00013f0e    00000006                            : _lock.obj (.text:_register_unlock)
                  00013f14    00000006                            : copy_decompress_rle.obj (.text:decompress:rle24:__TI_decompress_rle24)
                  00013f1a    00000006     empty_min_pe430X.oe430X (.text:xdc_runtime_Text_visitRope__I)
                  00013f20    00000004     boot.ae430X : pre_init.oe430X (.text:_system_pre_init)
                  00013f24    00000004     rts430x_lc_rd_eabi.lib : exit.obj (.text:abort)
                  00013f28    00000004     empty_min_pe430X.oe430X (.text:ti_sysbios_BIOS_RtsGateProxy_enter__E)
                  00013f2c    00000004     empty_min_pe430X.oe430X (.text:ti_sysbios_BIOS_RtsGateProxy_leave__E)
                  00013f30    00000004     empty_min_pe430X.oe430X (.text:ti_sysbios_family_msp430_TaskSupport_Module__startupDone__S)
                  00013f34    00000004     sysbios.ae430X : BIOS.obj (.text:ti_sysbios_gates_GateHwi_query__E)
                  00013f38    00000004                    : BIOS.obj (.text:ti_sysbios_gates_GateMutex_query__E)
                  00013f3c    00000004     empty_min_pe430X.oe430X (.text:ti_sysbios_knl_Clock_TimerProxy_getMaxTicks__E)
                  00013f40    00000004     empty_min_pe430X.oe430X (.text:ti_sysbios_knl_Queue_destruct)
                  00013f44    00000004     empty_min_pe430X.oe430X (.text:ti_sysbios_knl_Semaphore_destruct)
                  00013f48    00000004     sysbios.ae430X : BIOS.obj (.text:ti_sysbios_knl_Swi_Module_startup__E)
                  00013f4c    00000004                    : BIOS.obj (.text:ti_sysbios_knl_Task_startup__E)
                  00013f50    00000004     empty_min_pe430X.oe430X (.text:xdc_runtime_System_Module_GateProxy_enter__E)
                  00013f54    00000004     empty_min_pe430X.oe430X (.text:xdc_runtime_System_Module_GateProxy_leave__E)
                  00013f58    00000004     ti.targets.msp430.rts430.ae430X : System.oe430X (.text:xdc_runtime_System_Module_startup__E)
                  00013f5c    00000002     MSP_EXP430F5529LP.obj (.text:MSP_EXP430F5529LP_initGeneral)
                  00013f5e    00000002     rts430x_lc_rd_eabi.lib : _lock.obj (.text:_nop)
                  00013f60    00000002     empty_min_pe430X.oe430X (.text:ti_sysbios_BIOS_nullFunc__I)
                  00013f62    00000002     sysbios.ae430X : BIOS.obj (.text:ti_sysbios_knl_Clock_logTick__E)


LINKER GENERATED COPY TABLES

__TI_cinit_table @ 000145ca records: 3, size/record: 8, table size: 24
	.data: load addr=0001441e, load size=00000193 bytes, run addr=00002cfe, run size=00000295 bytes, compression=rle
	.bss: load addr=000145be, load size=00000006 bytes, run addr=00002400, run size=000008fe bytes, compression=zero_init
	.cio: load addr=000145c4, load size=00000006 bytes, run addr=00002f94, run size=00000120 bytes, compression=zero_init


LINKER GENERATED HANDLER TABLE

__TI_handler_table @ 000145b2 records: 3, size/record: 4, table size: 12
	index: 0, handler: __TI_zero_init
	index: 1, handler: __TI_decompress_rle24
	index: 2, handler: __TI_decompress_none


GLOBAL SYMBOLS: SORTED ALPHABETICALLY BY Name 

address   name                                                       
-------   ----                                                       
00000700  ADC12CTL0                                                  
00000701  ADC12CTL0_H                                                
00000700  ADC12CTL0_L                                                
00000702  ADC12CTL1                                                  
00000703  ADC12CTL1_H                                                
00000702  ADC12CTL1_L                                                
00000704  ADC12CTL2                                                  
00000705  ADC12CTL2_H                                                
00000704  ADC12CTL2_L                                                
0000070c  ADC12IE                                                    
0000070d  ADC12IE_H                                                  
0000070c  ADC12IE_L                                                  
0000070a  ADC12IFG                                                   
0000070b  ADC12IFG_H                                                 
0000070a  ADC12IFG_L                                                 
0000070e  ADC12IV                                                    
0000070f  ADC12IV_H                                                  
0000070e  ADC12IV_L                                                  
00000710  ADC12MCTL0                                                 
00000711  ADC12MCTL1                                                 
0000071a  ADC12MCTL10                                                
0000071b  ADC12MCTL11                                                
0000071c  ADC12MCTL12                                                
0000071d  ADC12MCTL13                                                
0000071e  ADC12MCTL14                                                
0000071f  ADC12MCTL15                                                
00000712  ADC12MCTL2                                                 
00000713  ADC12MCTL3                                                 
00000714  ADC12MCTL4                                                 
00000715  ADC12MCTL5                                                 
00000716  ADC12MCTL6                                                 
00000717  ADC12MCTL7                                                 
00000718  ADC12MCTL8                                                 
00000719  ADC12MCTL9                                                 
00000720  ADC12MEM0                                                  
00000721  ADC12MEM0_H                                                
00000720  ADC12MEM0_L                                                
00000722  ADC12MEM1                                                  
00000734  ADC12MEM10                                                 
00000735  ADC12MEM10_H                                               
00000734  ADC12MEM10_L                                               
00000736  ADC12MEM11                                                 
00000737  ADC12MEM11_H                                               
00000736  ADC12MEM11_L                                               
00000738  ADC12MEM12                                                 
00000739  ADC12MEM12_H                                               
00000738  ADC12MEM12_L                                               
0000073a  ADC12MEM13                                                 
0000073b  ADC12MEM13_H                                               
0000073a  ADC12MEM13_L                                               
0000073c  ADC12MEM14                                                 
0000073d  ADC12MEM14_H                                               
0000073c  ADC12MEM14_L                                               
0000073e  ADC12MEM15                                                 
0000073f  ADC12MEM15_H                                               
0000073e  ADC12MEM15_L                                               
00000723  ADC12MEM1_H                                                
00000722  ADC12MEM1_L                                                
00000724  ADC12MEM2                                                  
00000725  ADC12MEM2_H                                                
00000724  ADC12MEM2_L                                                
00000726  ADC12MEM3                                                  
00000727  ADC12MEM3_H                                                
00000726  ADC12MEM3_L                                                
00000728  ADC12MEM4                                                  
00000729  ADC12MEM4_H                                                
00000728  ADC12MEM4_L                                                
0000072a  ADC12MEM5                                                  
0000072b  ADC12MEM5_H                                                
0000072a  ADC12MEM5_L                                                
0000072c  ADC12MEM6                                                  
0000072d  ADC12MEM6_H                                                
0000072c  ADC12MEM6_L                                                
0000072e  ADC12MEM7                                                  
0000072f  ADC12MEM7_H                                                
0000072e  ADC12MEM7_L                                                
00000730  ADC12MEM8                                                  
00000731  ADC12MEM8_H                                                
00000730  ADC12MEM8_L                                                
00000732  ADC12MEM9                                                  
00000733  ADC12MEM9_H                                                
00000732  ADC12MEM9_L                                                
00013f24  C$$EXIT                                                    
0001332e  C$$IO$$                                                    
000008c0  CBCTL0                                                     
000008c1  CBCTL0_H                                                   
000008c0  CBCTL0_L                                                   
000008c2  CBCTL1                                                     
000008c3  CBCTL1_H                                                   
000008c2  CBCTL1_L                                                   
000008c4  CBCTL2                                                     
000008c5  CBCTL2_H                                                   
000008c4  CBCTL2_L                                                   
000008c6  CBCTL3                                                     
000008c7  CBCTL3_H                                                   
000008c6  CBCTL3_L                                                   
000008cc  CBINT                                                      
000008cd  CBINT_H                                                    
000008cc  CBINT_L                                                    
000008ce  CBIV                                                       
00000150  CRCDI                                                      
00000152  CRCDIRB                                                    
00000153  CRCDIRB_H                                                  
00000152  CRCDIRB_L                                                  
00000151  CRCDI_H                                                    
00000150  CRCDI_L                                                    
00000154  CRCINIRES                                                  
00000155  CRCINIRES_H                                                
00000154  CRCINIRES_L                                                
00000156  CRCRESR                                                    
00000157  CRCRESR_H                                                  
00000156  CRCRESR_L                                                  
00000510  DMA0CTL                                                    
00000511  DMA0CTL_H                                                  
00000510  DMA0CTL_L                                                  
00000516  DMA0DA                                                     
00000518  DMA0DAH                                                    
00000516  DMA0DAL                                                    
00000512  DMA0SA                                                     
00000514  DMA0SAH                                                    
00000512  DMA0SAL                                                    
0000051a  DMA0SZ                                                     
00000520  DMA1CTL                                                    
00000521  DMA1CTL_H                                                  
00000520  DMA1CTL_L                                                  
00000526  DMA1DA                                                     
00000528  DMA1DAH                                                    
00000526  DMA1DAL                                                    
00000522  DMA1SA                                                     
00000524  DMA1SAH                                                    
00000522  DMA1SAL                                                    
0000052a  DMA1SZ                                                     
00000530  DMA2CTL                                                    
00000531  DMA2CTL_H                                                  
00000530  DMA2CTL_L                                                  
00000536  DMA2DA                                                     
00000538  DMA2DAH                                                    
00000536  DMA2DAL                                                    
00000532  DMA2SA                                                     
00000534  DMA2SAH                                                    
00000532  DMA2SAL                                                    
0000053a  DMA2SZ                                                     
00000500  DMACTL0                                                    
00000501  DMACTL0_H                                                  
00000500  DMACTL0_L                                                  
00000502  DMACTL1                                                    
00000503  DMACTL1_H                                                  
00000502  DMACTL1_L                                                  
00000504  DMACTL2                                                    
00000505  DMACTL2_H                                                  
00000504  DMACTL2_L                                                  
00000506  DMACTL3                                                    
00000507  DMACTL3_H                                                  
00000506  DMACTL3_L                                                  
00000508  DMACTL4                                                    
00000509  DMACTL4_H                                                  
00000508  DMACTL4_L                                                  
0000050e  DMAIV                                                      
0000050f  DMAIV_H                                                    
0000050e  DMAIV_L                                                    
00000140  FCTL1                                                      
00000141  FCTL1_H                                                    
00000140  FCTL1_L                                                    
00000144  FCTL3                                                      
00000145  FCTL3_H                                                    
00000144  FCTL3_L                                                    
00000146  FCTL4                                                      
00000147  FCTL4_H                                                    
00000146  FCTL4_L                                                    
000142fe  GPIOMSP430_config                                          
000138c8  GPIO_clearInterrupt                                        
00011438  GPIO_init                                                  
00013554  GPIO_selectInterruptEdge                                   
000132c6  GPIO_setAsInputPin                                         
00012d1a  GPIO_setAsInputPinWithPullDownResistor                     
00012d5c  GPIO_setAsInputPinWithPullUpResistor                       
000136b0  GPIO_setAsOutputPin                                        
000136d8  GPIO_setAsPeripheralModuleFunctionInputPin                 
0001228e  GPIO_setCallback                                           
00010c84  GPIO_setConfig                                             
0001395e  GPIO_setOutputHighOnPin                                    
0001397a  GPIO_setOutputLowOnPin                                     
00012bfc  GPIO_toggle                                                
00013996  GPIO_toggleOutputOnPin                                     
000121b6  GPIO_write                                                 
00012224  HOSTwrite                                                  
00013012  I2CUSCIB_close                                             
00013ed8  I2CUSCIB_control                                           
000142b0  I2CUSCIB_fxnTable                                          
00010dce  I2CUSCIB_hwiIntFxn                                         
00013e3e  I2CUSCIB_init                                              
00010f0e  I2CUSCIB_open                                              
000112bc  I2CUSCIB_transfer                                          
00013dde  I2C_Params_init                                            
00014238  I2C_config                                                 
0001432c  I2C_defaultParams                                          
0001304c  I2C_init                                                   
000139b2  I2C_open                                                   
00013ea0  I2C_transfer                                               
000141a2  IntrinsicsSupport_maxbitTable                              
000004c4  MAC                                                        
000004da  MAC32H                                                     
000004db  MAC32H_H                                                   
000004da  MAC32H_L                                                   
000004d8  MAC32L                                                     
000004d9  MAC32L_H                                                   
000004d8  MAC32L_L                                                   
000004c6  MACS                                                       
000004de  MACS32H                                                    
000004df  MACS32H_H                                                  
000004de  MACS32H_L                                                  
000004dc  MACS32L                                                    
000004dd  MACS32L_H                                                  
000004dc  MACS32L_L                                                  
000004c7  MACS_H                                                     
000004c6  MACS_L                                                     
000004c5  MAC_H                                                      
000004c4  MAC_L                                                      
000004c0  MPY                                                        
000004ec  MPY32CTL0                                                  
000004ed  MPY32CTL0_H                                                
000004ec  MPY32CTL0_L                                                
000004d2  MPY32H                                                     
000004d3  MPY32H_H                                                   
000004d2  MPY32H_L                                                   
000004d0  MPY32L                                                     
000004d1  MPY32L_H                                                   
000004d0  MPY32L_L                                                   
000004c2  MPYS                                                       
000004d6  MPYS32H                                                    
000004d7  MPYS32H_H                                                  
000004d6  MPYS32H_L                                                  
000004d4  MPYS32L                                                    
000004d5  MPYS32L_H                                                  
000004d4  MPYS32L_L                                                  
000004c3  MPYS_H                                                     
000004c2  MPYS_L                                                     
000004c1  MPY_H                                                      
000004c0  MPY_L                                                      
00011438  MSP_EXP430F5529LP_initGPIO                                 
00013f5c  MSP_EXP430F5529LP_initGeneral                              
00013c82  MSP_EXP430F5529LP_initI2C                                  
00013d10  MSP_EXP430F5529LP_initUART                                 
000004c8  OP2                                                        
000004e2  OP2H                                                       
000004e3  OP2H_H                                                     
000004e2  OP2H_L                                                     
000004e0  OP2L                                                       
000004e1  OP2L_H                                                     
000004e0  OP2L_L                                                     
000004c9  OP2_H                                                      
000004c8  OP2_L                                                      
0000020e  P1IV                                                       
0000021e  P2IV                                                       
000001e0  P4MAP01                                                    
000001e1  P4MAP01_H                                                  
000001e0  P4MAP01_L                                                  
000001e2  P4MAP23                                                    
000001e3  P4MAP23_H                                                  
000001e2  P4MAP23_L                                                  
000001e4  P4MAP45                                                    
000001e5  P4MAP45_H                                                  
000001e4  P4MAP45_L                                                  
000001e6  P4MAP67                                                    
000001e7  P4MAP67_H                                                  
000001e6  P4MAP67_L                                                  
00000204  PADIR                                                      
00000205  PADIR_H                                                    
00000204  PADIR_L                                                    
00000208  PADS                                                       
00000209  PADS_H                                                     
00000208  PADS_L                                                     
0000021a  PAIE                                                       
00000218  PAIES                                                      
00000219  PAIES_H                                                    
00000218  PAIES_L                                                    
0000021b  PAIE_H                                                     
0000021a  PAIE_L                                                     
0000021c  PAIFG                                                      
0000021d  PAIFG_H                                                    
0000021c  PAIFG_L                                                    
00000200  PAIN                                                       
00000201  PAIN_H                                                     
00000200  PAIN_L                                                     
00000202  PAOUT                                                      
00000203  PAOUT_H                                                    
00000202  PAOUT_L                                                    
00000206  PAREN                                                      
00000207  PAREN_H                                                    
00000206  PAREN_L                                                    
0000020a  PASEL                                                      
0000020b  PASEL_H                                                    
0000020a  PASEL_L                                                    
00000224  PBDIR                                                      
00000225  PBDIR_H                                                    
00000224  PBDIR_L                                                    
00000228  PBDS                                                       
00000229  PBDS_H                                                     
00000228  PBDS_L                                                     
00000220  PBIN                                                       
00000221  PBIN_H                                                     
00000220  PBIN_L                                                     
00000222  PBOUT                                                      
00000223  PBOUT_H                                                    
00000222  PBOUT_L                                                    
00000226  PBREN                                                      
00000227  PBREN_H                                                    
00000226  PBREN_L                                                    
0000022a  PBSEL                                                      
0000022b  PBSEL_H                                                    
0000022a  PBSEL_L                                                    
00000244  PCDIR                                                      
00000245  PCDIR_H                                                    
00000244  PCDIR_L                                                    
00000248  PCDS                                                       
00000249  PCDS_H                                                     
00000248  PCDS_L                                                     
00000240  PCIN                                                       
00000241  PCIN_H                                                     
00000240  PCIN_L                                                     
00000242  PCOUT                                                      
00000243  PCOUT_H                                                    
00000242  PCOUT_L                                                    
00000246  PCREN                                                      
00000247  PCREN_H                                                    
00000246  PCREN_L                                                    
0000024a  PCSEL                                                      
0000024b  PCSEL_H                                                    
0000024a  PCSEL_L                                                    
00000264  PDDIR                                                      
00000265  PDDIR_H                                                    
00000264  PDDIR_L                                                    
00000268  PDDS                                                       
00000269  PDDS_H                                                     
00000268  PDDS_L                                                     
00000260  PDIN                                                       
00000261  PDIN_H                                                     
00000260  PDIN_L                                                     
00000262  PDOUT                                                      
00000263  PDOUT_H                                                    
00000262  PDOUT_L                                                    
00000266  PDREN                                                      
00000267  PDREN_H                                                    
00000266  PDREN_L                                                    
0000026a  PDSEL                                                      
0000026b  PDSEL_H                                                    
0000026a  PDSEL_L                                                    
00000324  PJDIR                                                      
00000325  PJDIR_H                                                    
00000324  PJDIR_L                                                    
00000328  PJDS                                                       
00000329  PJDS_H                                                     
00000328  PJDS_L                                                     
00000320  PJIN                                                       
00000321  PJIN_H                                                     
00000320  PJIN_L                                                     
00000322  PJOUT                                                      
00000323  PJOUT_H                                                    
00000322  PJOUT_L                                                    
00000326  PJREN                                                      
00000327  PJREN_H                                                    
00000326  PJREN_L                                                    
[...]
00012bfc  GPIO_toggle                                                
00012c44  UARTUSCIA_close                                            
00012c8c  ti_sysbios_knl_Semaphore_pendTimeout__I                    
00012cd4  ti_sysbios_family_msp430_Timer_Module_startup__E           
00012d1a  GPIO_setAsInputPinWithPullDownResistor                     
00012d5c  GPIO_setAsInputPinWithPullUpResistor                       
00012d9e  ti_sysbios_family_msp430_Timer_getCount__E                 
00012de0  ti_sysbios_knl_Clock_addI__E                               
00012e22  xdc_runtime_Text_xprintf__I                                
00012e64  xdc_runtime_Text_printVisFxn__I                            
00012ea4  USCI_B_I2C_initMaster                                      
00012ee2  ti_sysbios_knl_Semaphore_construct                         
00012f20  xdc_runtime_System_atexit__E                               
00012f5e  ti_sysbios_family_msp430_ClockFreqs_getFrequency__E        
00012f9a  ti_sysbios_hal_Hwi_initStack                               
00012fd6  xdc_runtime_System_processAtExit__E                        
00013012  I2CUSCIB_close                                             
0001304c  I2C_init                                                   
00013086  UARTUSCIA_readPolling                                      
000130c0  UARTUSCIA_writePolling                                     
000130fa  UART_init                                                  
00013134  ti_sysbios_family_msp430_Hwi46_p2                          
0001316e  ti_sysbios_family_msp430_Hwi55_p2                          
000131a8  ti_sysbios_gates_GateMutex_enter__E                        
000131e2  ti_sysbios_knl_Queue_construct                             
0001321c  xdc_runtime_System_putchar__I                              
00013256  main                                                       
0001328e  ti_sysbios_family_msp430_Hwi53_p2                          
000132c6  GPIO_setAsInputPin                                         
000132fc  __TI_writemsg                                              
0001332e  C$$IO$$                                                    
00013332  xdc_runtime_Error_raiseX__E                                
00013368  __TI_readmsg                                               
0001339a  ti_sysbios_family_msp430_Timer_postInit__I                 
000133cc  ti_sysbios_family_msp430_Timer_stop__E                     
000133fe  ti_sysbios_family_xxx_Hwi_switchAndRunFunc                 
00013430  xdc_runtime_SysMin_abort__E                                
00013430  xdc_runtime_System_SupportProxy_abort__E                   
00013462  xdc_runtime_System_printf_va__E                            
00013462  xdc_runtime_System_printf_va__F                            
00013462  xdc_runtime_System_vprintf__E                              
00013494  USCI_A_UART_disableInterrupt                               
000134c4  USCI_B_I2C_masterSendMultiByteFinish                       
000134f4  ti_sysbios_knl_Clock_doTick__I                             
00013524  ti_sysbios_knl_Queue_put__E                                
00013554  GPIO_selectInterruptEdge                                   
00013582  exit                                                       
00013582  xdc_runtime_System_exitStd__E                              
000135b0  ti_sysbios_knl_Semaphore_Instance_init__E                  
000135de  ti_sysbios_family_msp430_Hwi_Object__get__S                
00013608  ti_sysbios_knl_Clock_Module_startup__E                     
00013632  ti_sysbios_knl_Task_Object__get__S                         
0001365c  ti_sysbios_knl_Task_sleepTimeout__I                        
00013686  xdc_runtime_SysMin_output__I                               
000136b0  GPIO_setAsOutputPin                                        
000136d8  GPIO_setAsPeripheralModuleFunctionInputPin                 
00013700  ti_sysbios_knl_Task_restore__E                             
00013728  USCI_B_I2C_masterReceiveSingleStart                        
0001374e  _args_main                                                 
00013774  ti_sysbios_BIOS_atExitFunc__I                              
0001379a  __TI_zero_init                                             
000137be  ti_sysbios_BIOS_rtsLock__I                                 
000137e2  ti_sysbios_gates_GateMutex_leave__E                        
00013804  ti_sysbios_knl_Clock_startI__E                             
00013826  ti_sysbios_knl_Idle_run__E                                 
00013848  USCI_A_UART_transmitData                                   
00013868  USCI_B_I2C_masterReceiveMultiByteFinish                    
00013888  USCI_B_I2C_masterSendMultiByteNext                         
000138a8  xdc_runtime_Error_check__E                                 
000138c8  GPIO_clearInterrupt                                        
000138e6  USCI_A_UART_receiveData                                    
00013904  ti_sysbios_BIOS_rtsUnlock__I                               
00013922  ti_sysbios_family_msp430_Timer_Module__startupDone__F      
00013922  ti_sysbios_family_msp430_Timer_Module__startupDone__S      
00013922  ti_sysbios_knl_Clock_TimerProxy_Module__startupDone__S     
00013940  ti_sysbios_knl_Task_enter__I                               
0001395e  GPIO_setOutputHighOnPin                                    
0001397a  GPIO_setOutputLowOnPin                                     
00013996  GPIO_toggleOutputOnPin                                     
000139b2  I2C_open                                                   
000139ce  UART_open                                                  
000139ea  USCI_A_UART_enableInterrupt                                
00013a06  _ti_sysbios_family_msp430_TaskSupport_swap__E              
00013a06  ti_sysbios_family_msp430_TaskSupport_swap__E               
00013a06  ti_sysbios_knl_Task_SupportProxy_swap__E                   
00013a3e  ti_sysbios_family_msp430_Hwi_Module__startupDone__F        
00013a3e  ti_sysbios_family_msp430_Hwi_Module__startupDone__S        
00013a3e  ti_sysbios_hal_Hwi_HwiProxy_Module__startupDone__S         
00013a5a  ti_sysbios_knl_Task_unblock__E                             
00013a76  xdc_runtime_Registry_findById__E                           
00013a92  xdc_runtime_SysMin_Module_startup__E                       
00013aae  heartBeatFxn                                               
00013ac8  ti_sysbios_BIOS_errorRaiseHook__I                          
00013ae2  ti_sysbios_BIOS_exitFunc__I                                
00013afc  ti_sysbios_BIOS_registerRTSLock__I                         
00013b16  ti_sysbios_BIOS_removeRTSLock__I                           
00013b30  ti_sysbios_knl_Semaphore_Object__destruct__S               
00013b4a  xdc_runtime_System_snprintf_va__E                          
00013b4a  xdc_runtime_System_snprintf_va__F                          
00013b4a  xdc_runtime_System_vsnprintf__E                            
00013b64  ti_sysbios_BIOS_setThreadType__E                           
00013b7c  ti_sysbios_BIOS_startFunc__I                               
00013b94  ti_sysbios_knl_Queue_Object__destruct__S                   
00013bac  greenLedFxn                                                
00013bc2  memset                                                     
00013bd8  __mspabi_divu                                              
00013bd8  __mspabi_remu                                              
00013bee  __mspabi_mpyi_f5hw                                         
00013c04  xdc_runtime_Core_destructObject__I                         
00013c1a  xdc_runtime_SysMin_exit__E                                 
00013c1a  xdc_runtime_System_SupportProxy_exit__E                    
00013c30  xdc_runtime_System_abort__E                                
00013c46  memcpy                                                     
00013c5a  ti_sysbios_knl_Queue_Object__get__S                        
00013c6e  xdc_runtime_Text_ropeText__E                               
00013c82  MSP_EXP430F5529LP_initI2C                                  
00013c94  __TI_decompress_none                                       
00013ca6  ti_sysbios_gates_GateHwi_leave__E                          
00013cb8  ti_sysbios_knl_Semaphore_Instance_finalize__E              
00013cca  xdc_runtime_Startup_exec__I                                
00013cdc  xdc_runtime_System_exit__E                                 
00013cee  xdc_runtime_System_printf__E                               
00013d10  MSP_EXP430F5529LP_initUART                                 
00013d20  _ti_sysbios_family_msp430_TaskSupport_glue                 
00013d20  ti_sysbios_family_msp430_TaskSupport_glue                  
00013d40  ti_sysbios_hal_Hwi_Module_startup__E                       
00013d60  xdc_runtime_Error_init__E                                  
00013d70  USCI_B_I2C_masterReceiveMultiByteStart                     
00013d7e  USCI_B_I2C_setMode                                         
00013d8c  strlen                                                     
00013d9a  ti_sysbios_family_msp430_Timer_getMaxTicks__E              
00013da8  ti_sysbios_knl_Queue_empty__E                              
00013db6  ti_sysbios_knl_Task_disable__E                             
00013dc4  xdc_runtime_SysMin_ready__E                                
00013dc4  xdc_runtime_System_SupportProxy_ready__E                   
00013dd2  ti_catalog_msp430_init_Boot_init                           
00013dd2  xdc_runtime_Startup_reset__I                               
00013dde  I2C_Params_init                                            
00013dea  UART_Params_init                                           
00013df6  USCI_B_I2C_clearInterrupt                                  
00013e02  USCI_B_I2C_disableInterrupt                                
00013e0e  USCI_B_I2C_enableInterrupt                                 
00013e1a  USCI_B_I2C_setSlaveAddress                                 
00013e26  ti_sysbios_knl_Semaphore_Params__init__S                   
00013e32  xdc_runtime_Gate_leaveSystem__E                            
00013e3e  I2CUSCIB_init                                              
00013e48  UARTUSCIA_init                                             
00013e52  USCI_A_UART_getInterruptStatus                             
00013e5c  USCI_B_I2C_getInterruptStatus                              
00013e66  __mspabi_slli                                              
00013e70  ti_sysbios_BIOS_start__E                                   
00013e7a  ti_sysbios_family_msp430_Hwi_startup__E                    
00013e7a  ti_sysbios_hal_Hwi_HwiProxy_startup__E                     
00013e84  ti_sysbios_gates_GateHwi_enter__E                          
00013e8e  ti_sysbios_knl_Queue_Instance_init__E                      
00013e98  ti_catalog_msp430_init_Boot_disableWatchdog                
00013ea0  I2C_transfer                                               
00013ea8  UART_read                                                  
00013eb0  UART_write                                                 
00013eb8  USCI_B_I2C_slaveGetData                                    
00013ec0  __xdc__init                                                
00013ec8  ti_sysbios_family_msp430_Hwi_switchFromBootStack__E        
00013ec8  ti_sysbios_hal_Hwi_HwiProxy_switchFromBootStack__E         
00013ed0  xdc_runtime_Gate_enterSystem__E                            
00013ed8  I2CUSCIB_control                                           
00013ede  UARTUSCIA_control                                          
00013ee4  USCI_A_UART_disable                                        
00013eea  USCI_A_UART_enable                                         
00013ef0  USCI_B_I2C_disable                                         
00013ef6  USCI_B_I2C_enable                                          
00013efc  USCI_B_I2C_masterReceiveMultiByteStop                      
00013f02  USCI_B_I2C_masterSendStart                                 
00013f08  _register_lock                                             
00013f0e  _register_unlock                                           
00013f14  __TI_decompress_rle24                                      
00013f1a  xdc_runtime_Text_visitRope__I                              
00013f20  _system_pre_init                                           
00013f24  C$$EXIT                                                    
00013f24  abort                                                      
00013f24  xdc_runtime_System_abortStd__E                             
00013f28  ti_sysbios_BIOS_RtsGateProxy_enter__E                      
00013f2c  ti_sysbios_BIOS_RtsGateProxy_leave__E                      
00013f30  ti_sysbios_family_msp430_TaskSupport_Module__startupDone__S
00013f30  ti_sysbios_knl_Task_SupportProxy_Module__startupDone__S    
00013f34  ti_sysbios_gates_GateHwi_query__E                          
00013f34  xdc_runtime_Main_Module_GateProxy_query__E                 
00013f34  xdc_runtime_System_Module_GateProxy_query__E               
00013f38  ti_sysbios_BIOS_RtsGateProxy_query__E                      
00013f38  ti_sysbios_gates_GateMutex_query__E                        
00013f3c  ti_sysbios_knl_Clock_TimerProxy_getMaxTicks__E             
00013f40  ti_sysbios_knl_Queue_destruct                              
00013f44  ti_sysbios_knl_Semaphore_destruct                          
00013f48  ti_sysbios_knl_Swi_Module_startup__E                       
00013f4c  ti_sysbios_knl_Task_startup__E                             
00013f50  xdc_runtime_System_Module_GateProxy_enter__E               
00013f54  xdc_runtime_System_Module_GateProxy_leave__E               
00013f58  xdc_runtime_System_Module_startup__E                       
00013f5c  MSP_EXP430F5529LP_initGeneral                              
00013f5e  _nop                                                       
00013f60  ti_sysbios_BIOS_nullFunc__I                                
00013f62  ti_sysbios_knl_Clock_logTick__E                            
000140ec  UARTUSCIA_fxnTable                                         
00014114  UART_defaultParams                                         
0001413a  uartUSCIABaudrates                                         
0001415e  ti_sysbios_gates_GateHwi_Module__FXNS__C                   
00014180  ti_sysbios_gates_GateMutex_Module__FXNS__C                 
000141a2  IntrinsicsSupport_maxbitTable                              
000141c2  xdc_runtime_Startup_sfxnTab__A                             
0001421c  ti_sysbios_knl_Semaphore_Object__PARAMS__C                 
00014238  I2C_config                                                 
00014250  UART_config                                                
00014268  ti_sysbios_knl_Queue_Object__DESC__C                       
00014280  ti_sysbios_knl_Semaphore_Object__DESC__C                   
000142b0  I2CUSCIB_fxnTable                                          
000142d8  ti_sysbios_knl_Queue_Object__PARAMS__C                     
000142fe  GPIOMSP430_config                                          
0001430e  xdc_runtime_Startup_sfxnRts__A                             
0001431e  uartUSCIAHWAttrs                                           
0001432c  I2C_defaultParams                                          
0001435c  i2cUSCIBHWAttrs                                            
00014362  ti_sysbios_family_msp430_Hwi_hooks__C                      
00014368  ti_sysbios_knl_Idle_funcList__C                            
0001436e  xdc_runtime_Startup_firstFxns__C                           
00014374  xdc_runtime_Startup_lastFxns__C                            
0001437a  ti_sysbios_family_msp430_ClockFreqs_ACLK__C                
0001437e  ti_sysbios_family_msp430_ClockFreqs_SMCLK__C               
00014382  ti_sysbios_knl_Task_allBlockedFunc__C                      
00014386  xdc_runtime_Assert_E_assertFailed__C                       
0001438a  xdc_runtime_Core_A_initializedParams__C                    
0001438e  xdc_runtime_Core_Module__diagsEnabled__C                   
00014392  xdc_runtime_Core_Module__diagsIncluded__C                  
00014396  xdc_runtime_Core_Module__diagsMask__C                      
0001439a  xdc_runtime_Error_Module__diagsEnabled__C                  
0001439e  xdc_runtime_Error_Module__diagsIncluded__C                 
000143a2  xdc_runtime_Error_Module__diagsMask__C                     
000143a6  xdc_runtime_Error_Module__loggerFxn8__C                    
000143aa  xdc_runtime_Error_Module__loggerObj__C                     
000143ae  xdc_runtime_Error_policyFxn__C                             
000143b2  xdc_runtime_Error_raiseHook__C                             
000143b6  xdc_runtime_IGateProvider_Interface__BASE__C               
000143ba  xdc_runtime_IModule_Interface__BASE__C                     
000143be  xdc_runtime_Log_L_error__C                                 
000143c2  xdc_runtime_Startup_execImpl__C                            
000143c6  xdc_runtime_Startup_firstFxns__A                           
000143ca  xdc_runtime_Startup_sfxnRts__C                             
000143ce  xdc_runtime_Startup_sfxnTab__C                             
000143d2  xdc_runtime_SysMin_outputFunc__C                           
000143d6  xdc_runtime_System_Module__gateObj__C                      
000143da  xdc_runtime_System_abortFxn__C                             
000143de  xdc_runtime_System_exitFxn__C                              
000143e2  xdc_runtime_System_extendFxn__C                            
000143e6  xdc_runtime_Text_charTab__C                                
000143ea  xdc_runtime_Text_nodeTab__A                                
000143ee  xdc_runtime_Text_visitRopeFxn__C                           
000143f2  ti_sysbios_family_msp430_Hwi_Object__count__C              
000143f4  ti_sysbios_family_msp430_Timer_numTimerDevices__C          
000143f6  ti_sysbios_family_msp430_Timer_startupNeeded__C            
000143f8  ti_sysbios_gates_GateMutex_Instance_State_sem__O           
000143fa  ti_sysbios_knl_Clock_Module_State_clockQ__O                
000143fc  ti_sysbios_knl_Semaphore_Instance_State_pendQ__O           
000143fe  ti_sysbios_knl_Task_Module_State_inactiveQ__O              
00014400  ti_sysbios_knl_Task_Object__count__C                       
00014402  ti_sysbios_knl_Task_initStackFlag__C                       
00014404  ti_sysbios_knl_Task_numConstructedTasks__C                 
00014406  xdc_runtime_Core_Module__id__C                             
00014408  xdc_runtime_Error_Module__loggerDefined__C                 
0001440a  xdc_runtime_Error_maxDepth__C                              
0001440c  xdc_runtime_Error_policy__C                                
0001440e  xdc_runtime_Startup_maxPasses__C                           
00014410  xdc_runtime_SysMin_bufSize__C                              
00014412  xdc_runtime_SysMin_flushAtExit__C                          
00014414  xdc_runtime_System_maxAtexitHandlers__C                    
00014416  xdc_runtime_Text_isLoaded__C                               
00014418  xdc_runtime_Text_registryModsLastId__C                     
0001441a  xdc_runtime_Text_unnamedModsLastId__C                      
0001441c  xdc_runtime_Text_charTab__A                                
000145b2  __TI_Handler_Table_Base                                    
000145be  __TI_Handler_Table_Limit                                   
000145ca  __TI_CINIT_Base                                            
000145e2  __TI_CINIT_Limit                                           
ffffffff  __binit__                                                  
ffffffff  __c_args__                                                 
ffffffff  binit                                                      
UNDEFED   __TI_INITARRAY_Base                                        
UNDEFED   __TI_INITARRAY_Limit                                       

[1200 symbols]
