******************************************************************************
                  MSP430 Linker Unix v4.4.3                    
******************************************************************************
>> Linked Mon Apr 20 17:10:16 2015

OUTPUT FILE NAME:   <TIRTOStest.out>
ENTRY POINT SYMBOL: "_c_int00"  address: 00004432


MEMORY CONFIGURATION

         name            origin    length      used     unused   attr    fill
----------------------  --------  ---------  --------  --------  ----  --------
  SFR                   00000000   00000010  00000000  00000010  RWIX
  PERIPHERALS_8BIT      00000010   000000f0  00000000  000000f0  RWIX
  PERIPHERALS_16BIT     00000100   00000100  00000000  00000100  RWIX
  INFOD                 00001800   00000080  00000000  00000080  RWIX
  INFOC                 00001880   00000080  00000000  00000080  RWIX
  INFOB                 00001900   00000080  00000000  00000080  RWIX
  INFOA                 00001980   00000080  00000000  00000080  RWIX
  USBRAM                00001c00   00000800  00000000  00000800  RWIX
  RAM                   00002400   00002000  00000a8b  00001575  RWIX
  FLASH                 00004400   0000bb80  00000080  0000bb00  RWIX
  INT00                 0000ff80   00000002  00000000  00000002  RWIX
  INT01                 0000ff82   00000002  00000000  00000002  RWIX
  INT02                 0000ff84   00000002  00000000  00000002  RWIX
  INT03                 0000ff86   00000002  00000000  00000002  RWIX
  INT04                 0000ff88   00000002  00000000  00000002  RWIX
  INT05                 0000ff8a   00000002  00000000  00000002  RWIX
  INT06                 0000ff8c   00000002  00000000  00000002  RWIX
  INT07                 0000ff8e   00000002  00000000  00000002  RWIX
  INT08                 0000ff90   00000002  00000000  00000002  RWIX
  INT09                 0000ff92   00000002  00000000  00000002  RWIX
  INT10                 0000ff94   00000002  00000000  00000002  RWIX
  INT11                 0000ff96   00000002  00000000  00000002  RWIX
  INT12                 0000ff98   00000002  00000000  00000002  RWIX
  INT13                 0000ff9a   00000002  00000000  00000002  RWIX
  INT14                 0000ff9c   00000002  00000000  00000002  RWIX
  INT15                 0000ff9e   00000002  00000000  00000002  RWIX
  INT16                 0000ffa0   00000002  00000000  00000002  RWIX
  INT17                 0000ffa2   00000002  00000000  00000002  RWIX
  INT18                 0000ffa4   00000002  00000000  00000002  RWIX
  INT19                 0000ffa6   00000002  00000000  00000002  RWIX
  INT20                 0000ffa8   00000002  00000000  00000002  RWIX
  INT21                 0000ffaa   00000002  00000000  00000002  RWIX
  INT22                 0000ffac   00000002  00000000  00000002  RWIX
  INT23                 0000ffae   00000002  00000000  00000002  RWIX
  INT24                 0000ffb0   00000002  00000000  00000002  RWIX
  INT25                 0000ffb2   00000002  00000000  00000002  RWIX
  INT26                 0000ffb4   00000002  00000000  00000002  RWIX
  INT27                 0000ffb6   00000002  00000000  00000002  RWIX
  INT28                 0000ffb8   00000002  00000000  00000002  RWIX
  INT29                 0000ffba   00000002  00000000  00000002  RWIX
  INT30                 0000ffbc   00000002  00000000  00000002  RWIX
  INT31                 0000ffbe   00000002  00000000  00000002  RWIX
  INT32                 0000ffc0   00000002  00000000  00000002  RWIX
  INT33                 0000ffc2   00000002  00000000  00000002  RWIX
  INT34                 0000ffc4   00000002  00000000  00000002  RWIX
  INT35                 0000ffc6   00000002  00000000  00000002  RWIX
  INT36                 0000ffc8   00000002  00000000  00000002  RWIX
  INT37                 0000ffca   00000002  00000000  00000002  RWIX
  INT38                 0000ffcc   00000002  00000000  00000002  RWIX
  INT39                 0000ffce   00000002  00000000  00000002  RWIX
  INT40                 0000ffd0   00000002  00000000  00000002  RWIX
  INT41                 0000ffd2   00000002  00000002  00000000  RWIX
  INT42                 0000ffd4   00000002  00000002  00000000  RWIX
  INT43                 0000ffd6   00000002  00000002  00000000  RWIX
  INT44                 0000ffd8   00000002  00000002  00000000  RWIX
  INT45                 0000ffda   00000002  00000002  00000000  RWIX
  INT46                 0000ffdc   00000002  00000002  00000000  RWIX
  INT47                 0000ffde   00000002  00000002  00000000  RWIX
  INT48                 0000ffe0   00000002  00000002  00000000  RWIX
  INT49                 0000ffe2   00000002  00000002  00000000  RWIX
  INT50                 0000ffe4   00000002  00000002  00000000  RWIX
  INT51                 0000ffe6   00000002  00000002  00000000  RWIX
  INT52                 0000ffe8   00000002  00000002  00000000  RWIX
  INT53                 0000ffea   00000002  00000002  00000000  RWIX
  INT54                 0000ffec   00000002  00000002  00000000  RWIX
  INT55                 0000ffee   00000002  00000002  00000000  RWIX
  INT56                 0000fff0   00000002  00000002  00000000  RWIX
  INT57                 0000fff2   00000002  00000002  00000000  RWIX
  INT58                 0000fff4   00000002  00000002  00000000  RWIX
  INT59                 0000fff6   00000002  00000002  00000000  RWIX
  INT60                 0000fff8   00000002  00000002  00000000  RWIX
  INT61                 0000fffa   00000002  00000002  00000000  RWIX
  INT62                 0000fffc   00000002  00000002  00000000  RWIX
  RESET                 0000fffe   00000002  00000002  00000000  RWIX
  FLASH2                00010000   00014400  000038b9  00010b47  RWIX


SECTION ALLOCATION MAP

 output                                  attributes/
section   page    origin      length       input sections
--------  ----  ----------  ----------   ----------------
.bss       0    00002400    00000532     UNINITIALIZED
                  00002400    00000400     empty_min_pe430X.oe430X (.bss:taskStackSection)
                  00002800    00000080     (.common:xdc_runtime_SysMin_Module_State_0_outbuf__A)
                  00002880    00000056     (.common:i2cUSCIBObjects)
                  000028d6    00000020     (.common:gpioCallbackInfo)
                  000028f6    00000016     (.common:i2cTransaction)
                  0000290c    0000000c     (.common:params)
                  00002918    00000008     (.common:parmbuf)
                  00002920    00000004     (.common:_cleanup_ptr)
                  00002924    00000004     (.common:_dtors_ptr)
                  00002928    00000004     (.common:handle)
                  0000292c    00000002     (.common:readBuffer)
                  0000292e    00000002     (.common:transferOK)
                  00002930    00000002     (.common:writeBuffer)

.data      0    00002932    00000239     UNINITIALIZED
                  00002932    000000d4     empty_min_pe430X.oe430X (.data)
                  00002a06    0000007c     empty_min_pe430X.oe430X (.data:ti_sysbios_knl_Task_Object__table__V)
                  00002a82    00000036     empty_min_pe430X.oe430X (.data:ti_sysbios_family_msp430_Timer_Object__table__V)
                  00002ab8    00000020     empty_min_pe430X.oe430X (.data:ti_sysbios_knl_Task_Module_State_0_readyQ__A)
                  00002ad8    0000001a     empty_min_pe430X.oe430X (.data:ti_sysbios_gates_GateMutex_Object__table__V)
                  00002af2    00000018     empty_min_pe430X.oe430X (.data:ti_sysbios_family_msp430_Timer_Module_State_0_device__A)
                  00002b0a    00000010     MSP_EXP430F5529LP.obj (.data:gpioPinConfigs)
                  00002b1a    00000010     empty_min_pe430X.oe430X (.data:ti_sysbios_family_msp430_Timer_Module_State_0_handles__A)
                  00002b2a    00000010     empty_min_pe430X.oe430X (.data:xdc_runtime_System_Module_State_0_atexitHandlers__A)
                  00002b3a    0000000e     empty_min_pe430X.oe430X (.data:ti_sysbios_family_msp430_Hwi_Object__table__V)
                  00002b48    00000008     MSP_EXP430F5529LP.obj (.data:gpioCallbackFunctions)
                  00002b50    00000008     empty_min_pe430X.oe430X (.data:ti_sysbios_knl_Swi_Module_State_0_readyQ__A)
                  00002b58    00000004     rts430x_lc_rd_eabi.lib : _lock.obj (.data:_lock)
                  00002b5c    00000004                            : _lock.obj (.data:_unlock)
                  00002b60    00000004     empty_min_pe430X.oe430X (.data:ti_sysbios_gates_GateHwi_Object__table__V)
                  00002b64    00000004     empty_min_pe430X.oe430X (.data:ti_sysbios_knl_Task_Module_State_0_idleTask__A)
                  00002b68    00000002     drivers_MSP430F5529.ae430X : I2C.oe430X (.data)
                  00002b6a    00000001                                : GPIOMSP430.oe430X (.data)

.cio       0    00002b6c    00000120     UNINITIALIZED
                  00002b6c    00000120     rts430x_lc_rd_eabi.lib : trgmsg.obj (.cio)

.stack     0    00004200    00000200     UNINITIALIZED
                  00004200    00000004     boot.ae430X : boot.oe430X (.stack)
                  00004204    000001fc     --HOLE--

.text:_isr 
*          0    00004400    00000080     
                  00004400    00000032     sysbios.ae430X : BIOS.obj (.text:_isr:ti_sysbios_family_msp430_Hwi53)
                  00004432    00000024     boot.ae430X : boot.oe430X (.text:_isr:_c_int00)
                  00004456    00000002     sysbios.ae430X : BIOS.obj (.text:_isr:ti_sysbios_family_msp430_Hwi41)
                  00004458    00000002                    : BIOS.obj (.text:_isr:ti_sysbios_family_msp430_Hwi42)
                  0000445a    00000002                    : BIOS.obj (.text:_isr:ti_sysbios_family_msp430_Hwi43)
                  0000445c    00000002                    : BIOS.obj (.text:_isr:ti_sysbios_family_msp430_Hwi44)
                  0000445e    00000002                    : BIOS.obj (.text:_isr:ti_sysbios_family_msp430_Hwi45)
                  00004460    00000002                    : BIOS.obj (.text:_isr:ti_sysbios_family_msp430_Hwi46)
                  00004462    00000002                    : BIOS.obj (.text:_isr:ti_sysbios_family_msp430_Hwi47)
                  00004464    00000002                    : BIOS.obj (.text:_isr:ti_sysbios_family_msp430_Hwi48)
                  00004466    00000002                    : BIOS.obj (.text:_isr:ti_sysbios_family_msp430_Hwi49)
                  00004468    00000002                    : BIOS.obj (.text:_isr:ti_sysbios_family_msp430_Hwi50)
                  0000446a    00000002                    : BIOS.obj (.text:_isr:ti_sysbios_family_msp430_Hwi51)
                  0000446c    00000002                    : BIOS.obj (.text:_isr:ti_sysbios_family_msp430_Hwi52)
                  0000446e    00000002                    : BIOS.obj (.text:_isr:ti_sysbios_family_msp430_Hwi54)
                  00004470    00000002                    : BIOS.obj (.text:_isr:ti_sysbios_family_msp430_Hwi55)
                  00004472    00000002                    : BIOS.obj (.text:_isr:ti_sysbios_family_msp430_Hwi56)
                  00004474    00000002                    : BIOS.obj (.text:_isr:ti_sysbios_family_msp430_Hwi57)
                  00004476    00000002                    : BIOS.obj (.text:_isr:ti_sysbios_family_msp430_Hwi58)
                  00004478    00000002                    : BIOS.obj (.text:_isr:ti_sysbios_family_msp430_Hwi59)
                  0000447a    00000002                    : BIOS.obj (.text:_isr:ti_sysbios_family_msp430_Hwi60)
                  0000447c    00000002                    : BIOS.obj (.text:_isr:ti_sysbios_family_msp430_Hwi61)
                  0000447e    00000002                    : BIOS.obj (.text:_isr:ti_sysbios_family_msp430_Hwi62)

.const     0    000133c4    0000035f     
                  000133c4    00000058     ti.targets.msp430.rts430.ae430X : Error.oe430X (.const:.string)
                  0001341c    00000048     doryI2C.obj (.const:.string)
                  00013464    00000044     ti.targets.msp430.rts430.ae430X : Text.oe430X (.const:.string)
                  000134a8    0000002a                                     : Startup.oe430X (.const:.string)
                  000134d2    00000022     empty_min_pe430X.oe430X (.const:ti_sysbios_gates_GateHwi_Module__FXNS__C)
                  000134f4    00000022     empty_min_pe430X.oe430X (.const:ti_sysbios_gates_GateMutex_Module__FXNS__C)
                  00013516    00000020     sysbios.ae430X : BIOS.obj (.const:IntrinsicsSupport_maxbitTable)
                  00013536    00000020     empty_min_pe430X.oe430X (.const:xdc_runtime_Startup_sfxnTab__A)
                  00013556    0000001c     ccs-MSP430F5529.lib : gpio.obj (.const:GPIO_PORT_TO_BASE)
                  00013572    0000001c     empty_min_pe430X.oe430X (.const:ti_sysbios_knl_Semaphore_Object__PARAMS__C)
                  0001358e    00000018     MSP_EXP430F5529LP.obj (.const:I2C_config)
                  000135a6    00000018     empty_min_pe430X.oe430X (.const:ti_sysbios_knl_Queue_Object__DESC__C)
                  000135be    00000018     empty_min_pe430X.oe430X (.const:ti_sysbios_knl_Semaphore_Object__DESC__C)
                  000135d6    00000014     drivers_MSP430F5529.ae430X : I2CUSCIB.oe430X (.const)
                  000135ea    00000014     empty_min_pe430X.oe430X (.const:ti_sysbios_knl_Queue_Object__PARAMS__C)
                  000135fe    00000011     ti.targets.msp430.rts430.ae430X : System.oe430X (.const:.string:digtohex)
                  0001360f    00000001     --HOLE-- [fill = 0]
                  00013610    00000010     MSP_EXP430F5529LP.obj (.const:GPIOMSP430_config)
                  00013620    00000010     empty_min_pe430X.oe430X (.const:xdc_runtime_Startup_sfxnRts__A)
                  00013630    0000000c     drivers_MSP430F5529.ae430X : I2C.oe430X (.const)
                  0001363c    0000000a     empty_min.obj (.const:.string)
                  00013646    00000008     ti.targets.msp430.rts430.ae430X : System.oe430X (.const:.string)
                  0001364e    00000008     drivers_MSP430F5529.ae430X : I2CUSCIB.oe430X (.const:bitRate)
                  00013656    00000006                                : GPIOMSP430.oe430X (.const:.string:gpioInterruptTypes)
                  0001365c    00000006     ti.targets.msp430.rts430.ae430X : Assert.oe430X (.const:.string)
                  00013662    00000006     MSP_EXP430F5529LP.obj (.const:i2cUSCIBHWAttrs)
                  00013668    00000006     empty_min_pe430X.oe430X (.const:ti_sysbios_family_msp430_Hwi_hooks__C)
                  0001366e    00000006     empty_min_pe430X.oe430X (.const:ti_sysbios_knl_Idle_funcList__C)
                  00013674    00000006     empty_min_pe430X.oe430X (.const:xdc_runtime_Startup_firstFxns__C)
                  0001367a    00000006     empty_min_pe430X.oe430X (.const:xdc_runtime_Startup_lastFxns__C)
                  00013680    00000004     empty_min_pe430X.oe430X (.const:ti_sysbios_family_msp430_ClockFreqs_ACLK__C)
                  00013684    00000004     empty_min_pe430X.oe430X (.const:ti_sysbios_family_msp430_ClockFreqs_SMCLK__C)
                  00013688    00000004     empty_min_pe430X.oe430X (.const:ti_sysbios_knl_Task_allBlockedFunc__C)
                  0001368c    00000004     empty_min_pe430X.oe430X (.const:xdc_runtime_Assert_E_assertFailed__C)
                  00013690    00000004     empty_min_pe430X.oe430X (.const:xdc_runtime_Core_A_initializedParams__C)
                  00013694    00000004     empty_min_pe430X.oe430X (.const:xdc_runtime_Core_Module__diagsEnabled__C)
                  00013698    00000004     empty_min_pe430X.oe430X (.const:xdc_runtime_Core_Module__diagsIncluded__C)
                  0001369c    00000004     empty_min_pe430X.oe430X (.const:xdc_runtime_Core_Module__diagsMask__C)
                  000136a0    00000004     empty_min_pe430X.oe430X (.const:xdc_runtime_Error_Module__diagsEnabled__C)
                  000136a4    00000004     empty_min_pe430X.oe430X (.const:xdc_runtime_Error_Module__diagsIncluded__C)
                  000136a8    00000004     empty_min_pe430X.oe430X (.const:xdc_runtime_Error_Module__diagsMask__C)
                  000136ac    00000004     empty_min_pe430X.oe430X (.const:xdc_runtime_Error_Module__loggerFxn8__C)
                  000136b0    00000004     empty_min_pe430X.oe430X (.const:xdc_runtime_Error_Module__loggerObj__C)
                  000136b4    00000004     empty_min_pe430X.oe430X (.const:xdc_runtime_Error_policyFxn__C)
                  000136b8    00000004     empty_min_pe430X.oe430X (.const:xdc_runtime_Error_raiseHook__C)
                  000136bc    00000004     empty_min_pe430X.oe430X (.const:xdc_runtime_IGateProvider_Interface__BASE__C)
                  000136c0    00000004     empty_min_pe430X.oe430X (.const:xdc_runtime_IModule_Interface__BASE__C)
                  000136c4    00000004     empty_min_pe430X.oe430X (.const:xdc_runtime_Log_L_error__C)
                  000136c8    00000004     empty_min_pe430X.oe430X (.const:xdc_runtime_Startup_execImpl__C)
                  000136cc    00000004     empty_min_pe430X.oe430X (.const:xdc_runtime_Startup_firstFxns__A)
                  000136d0    00000004     empty_min_pe430X.oe430X (.const:xdc_runtime_Startup_sfxnRts__C)
                  000136d4    00000004     empty_min_pe430X.oe430X (.const:xdc_runtime_Startup_sfxnTab__C)
                  000136d8    00000004     empty_min_pe430X.oe430X (.const:xdc_runtime_SysMin_outputFunc__C)
                  000136dc    00000004     empty_min_pe430X.oe430X (.const:xdc_runtime_System_Module__gateObj__C)
                  000136e0    00000004     empty_min_pe430X.oe430X (.const:xdc_runtime_System_abortFxn__C)
                  000136e4    00000004     empty_min_pe430X.oe430X (.const:xdc_runtime_System_exitFxn__C)
                  000136e8    00000004     empty_min_pe430X.oe430X (.const:xdc_runtime_System_extendFxn__C)
                  000136ec    00000004     empty_min_pe430X.oe430X (.const:xdc_runtime_Text_charTab__C)
                  000136f0    00000004     empty_min_pe430X.oe430X (.const:xdc_runtime_Text_nodeTab__A)
                  000136f4    00000004     empty_min_pe430X.oe430X (.const:xdc_runtime_Text_visitRopeFxn__C)
                  000136f8    00000002     empty_min_pe430X.oe430X (.const:ti_sysbios_family_msp430_Hwi_Object__count__C)
                  000136fa    00000002     empty_min_pe430X.oe430X (.const:ti_sysbios_family_msp430_Timer_numTimerDevices__C)
                  000136fc    00000002     empty_min_pe430X.oe430X (.const:ti_sysbios_family_msp430_Timer_startupNeeded__C)
                  000136fe    00000002     empty_min_pe430X.oe430X (.const:ti_sysbios_gates_GateMutex_Instance_State_sem__O)
                  00013700    00000002     empty_min_pe430X.oe430X (.const:ti_sysbios_knl_Clock_Module_State_clockQ__O)
                  00013702    00000002     empty_min_pe430X.oe430X (.const:ti_sysbios_knl_Semaphore_Instance_State_pendQ__O)
                  00013704    00000002     empty_min_pe430X.oe430X (.const:ti_sysbios_knl_Task_Module_State_inactiveQ__O)
                  00013706    00000002     empty_min_pe430X.oe430X (.const:ti_sysbios_knl_Task_Object__count__C)
                  00013708    00000002     empty_min_pe430X.oe430X (.const:ti_sysbios_knl_Task_initStackFlag__C)
                  0001370a    00000002     empty_min_pe430X.oe430X (.const:ti_sysbios_knl_Task_numConstructedTasks__C)
                  0001370c    00000002     empty_min_pe430X.oe430X (.const:xdc_runtime_Core_Module__id__C)
                  0001370e    00000002     empty_min_pe430X.oe430X (.const:xdc_runtime_Error_Module__loggerDefined__C)
                  00013710    00000002     empty_min_pe430X.oe430X (.const:xdc_runtime_Error_maxDepth__C)
                  00013712    00000002     empty_min_pe430X.oe430X (.const:xdc_runtime_Error_policy__C)
                  00013714    00000002     empty_min_pe430X.oe430X (.const:xdc_runtime_Startup_maxPasses__C)
                  00013716    00000002     empty_min_pe430X.oe430X (.const:xdc_runtime_SysMin_bufSize__C)
                  00013718    00000002     empty_min_pe430X.oe430X (.const:xdc_runtime_SysMin_flushAtExit__C)
                  0001371a    00000002     empty_min_pe430X.oe430X (.const:xdc_runtime_System_maxAtexitHandlers__C)
                  0001371c    00000002     empty_min_pe430X.oe430X (.const:xdc_runtime_Text_isLoaded__C)
                  0001371e    00000002     empty_min_pe430X.oe430X (.const:xdc_runtime_Text_registryModsLastId__C)
                  00013720    00000002     empty_min_pe430X.oe430X (.const:xdc_runtime_Text_unnamedModsLastId__C)
                  00013722    00000001     empty_min_pe430X.oe430X (.const:xdc_runtime_Text_charTab__A)

.cinit     0    00013724    00000196     
                  00013724    00000166     (.cinit..data.load) [load image, compression = rle]
                  0001388a    0000000c     (__TI_handler_table)
                  00013896    00000006     (.cinit..bss.load) [load image, compression = zero_init]
                  0001389c    00000006     (.cinit..cio.load) [load image, compression = zero_init]
                  000138a2    00000018     (__TI_cinit_table)

.init_array 
*          0    00004400    00000000     UNINITIALIZED

RTC        0    0000ffd2    00000002     
                  0000ffd2    00000002     sysbios.ae430X : BIOS.obj (.int41)

PORT2      0    0000ffd4    00000002     
                  0000ffd4    00000002     sysbios.ae430X : BIOS.obj (.int42)

TIMER2_A1 
*          0    0000ffd6    00000002     
                  0000ffd6    00000002     sysbios.ae430X : BIOS.obj (.int43)

TIMER2_A0 
*          0    0000ffd8    00000002     
                  0000ffd8    00000002     sysbios.ae430X : BIOS.obj (.int44)

USCI_B1    0    0000ffda    00000002     
                  0000ffda    00000002     sysbios.ae430X : BIOS.obj (.int45)

USCI_A1    0    0000ffdc    00000002     
                  0000ffdc    00000002     sysbios.ae430X : BIOS.obj (.int46)

PORT1      0    0000ffde    00000002     
                  0000ffde    00000002     sysbios.ae430X : BIOS.obj (.int47)

TIMER1_A1 
*          0    0000ffe0    00000002     
                  0000ffe0    00000002     sysbios.ae430X : BIOS.obj (.int48)

TIMER1_A0 
*          0    0000ffe2    00000002     
                  0000ffe2    00000002     sysbios.ae430X : BIOS.obj (.int49)

DMA        0    0000ffe4    00000002     
                  0000ffe4    00000002     sysbios.ae430X : BIOS.obj (.int50)

USB_UBM    0    0000ffe6    00000002     
                  0000ffe6    00000002     sysbios.ae430X : BIOS.obj (.int51)

TIMER0_A1 
*          0    0000ffe8    00000002     
                  0000ffe8    00000002     sysbios.ae430X : BIOS.obj (.int52)

TIMER0_A0 
*          0    0000ffea    00000002     
                  0000ffea    00000002     sysbios.ae430X : BIOS.obj (.int53)

ADC12      0    0000ffec    00000002     
                  0000ffec    00000002     sysbios.ae430X : BIOS.obj (.int54)

USCI_B0    0    0000ffee    00000002     
                  0000ffee    00000002     sysbios.ae430X : BIOS.obj (.int55)

USCI_A0    0    0000fff0    00000002     
                  0000fff0    00000002     sysbios.ae430X : BIOS.obj (.int56)

WDT        0    0000fff2    00000002     
                  0000fff2    00000002     sysbios.ae430X : BIOS.obj (.int57)

TIMER0_B1 
*          0    0000fff4    00000002     
                  0000fff4    00000002     sysbios.ae430X : BIOS.obj (.int58)

TIMER0_B0 
*          0    0000fff6    00000002     
                  0000fff6    00000002     sysbios.ae430X : BIOS.obj (.int59)

COMP_B     0    0000fff8    00000002     
                  0000fff8    00000002     sysbios.ae430X : BIOS.obj (.int60)

UNMI       0    0000fffa    00000002     
                  0000fffa    00000002     sysbios.ae430X : BIOS.obj (.int61)

SYSNMI     0    0000fffc    00000002     
                  0000fffc    00000002     sysbios.ae430X : BIOS.obj (.int62)

.reset     0    0000fffe    00000002     
                  0000fffe    00000002     boot.ae430X : boot.oe430X (.reset)

xdc.meta   0    00000000    000000f0     COPY SECTION
                  00000000    000000f0     empty_min_pe430X.oe430X (xdc.meta)

xdc.noload 
*          0    00000000    00000000     COPY SECTION

.TI.persistent 
*          0    00002932    00000000     UNINITIALIZED

.text      0    00010000    000033c4     
                  00010000    000004d2     ti.targets.msp430.rts430.ae430X : System.oe430X (.text:xdc_runtime_System_doPrint__I)
                  000104d2    000001a2     sysbios.ae430X : BIOS.obj (.text:ti_sysbios_knl_Semaphore_pend__E)
                  00010674    0000016c     ti.targets.msp430.rts430.ae430X : Core-smem.oe430X (.text:xdc_runtime_Core_constructObject__I)
                  000107e0    00000164     empty_min_pe430X.oe430X (.text:xdc_runtime_System_printfExtend__I)
                  00010944    00000158     ti.targets.msp430.rts430.ae430X : Error.oe430X (.text:xdc_runtime_Error_policyDefault__E)
                  00010a9c    0000014a     drivers_MSP430F5529.ae430X : GPIOMSP430.oe430X (.text:GPIO_setConfig)
                  00010be6    00000124                                : I2CUSCIB.oe430X (.text:I2CUSCIB_open)
                  00010d0a    000000ec     sysbios.ae430X : BIOS.obj (.text:ti_sysbios_knl_Swi_restoreHwi__E)
                  00010df6    000000de                    : BIOS.obj (.text:ti_sysbios_knl_Task_sleep__E)
                  00010ed4    000000c0     ti.targets.msp430.rts430.ae430X : Startup.oe430X (.text:xdc_runtime_Startup_startMods__I)
                  00010f94    000000be     drivers_MSP430F5529.ae430X : I2CUSCIB.oe430X (.text:I2CUSCIB_transfer)
                  00011052    000000be     sysbios.ae430X : BIOS.obj (.text:ti_sysbios_knl_Task_startCore__E)
                  00011110    000000ba     drivers_MSP430F5529.ae430X : GPIOMSP430.oe430X (.text:GPIO_init)
                  000111ca    000000b8     ti.targets.msp430.rts430.ae430X : Text.oe430X (.text:xdc_runtime_Text_putSite__E)
                  00011282    000000b0     sysbios.ae430X : BIOS.obj (.text:ti_sysbios_knl_Swi_run__I)
                  00011332    000000a8                    : BIOS.obj (.text:ti_sysbios_knl_Task_postInit__I)
                  000113da    000000a8                    : BIOS.obj (.text:ti_sysbios_knl_Task_schedule__I)
                  00011482    0000009e                    : BIOS.obj (.text:ti_sysbios_knl_Clock_workFunc__E)
                  00011520    00000096     ti.targets.msp430.rts430.ae430X : System.oe430X (.text:xdc_runtime_System_formatNum__I)
                  000115b6    00000086     sysbios.ae430X : BIOS.obj (.text:ti_sysbios_knl_Semaphore_post__E)
                  0001163c    00000086     ti.targets.msp430.rts430.ae430X : Text.oe430X (.text:xdc_runtime_Text_putMod__E)
                  000116c2    00000084     sysbios.ae430X : BIOS.obj (.text:ti_sysbios_family_msp430_Hwi_Module_startup__E)
                  00011746    00000082     ti.targets.msp430.rts430.ae430X : Text.oe430X (.text:xdc_runtime_Text_putLab__E)
                  000117c8    00000078     boot.ae430X : autoinit.oe430X (.text:_auto_init_hold_wdt)
                  00011840    00000078     sysbios.ae430X : msp430_TaskSupport_asm.obj (.text:_ti_sysbios_family_msp430_TaskSupport_buildTaskStack)
                  000118b8    00000078     ti.targets.msp430.rts430.ae430X : Error.oe430X (.text:xdc_runtime_Error_setX__E)
                  00011930    00000072     drivers_MSP430F5529.ae430X : I2CUSCIB.oe430X (.text:I2CUSCIB_primeTransfer)
                  000119a2    00000072     doryI2C.obj (.text:doryI2C_getTemperature)
                  00011a14    00000072     sysbios.ae430X : BIOS.obj (.text:ti_sysbios_family_msp430_Timer_periodicStub__E)
                  00011a86    0000006e     drivers_MSP430F5529.ae430X : GPIOMSP430.oe430X (.text:GPIO_write)
                  00011af4    0000006a     rts430x_lc_rd_eabi.lib : trgdrv.obj (.text:HOSTwrite)
                  00011b5e    00000068     drivers_MSP430F5529.ae430X : GPIOMSP430.oe430X (.text:GPIO_setCallback)
                  00011bc6    00000068     rts430x_lc_rd_eabi.lib : copy_decompress_rle.obj (.text:__TI_decompress_rle_core)
                  00011c2e    00000068     sysbios.ae430X : BIOS.obj (.text:ti_sysbios_family_msp430_TaskSupport_start__E)
                  00011c96    00000068     ti.targets.msp430.rts430.ae430X : Assert.oe430X (.text:xdc_runtime_Assert_raise__I)
                  00011cfe    00000066     sysbios.ae430X : BIOS.obj (.text:ti_sysbios_knl_Task_Module_startup__E)
                  00011d64    00000064                    : BIOS.obj (.text:ti_sysbios_family_msp430_Hwi_postInit__I)
                  00011dc8    00000064     ti.targets.msp430.rts430.ae430X : SysMin.oe430X (.text:xdc_runtime_SysMin_flush__E)
                  00011e2c    0000005e     sysbios.ae430X : BIOS.obj (.text:ti_sysbios_family_msp430_Timer_setNextTick__E)
                  00011e8a    0000005a     doryI2C.obj (.text:doryI2C_init)
                  00011ee4    00000058     rts430x_lc_rd_eabi.lib : div32u.obj (.text)
                  00011f3c    00000056     sysbios.ae430X : BIOS.obj (.text:ti_sysbios_family_msp430_Hwi_getStackInfo__E)
                  00011f92    00000056                    : BIOS.obj (.text:ti_sysbios_knl_Task_blockI__E)
                  00011fe8    00000056     ti.targets.msp430.rts430.ae430X : SysMin.oe430X (.text:xdc_runtime_SysMin_putch__E)
                  0001203e    00000054     sysbios.ae430X : BIOS.obj (.text:ti_sysbios_family_msp430_Timer_start__E)
                  00012092    00000054                    : BIOS.obj (.text:ti_sysbios_knl_Task_processVitalTaskFlag__I)
                  000120e6    00000054                    : BIOS.obj (.text:ti_sysbios_knl_Task_unblockI__E)
                  0001213a    00000052     ti.targets.msp430.rts430.ae430X : Startup.oe430X (.text:xdc_runtime_Startup_exec__E)
                  0001218c    00000050     sysbios.ae430X : BIOS.obj (.text:ti_sysbios_family_msp430_Timer_initDevice__I)
                  000121dc    0000004e                    : BIOS.obj (.text:ti_sysbios_knl_Task_exit__E)
                  0001222a    0000004e     ti.targets.msp430.rts430.ae430X : Core-params.oe430X (.text:xdc_runtime_Core_assignParams__I)
                  00012278    0000004c     ti.catalog.msp430.init.ae430X : Boot.oe430X (.text:.bootCodeSection:ti_catalog_msp430_init_Boot_configureDCO)
                  000122c4    0000004a     sysbios.ae430X : BIOS.obj (.text:ti_sysbios_family_msp430_Timer_startup__E)
                  0001230e    0000004a                    : BIOS.obj (.text:ti_sysbios_knl_Task_allBlockedFunction__I)
                  00012358    00000048     drivers_MSP430F5529.ae430X : GPIOMSP430.oe430X (.text:GPIO_toggle)
                  000123a0    00000048     sysbios.ae430X : BIOS.obj (.text:ti_sysbios_knl_Semaphore_pendTimeout__I)
                  000123e8    00000046                    : BIOS.obj (.text:ti_sysbios_family_msp430_Timer_Module_startup__E)
                  0001242e    00000042     ccs-MSP430F5529.lib : gpio.obj (.text:GPIO_setAsInputPinWithPullDownResistor)
                  00012470    00000042                         : gpio.obj (.text:GPIO_setAsInputPinWithPullUpResistor)
                  000124b2    00000042     sysbios.ae430X : BIOS.obj (.text:ti_sysbios_family_msp430_Timer_getCount__E)
                  000124f4    00000042                    : BIOS.obj (.text:ti_sysbios_knl_Clock_addI__E)
                  00012536    00000042     ti.targets.msp430.rts430.ae430X : Text.oe430X (.text:xdc_runtime_Text_xprintf__I)
                  00012578    00000040                                     : Text.oe430X (.text:xdc_runtime_Text_printVisFxn__I)
                  000125b8    0000003e     ccs-MSP430F5529.lib : usci_b_i2c.obj (.text:USCI_B_I2C_initMaster)
                  000125f6    0000003e     empty_min_pe430X.oe430X (.text:ti_sysbios_knl_Semaphore_construct)
                  00012634    0000003e     ti.targets.msp430.rts430.ae430X : System.oe430X (.text:xdc_runtime_System_atexit__E)
                  00012672    0000003c     sysbios.ae430X : BIOS.obj (.text:ti_sysbios_family_msp430_ClockFreqs_getFrequency__E)
                  000126ae    0000003c                    : BIOS.obj (.text:ti_sysbios_hal_Hwi_initStack)
                  000126ea    0000003c     ti.targets.msp430.rts430.ae430X : System.oe430X (.text:xdc_runtime_System_processAtExit__E)
                  00012726    0000003a     drivers_MSP430F5529.ae430X : I2CUSCIB.oe430X (.text:I2CUSCIB_close)
                  00012760    0000003a                                : I2C.oe430X (.text:I2C_init)
                  0001279a    0000003a     sysbios.ae430X : BIOS.obj (.text:ti_sysbios_gates_GateMutex_enter__E)
                  000127d4    0000003a     empty_min_pe430X.oe430X (.text:ti_sysbios_knl_Queue_construct)
                  0001280e    0000003a     ti.targets.msp430.rts430.ae430X : System.oe430X (.text:xdc_runtime_System_putchar__I)
                  00012848    00000038     sysbios.ae430X : BIOS.obj (.text:ti_sysbios_family_msp430_Hwi53_p2)
                  00012880    00000036     ccs-MSP430F5529.lib : gpio.obj (.text:GPIO_setAsInputPin)
                  000128b6    00000036     rts430x_lc_rd_eabi.lib : trgmsg.obj (.text:__TI_writemsg)
                  000128ec    00000036     ti.targets.msp430.rts430.ae430X : Error.oe430X (.text:xdc_runtime_Error_raiseX__E)
                  00012922    00000034     empty_min.obj (.text:main)
                  00012956    00000032     rts430x_lc_rd_eabi.lib : trgmsg.obj (.text:__TI_readmsg)
                  00012988    00000032     sysbios.ae430X : BIOS.obj (.text:ti_sysbios_family_msp430_Timer_postInit__I)
                  000129ba    00000032                    : BIOS.obj (.text:ti_sysbios_family_msp430_Timer_stop__E)
                  000129ec    00000032                    : msp430_Hwi_switch_asm.obj (.text:ti_sysbios_family_xxx_Hwi_switchAndRunFunc)
                  00012a1e    00000032     ti.targets.msp430.rts430.ae430X : SysMin.oe430X (.text:xdc_runtime_SysMin_abort__E)
                  00012a50    00000032                                     : System.oe430X (.text:xdc_runtime_System_vprintf__E)
                  00012a82    00000030     empty_min_pe430X.oe430X (.text:ti_sysbios_knl_Clock_doTick__I)
                  00012ab2    00000030     sysbios.ae430X : BIOS.obj (.text:ti_sysbios_knl_Queue_put__E)
                  00012ae2    0000002e     ccs-MSP430F5529.lib : gpio.obj (.text:GPIO_selectInterruptEdge)
                  00012b10    0000002e     rts430x_lc_rd_eabi.lib : exit.obj (.text:exit)
                  00012b3e    0000002e     sysbios.ae430X : BIOS.obj (.text:ti_sysbios_knl_Semaphore_Instance_init__E)
                  00012b6c    0000002c     empty_min.obj (.text:heartBeatFxn)
                  00012b98    0000002a     empty_min_pe430X.oe430X (.text:ti_sysbios_family_msp430_Hwi_Object__get__S)
                  00012bc2    0000002a     sysbios.ae430X : BIOS.obj (.text:ti_sysbios_knl_Clock_Module_startup__E)
                  00012bec    0000002a     empty_min_pe430X.oe430X (.text:ti_sysbios_knl_Task_Object__get__S)
                  00012c16    0000002a     sysbios.ae430X : BIOS.obj (.text:ti_sysbios_knl_Task_sleepTimeout__I)
                  00012c40    0000002a     empty_min_pe430X.oe430X (.text:xdc_runtime_SysMin_output__I)
                  00012c6a    00000028     ccs-MSP430F5529.lib : gpio.obj (.text:GPIO_setAsOutputPin)
                  00012c92    00000028                         : gpio.obj (.text:GPIO_setAsPeripheralModuleFunctionInputPin)
                  00012cba    00000028     sysbios.ae430X : BIOS.obj (.text:ti_sysbios_knl_Task_restore__E)
                  00012ce2    00000026     ccs-MSP430F5529.lib : usci_b_i2c.obj (.text:USCI_B_I2C_masterReceiveSingleStart)
                  00012d08    00000026     rts430x_lc_rd_eabi.lib : args_main.obj (.text:_args_main)
                  00012d2e    00000026     empty_min_pe430X.oe430X (.text:ti_sysbios_BIOS_atExitFunc__I)
                  00012d54    00000024     rts430x_lc_rd_eabi.lib : copy_zero_init.obj (.text:decompress:ZI:__TI_zero_init)
                  00012d78    00000024     empty_min_pe430X.oe430X (.text:ti_sysbios_BIOS_rtsLock__I)
                  00012d9c    00000022     sysbios.ae430X : BIOS.obj (.text:ti_sysbios_gates_GateMutex_leave__E)
                  00012dbe    00000022                    : BIOS.obj (.text:ti_sysbios_knl_Clock_startI__E)
                  00012de0    00000022                    : BIOS.obj (.text:ti_sysbios_knl_Idle_run__E)
                  00012e02    00000020     ti.targets.msp430.rts430.ae430X : Error.oe430X (.text:xdc_runtime_Error_check__E)
                  00012e22    0000001e     ccs-MSP430F5529.lib : gpio.obj (.text:GPIO_clearInterrupt)
                  00012e40    0000001e     empty_min_pe430X.oe430X (.text:ti_sysbios_BIOS_rtsUnlock__I)
                  00012e5e    0000001e     empty_min_pe430X.oe430X (.text:ti_sysbios_family_msp430_Timer_Module__startupDone__F)
                  00012e7c    0000001e     sysbios.ae430X : BIOS.obj (.text:ti_sysbios_knl_Task_enter__I)
                  00012e9a    0000001c     ccs-MSP430F5529.lib : gpio.obj (.text:GPIO_setOutputHighOnPin)
                  00012eb6    0000001c                         : gpio.obj (.text:GPIO_setOutputLowOnPin)
                  00012ed2    0000001c                         : gpio.obj (.text:GPIO_toggleOutputOnPin)
                  00012eee    0000001c     drivers_MSP430F5529.ae430X : I2C.oe430X (.text:I2C_open)
                  00012f0a    0000001c     sysbios.ae430X : msp430_TaskSupport_asm.obj (.text:_ti_sysbios_family_msp430_TaskSupport_swap__E)
                  00012f26    0000001c     drivers_MSP430F5529.ae430X : GPIOMSP430.oe430X (.text:getPinNumber)
                  00012f42    0000001c     empty_min_pe430X.oe430X (.text:ti_sysbios_family_msp430_Hwi_Module__startupDone__F)
                  00012f5e    0000001c     sysbios.ae430X : BIOS.obj (.text:ti_sysbios_knl_Task_unblock__E)
                  00012f7a    0000001c     ti.targets.msp430.rts430.ae430X : Registry.oe430X (.text:xdc_runtime_Registry_findById__E)
                  00012f96    0000001c                                     : SysMin.oe430X (.text:xdc_runtime_SysMin_Module_startup__E)
                  00012fb2    0000001a     empty_min_pe430X.oe430X (.text:ti_sysbios_BIOS_errorRaiseHook__I)
                  00012fcc    0000001a     empty_min_pe430X.oe430X (.text:ti_sysbios_BIOS_exitFunc__I)
                  00012fe6    0000001a     empty_min_pe430X.oe430X (.text:ti_sysbios_BIOS_registerRTSLock__I)
                  00013000    0000001a     empty_min_pe430X.oe430X (.text:ti_sysbios_BIOS_removeRTSLock__I)
                  0001301a    0000001a     empty_min_pe430X.oe430X (.text:ti_sysbios_knl_Semaphore_Object__destruct__S)
                  00013034    0000001a     ti.targets.msp430.rts430.ae430X : System.oe430X (.text:xdc_runtime_System_vsnprintf__E)
                  0001304e    00000018     sysbios.ae430X : BIOS.obj (.text:ti_sysbios_BIOS_setThreadType__E)
                  00013066    00000018     empty_min_pe430X.oe430X (.text:ti_sysbios_BIOS_startFunc__I)
                  0001307e    00000018     empty_min_pe430X.oe430X (.text:ti_sysbios_knl_Queue_Object__destruct__S)
                  00013096    00000016     empty_min.obj (.text:greenLedFxn)
                  000130ac    00000016     rts430x_lc_rd_eabi.lib : memset.obj (.text:memset)
                  000130c2    00000016                            : div16u.obj (.text)
                  000130d8    00000016                            : mult16_f5hw.obj (.text)
                  000130ee    00000016     ti.targets.msp430.rts430.ae430X : Core-smem.oe430X (.text:xdc_runtime_Core_destructObject__I)
                  00013104    00000016                                     : SysMin.oe430X (.text:xdc_runtime_SysMin_exit__E)
                  0001311a    00000016                                     : System.oe430X (.text:xdc_runtime_System_abort__E)
                  00013130    00000014     rts430x_lc_rd_eabi.lib : memcpy.obj (.text:memcpy)
                  00013144    00000014     empty_min_pe430X.oe430X (.text:ti_sysbios_knl_Queue_Object__get__S)
                  00013158    00000014     ti.targets.msp430.rts430.ae430X : Text.oe430X (.text:xdc_runtime_Text_ropeText__E)
                  0001316c    00000012     MSP_EXP430F5529LP.obj (.text:MSP_EXP430F5529LP_initI2C)
                  0001317e    00000012     rts430x_lc_rd_eabi.lib : copy_decompress_none.obj (.text:decompress:none:__TI_decompress_none)
                  00013190    00000012     sysbios.ae430X : BIOS.obj (.text:ti_sysbios_gates_GateHwi_leave__E)
                  000131a2    00000012                    : BIOS.obj (.text:ti_sysbios_knl_Semaphore_Instance_finalize__E)
                  000131b4    00000012     empty_min_pe430X.oe430X (.text:xdc_runtime_Startup_exec__I)
                  000131c6    00000012     ti.targets.msp430.rts430.ae430X : System.oe430X (.text:xdc_runtime_System_exit__E)
                  000131d8    00000012     empty_min_pe430X.oe430X (.text:xdc_runtime_System_printf__E)
                  000131ea    00000010     drivers_MSP430F5529.ae430X : I2CUSCIB.oe430X (.text:I2CUSCIB_blockingCallback)
                  000131fa    00000010     sysbios.ae430X : msp430_TaskSupport_asm.obj (.text:_ti_sysbios_family_msp430_TaskSupport_glue)
                  0001320a    00000010                    : BIOS.obj (.text:ti_sysbios_hal_Hwi_Module_startup__E)
                  0001321a    00000010     ti.targets.msp430.rts430.ae430X : Error.oe430X (.text:xdc_runtime_Error_init__E)
                  0001322a    0000000e     ccs-MSP430F5529.lib : usci_b_i2c.obj (.text:USCI_B_I2C_masterReceiveMultiByteStart)
                  00013238    0000000e                         : usci_b_i2c.obj (.text:USCI_B_I2C_setMode)
                  00013246    0000000e     rts430x_lc_rd_eabi.lib : strlen.obj (.text:strlen)
                  00013254    0000000e     sysbios.ae430X : BIOS.obj (.text:ti_sysbios_family_msp430_Timer_getMaxTicks__E)
                  00013262    0000000e                    : BIOS.obj (.text:ti_sysbios_knl_Queue_empty__E)
                  00013270    0000000e                    : BIOS.obj (.text:ti_sysbios_knl_Task_disable__E)
                  0001327e    0000000e     ti.targets.msp430.rts430.ae430X : SysMin.oe430X (.text:xdc_runtime_SysMin_ready__E)
                  0001328c    0000000c     empty_min_pe430X.oe430X (.text:.bootCodeSection:ti_catalog_msp430_init_Boot_init)
                  00013298    0000000c     drivers_MSP430F5529.ae430X : I2C.oe430X (.text:I2C_Params_init)
                  000132a4    0000000c     ccs-MSP430F5529.lib : usci_b_i2c.obj (.text:USCI_B_I2C_clearInterrupt)
                  000132b0    0000000c                         : usci_b_i2c.obj (.text:USCI_B_I2C_disableInterrupt)
                  000132bc    0000000c                         : usci_b_i2c.obj (.text:USCI_B_I2C_enableInterrupt)
                  000132c8    0000000c                         : usci_b_i2c.obj (.text:USCI_B_I2C_setSlaveAddress)
                  000132d4    0000000c     empty_min_pe430X.oe430X (.text:ti_sysbios_knl_Semaphore_Params__init__S)
                  000132e0    0000000c     ti.targets.msp430.rts430.ae430X : Gate.oe430X (.text:xdc_runtime_Gate_leaveSystem__E)
                  000132ec    0000000a     drivers_MSP430F5529.ae430X : I2CUSCIB.oe430X (.text:I2CUSCIB_init)
                  000132f6    0000000a     rts430x_lc_rd_eabi.lib : lsl16.obj (.text)
                  00013300    0000000a     sysbios.ae430X : BIOS.obj (.text:ti_sysbios_BIOS_start__E)
                  0001330a    0000000a                    : BIOS.obj (.text:ti_sysbios_family_msp430_Hwi_startup__E)
                  00013314    0000000a                    : BIOS.obj (.text:ti_sysbios_gates_GateHwi_enter__E)
                  0001331e    0000000a                    : BIOS.obj (.text:ti_sysbios_knl_Queue_Instance_init__E)
                  00013328    00000008     ti.catalog.msp430.init.ae430X : Boot.oe430X (.text:.bootCodeSection:ti_catalog_msp430_init_Boot_disableWatchdog)
                  00013330    00000008     drivers_MSP430F5529.ae430X : I2C.oe430X (.text:I2C_transfer)
                  00013338    00000008     ti.targets.msp430.rts430.ae430X : xdc_init.oe430X (.text:__xdc__init)
                  00013340    00000008     sysbios.ae430X : BIOS.obj (.text:ti_sysbios_family_msp430_Hwi_switchFromBootStack__E)
                  00013348    00000008     ti.targets.msp430.rts430.ae430X : Gate.oe430X (.text:xdc_runtime_Gate_enterSystem__E)
                  00013350    00000006     drivers_MSP430F5529.ae430X : I2CUSCIB.oe430X (.text:I2CUSCIB_control)
                  00013356    00000006     ccs-MSP430F5529.lib : usci_b_i2c.obj (.text:USCI_B_I2C_disable)
                  0001335c    00000006                         : usci_b_i2c.obj (.text:USCI_B_I2C_enable)
                  00013362    00000006                         : usci_b_i2c.obj (.text:USCI_B_I2C_masterSendStart)
                  00013368    00000006     rts430x_lc_rd_eabi.lib : _lock.obj (.text:_register_lock)
                  0001336e    00000006                            : _lock.obj (.text:_register_unlock)
                  00013374    00000006                            : copy_decompress_rle.obj (.text:decompress:rle24:__TI_decompress_rle24)
                  0001337a    00000006     empty_min_pe430X.oe430X (.text:xdc_runtime_Text_visitRope__I)
                  00013380    00000004     boot.ae430X : pre_init.oe430X (.text:_system_pre_init)
                  00013384    00000004     rts430x_lc_rd_eabi.lib : exit.obj (.text:abort)
                  00013388    00000004     empty_min_pe430X.oe430X (.text:ti_sysbios_BIOS_RtsGateProxy_enter__E)
                  0001338c    00000004     empty_min_pe430X.oe430X (.text:ti_sysbios_BIOS_RtsGateProxy_leave__E)
                  00013390    00000004     empty_min_pe430X.oe430X (.text:ti_sysbios_family_msp430_TaskSupport_Module__startupDone__S)
                  00013394    00000004     sysbios.ae430X : BIOS.obj (.text:ti_sysbios_gates_GateHwi_query__E)
                  00013398    00000004                    : BIOS.obj (.text:ti_sysbios_gates_GateMutex_query__E)
                  0001339c    00000004     empty_min_pe430X.oe430X (.text:ti_sysbios_knl_Clock_TimerProxy_getMaxTicks__E)
                  000133a0    00000004     empty_min_pe430X.oe430X (.text:ti_sysbios_knl_Queue_destruct)
                  000133a4    00000004     empty_min_pe430X.oe430X (.text:ti_sysbios_knl_Semaphore_destruct)
                  000133a8    00000004     sysbios.ae430X : BIOS.obj (.text:ti_sysbios_knl_Swi_Module_startup__E)
                  000133ac    00000004                    : BIOS.obj (.text:ti_sysbios_knl_Task_startup__E)
                  000133b0    00000004     empty_min_pe430X.oe430X (.text:xdc_runtime_System_Module_GateProxy_enter__E)
                  000133b4    00000004     empty_min_pe430X.oe430X (.text:xdc_runtime_System_Module_GateProxy_leave__E)
                  000133b8    00000004     ti.targets.msp430.rts430.ae430X : System.oe430X (.text:xdc_runtime_System_Module_startup__E)
                  000133bc    00000002     MSP_EXP430F5529LP.obj (.text:MSP_EXP430F5529LP_initGeneral)
                  000133be    00000002     rts430x_lc_rd_eabi.lib : _lock.obj (.text:_nop)
                  000133c0    00000002     empty_min_pe430X.oe430X (.text:ti_sysbios_BIOS_nullFunc__I)
                  000133c2    00000002     sysbios.ae430X : BIOS.obj (.text:ti_sysbios_knl_Clock_logTick__E)


LINKER GENERATED COPY TABLES

__TI_cinit_table @ 000138a2 records: 3, size/record: 8, table size: 24
	.data: load addr=00013724, load size=00000166 bytes, run addr=00002932, run size=00000239 bytes, compression=rle
	.bss: load addr=00013896, load size=00000006 bytes, run addr=00002400, run size=00000532 bytes, compression=zero_init
	.cio: load addr=0001389c, load size=00000006 bytes, run addr=00002b6c, run size=00000120 bytes, compression=zero_init


LINKER GENERATED HANDLER TABLE

__TI_handler_table @ 0001388a records: 3, size/record: 4, table size: 12
	index: 0, handler: __TI_zero_init
	index: 1, handler: __TI_decompress_rle24
	index: 2, handler: __TI_decompress_none


GLOBAL SYMBOLS: SORTED ALPHABETICALLY BY Name 

address   name                                                       
-------   ----                                                       
00000700  ADC12CTL0                                                  
00000701  ADC12CTL0_H                                                
00000700  ADC12CTL0_L                                                
00000702  ADC12CTL1                                                  
00000703  ADC12CTL1_H                                                
00000702  ADC12CTL1_L                                                
00000704  ADC12CTL2                                                  
00000705  ADC12CTL2_H                                                
00000704  ADC12CTL2_L                                                
0000070c  ADC12IE                                                    
0000070d  ADC12IE_H                                                  
0000070c  ADC12IE_L                                                  
0000070a  ADC12IFG                                                   
0000070b  ADC12IFG_H                                                 
0000070a  ADC12IFG_L                                                 
0000070e  ADC12IV                                                    
0000070f  ADC12IV_H                                                  
0000070e  ADC12IV_L                                                  
00000710  ADC12MCTL0                                                 
00000711  ADC12MCTL1                                                 
0000071a  ADC12MCTL10                                                
0000071b  ADC12MCTL11                                                
0000071c  ADC12MCTL12                                                
0000071d  ADC12MCTL13                                                
0000071e  ADC12MCTL14                                                
0000071f  ADC12MCTL15                                                
00000712  ADC12MCTL2                                                 
00000713  ADC12MCTL3                                                 
00000714  ADC12MCTL4                                                 
00000715  ADC12MCTL5                                                 
00000716  ADC12MCTL6                                                 
00000717  ADC12MCTL7                                                 
00000718  ADC12MCTL8                                                 
00000719  ADC12MCTL9                                                 
00000720  ADC12MEM0                                                  
00000721  ADC12MEM0_H                                                
00000720  ADC12MEM0_L                                                
00000722  ADC12MEM1                                                  
00000734  ADC12MEM10                                                 
00000735  ADC12MEM10_H                                               
00000734  ADC12MEM10_L                                               
00000736  ADC12MEM11                                                 
00000737  ADC12MEM11_H                                               
00000736  ADC12MEM11_L                                               
00000738  ADC12MEM12                                                 
00000739  ADC12MEM12_H                                               
00000738  ADC12MEM12_L                                               
0000073a  ADC12MEM13                                                 
0000073b  ADC12MEM13_H                                               
0000073a  ADC12MEM13_L                                               
0000073c  ADC12MEM14                                                 
0000073d  ADC12MEM14_H                                               
0000073c  ADC12MEM14_L                                               
0000073e  ADC12MEM15                                                 
0000073f  ADC12MEM15_H                                               
0000073e  ADC12MEM15_L                                               
00000723  ADC12MEM1_H                                                
00000722  ADC12MEM1_L                                                
00000724  ADC12MEM2                                                  
00000725  ADC12MEM2_H                                                
00000724  ADC12MEM2_L                                                
00000726  ADC12MEM3                                                  
00000727  ADC12MEM3_H                                                
00000726  ADC12MEM3_L                                                
00000728  ADC12MEM4                                                  
00000729  ADC12MEM4_H                                                
00000728  ADC12MEM4_L                                                
0000072a  ADC12MEM5                                                  
0000072b  ADC12MEM5_H                                                
0000072a  ADC12MEM5_L                                                
0000072c  ADC12MEM6                                                  
0000072d  ADC12MEM6_H                                                
0000072c  ADC12MEM6_L                                                
0000072e  ADC12MEM7                                                  
0000072f  ADC12MEM7_H                                                
0000072e  ADC12MEM7_L                                                
00000730  ADC12MEM8                                                  
00000731  ADC12MEM8_H                                                
00000730  ADC12MEM8_L                                                
00000732  ADC12MEM9                                                  
00000733  ADC12MEM9_H                                                
00000732  ADC12MEM9_L                                                
00013384  C$$EXIT                                                    
000128e8  C$$IO$$                                                    
000008c0  CBCTL0                                                     
000008c1  CBCTL0_H                                                   
000008c0  CBCTL0_L                                                   
000008c2  CBCTL1                                                     
000008c3  CBCTL1_H                                                   
000008c2  CBCTL1_L                                                   
000008c4  CBCTL2                                                     
000008c5  CBCTL2_H                                                   
000008c4  CBCTL2_L                                                   
000008c6  CBCTL3                                                     
000008c7  CBCTL3_H                                                   
000008c6  CBCTL3_L                                                   
000008cc  CBINT                                                      
000008cd  CBINT_H                                                    
000008cc  CBINT_L                                                    
000008ce  CBIV                                                       
00000150  CRCDI                                                      
00000152  CRCDIRB                                                    
00000153  CRCDIRB_H                                                  
00000152  CRCDIRB_L                                                  
00000151  CRCDI_H                                                    
00000150  CRCDI_L                                                    
00000154  CRCINIRES                                                  
00000155  CRCINIRES_H                                                
00000154  CRCINIRES_L                                                
00000156  CRCRESR                                                    
00000157  CRCRESR_H                                                  
00000156  CRCRESR_L                                                  
00000510  DMA0CTL                                                    
00000511  DMA0CTL_H                                                  
00000510  DMA0CTL_L                                                  
00000516  DMA0DA                                                     
00000518  DMA0DAH                                                    
00000516  DMA0DAL                                                    
00000512  DMA0SA                                                     
00000514  DMA0SAH                                                    
00000512  DMA0SAL                                                    
0000051a  DMA0SZ                                                     
00000520  DMA1CTL                                                    
00000521  DMA1CTL_H                                                  
00000520  DMA1CTL_L                                                  
00000526  DMA1DA                                                     
00000528  DMA1DAH                                                    
00000526  DMA1DAL                                                    
00000522  DMA1SA                                                     
00000524  DMA1SAH                                                    
00000522  DMA1SAL                                                    
0000052a  DMA1SZ                                                     
00000530  DMA2CTL                                                    
00000531  DMA2CTL_H                                                  
00000530  DMA2CTL_L                                                  
00000536  DMA2DA                                                     
00000538  DMA2DAH                                                    
00000536  DMA2DAL                                                    
00000532  DMA2SA                                                     
00000534  DMA2SAH                                                    
00000532  DMA2SAL                                                    
0000053a  DMA2SZ                                                     
00000500  DMACTL0                                                    
00000501  DMACTL0_H                                                  
00000500  DMACTL0_L                                                  
00000502  DMACTL1                                                    
00000503  DMACTL1_H                                                  
00000502  DMACTL1_L                                                  
00000504  DMACTL2                                                    
00000505  DMACTL2_H                                                  
00000504  DMACTL2_L                                                  
00000506  DMACTL3                                                    
00000507  DMACTL3_H                                                  
00000506  DMACTL3_L                                                  
00000508  DMACTL4                                                    
00000509  DMACTL4_H                                                  
00000508  DMACTL4_L                                                  
0000050e  DMAIV                                                      
0000050f  DMAIV_H                                                    
0000050e  DMAIV_L                                                    
00000140  FCTL1                                                      
00000141  FCTL1_H                                                    
00000140  FCTL1_L                                                    
00000144  FCTL3                                                      
00000145  FCTL3_H                                                    
00000144  FCTL3_L                                                    
00000146  FCTL4                                                      
00000147  FCTL4_H                                                    
00000146  FCTL4_L                                                    
00013610  GPIOMSP430_config                                          
00012e22  GPIO_clearInterrupt                                        
00011110  GPIO_init                                                  
00012ae2  GPIO_selectInterruptEdge                                   
00012880  GPIO_setAsInputPin                                         
0001242e  GPIO_setAsInputPinWithPullDownResistor                     
00012470  GPIO_setAsInputPinWithPullUpResistor                       
00012c6a  GPIO_setAsOutputPin                                        
00012c92  GPIO_setAsPeripheralModuleFunctionInputPin                 
00011b5e  GPIO_setCallback                                           
00010a9c  GPIO_setConfig                                             
00012e9a  GPIO_setOutputHighOnPin                                    
00012eb6  GPIO_setOutputLowOnPin                                     
00012358  GPIO_toggle                                                
00012ed2  GPIO_toggleOutputOnPin                                     
00011a86  GPIO_write                                                 
00011af4  HOSTwrite                                                  
00012726  I2CUSCIB_close                                             
00013350  I2CUSCIB_control                                           
000135d6  I2CUSCIB_fxnTable                                          
000132ec  I2CUSCIB_init                                              
00010be6  I2CUSCIB_open                                              
00010f94  I2CUSCIB_transfer                                          
00013298  I2C_Params_init                                            
0001358e  I2C_config                                                 
00013630  I2C_defaultParams                                          
00012760  I2C_init                                                   
00012eee  I2C_open                                                   
00013330  I2C_transfer                                               
00013516  IntrinsicsSupport_maxbitTable                              
000004c4  MAC                                                        
000004da  MAC32H                                                     
000004db  MAC32H_H                                                   
000004da  MAC32H_L                                                   
000004d8  MAC32L                                                     
000004d9  MAC32L_H                                                   
000004d8  MAC32L_L                                                   
000004c6  MACS                                                       
000004de  MACS32H                                                    
000004df  MACS32H_H                                                  
000004de  MACS32H_L                                                  
000004dc  MACS32L                                                    
000004dd  MACS32L_H                                                  
000004dc  MACS32L_L                                                  
000004c7  MACS_H                                                     
000004c6  MACS_L                                                     
000004c5  MAC_H                                                      
000004c4  MAC_L                                                      
000004c0  MPY                                                        
000004ec  MPY32CTL0                                                  
000004ed  MPY32CTL0_H                                                
000004ec  MPY32CTL0_L                                                
000004d2  MPY32H                                                     
000004d3  MPY32H_H                                                   
000004d2  MPY32H_L                                                   
000004d0  MPY32L                                                     
000004d1  MPY32L_H                                                   
000004d0  MPY32L_L                                                   
000004c2  MPYS                                                       
000004d6  MPYS32H                                                    
000004d7  MPYS32H_H                                                  
000004d6  MPYS32H_L                                                  
000004d4  MPYS32L                                                    
000004d5  MPYS32L_H                                                  
000004d4  MPYS32L_L                                                  
000004c3  MPYS_H                                                     
000004c2  MPYS_L                                                     
000004c1  MPY_H                                                      
000004c0  MPY_L                                                      
00011110  MSP_EXP430F5529LP_initGPIO                                 
000133bc  MSP_EXP430F5529LP_initGeneral                              
0001316c  MSP_EXP430F5529LP_initI2C                                  
000004c8  OP2                                                        
000004e2  OP2H                                                       
000004e3  OP2H_H                                                     
000004e2  OP2H_L                                                     
000004e0  OP2L                                                       
000004e1  OP2L_H                                                     
000004e0  OP2L_L                                                     
000004c9  OP2_H                                                      
000004c8  OP2_L                                                      
0000020e  P1IV                                                       
0000021e  P2IV                                                       
000001e0  P4MAP01                                                    
000001e1  P4MAP01_H                                                  
000001e0  P4MAP01_L                                                  
000001e2  P4MAP23                                                    
000001e3  P4MAP23_H                                                  
000001e2  P4MAP23_L                                                  
000001e4  P4MAP45                                                    
000001e5  P4MAP45_H                                                  
000001e4  P4MAP45_L                                                  
000001e6  P4MAP67                                                    
000001e7  P4MAP67_H                                                  
000001e6  P4MAP67_L                                                  
00000204  PADIR                                                      
00000205  PADIR_H                                                    
00000204  PADIR_L                                                    
00000208  PADS                                                       
00000209  PADS_H                                                     
00000208  PADS_L                                                     
0000021a  PAIE                                                       
00000218  PAIES                                                      
00000219  PAIES_H                                                    
00000218  PAIES_L                                                    
0000021b  PAIE_H                                                     
0000021a  PAIE_L                                                     
0000021c  PAIFG                                                      
0000021d  PAIFG_H                                                    
0000021c  PAIFG_L                                                    
00000200  PAIN                                                       
00000201  PAIN_H                                                     
00000200  PAIN_L                                                     
00000202  PAOUT                                                      
00000203  PAOUT_H                                                    
00000202  PAOUT_L                                                    
00000206  PAREN                                                      
00000207  PAREN_H                                                    
00000206  PAREN_L                                                    
0000020a  PASEL                                                      
0000020b  PASEL_H                                                    
0000020a  PASEL_L                                                    
00000224  PBDIR                                                      
00000225  PBDIR_H                                                    
00000224  PBDIR_L                                                    
00000228  PBDS                                                       
00000229  PBDS_H                                                     
00000228  PBDS_L                                                     
00000220  PBIN                                                       
00000221  PBIN_H                                                     
00000220  PBIN_L                                                     
00000222  PBOUT                                                      
00000223  PBOUT_H                                                    
00000222  PBOUT_L                                                    
00000226  PBREN                                                      
00000227  PBREN_H                                                    
00000226  PBREN_L                                                    
0000022a  PBSEL                                                      
0000022b  PBSEL_H                                                    
0000022a  PBSEL_L                                                    
00000244  PCDIR                                                      
00000245  PCDIR_H                                                    
00000244  PCDIR_L                                                    
00000248  PCDS                                                       
00000249  PCDS_H                                                     
00000248  PCDS_L                                                     
00000240  PCIN                                                       
00000241  PCIN_H                                                     
00000240  PCIN_L                                                     
00000242  PCOUT                                                      
00000243  PCOUT_H                                                    
00000242  PCOUT_L                                                    
00000246  PCREN                                                      
00000247  PCREN_H                                                    
00000246  PCREN_L                                                    
0000024a  PCSEL                                                      
0000024b  PCSEL_H                                                    
0000024a  PCSEL_L                                                    
00000264  PDDIR                                                      
00000265  PDDIR_H                                                    
00000264  PDDIR_L                                                    
00000268  PDDS                                                       
00000269  PDDS_H                                                     
00000268  PDDS_L                                                     
00000260  PDIN                                                       
00000261  PDIN_H                                                     
00000260  PDIN_L                                                     
00000262  PDOUT                                                      
00000263  PDOUT_H                                                    
00000262  PDOUT_L                                                    
00000266  PDREN                                                      
00000267  PDREN_H                                                    
00000266  PDREN_L                                                    
0000026a  PDSEL                                                      
0000026b  PDSEL_H                                                    
0000026a  PDSEL_L                                                    
00000324  PJDIR                                                      
00000325  PJDIR_H                                                    
00000324  PJDIR_L                                                    
00000328  PJDS                                                       
00000329  PJDS_H                                                     
00000328  PJDS_L                                                     
00000320  PJIN                                                       
00000321  PJIN_H                                                     
00000320  PJIN_L                                                     
00000322  PJOUT                                                      
00000323  PJOUT_H                                                    
00000322  PJOUT_L                                                    
00000326  PJREN                                                      
00000327  PJREN_H                                                    
00000326  PJREN_L                                                    
00000130  PM5CTL0                                                    
00000131  PM5CTL0_H                                                  
00000130  PM5CTL0_L                                                  
000001c2  PMAPCTL                                                    
000001c3  PMAPCTL_H                                                  
000001c2  PMAPCTL_L                                                  
000001c0  PMAPKEYID                                                  
000001c1  PMAPKEYID_H                                                
000001c0  PMAPKEYID_L                                                
00000120  PMMCTL0                                                    
00000121  PMMCTL0_H                                                  
00000120  PMMCTL0_L                                                  
00000122  PMMCTL1                                                    
00000123  PMMCTL1_H                                                  
00000122  PMMCTL1_L                                                  
0000012c  PMMIFG                                                     
0000012d  PMMIFG_H                                                   
0000012c  PMMIFG_L                                                   
0000012e  PMMRIE                                                     
0000012f  PMMRIE_H                                                   
0000012e  PMMRIE_L                                                   
00000158  RCCTL0                                                     
00000159  RCCTL0_H                                                   
00000158  RCCTL0_L                                                   
000001b0  REFCTL0                                                    
000001b1  REFCTL0_H                                                  
000001b0  REFCTL0_L                                                  
000004e4  RES0                                                       
000004e5  RES0_H                                                     
000004e4  RES0_L                                                     
000004e6  RES1                                                       
000004e7  RES1_H                                                     
000004e6  RES1_L                                                     
000004e8  RES2                                                       
000004e9  RES2_H                                                     
000004e8  RES2_L                                                     
000004ea  RES3                                                       
000004eb  RES3_H                                                     
000004ea  RES3_L                                                     
000004cc  RESHI                                                      
000004cd  RESHI_H                                                    
000004cc  RESHI_L                                                    
000004ca  RESLO                                                      
000004cb  RESLO_H                                                    
000004ca  RESLO_L                                                    
000004ba  RTCADOWDAY                                                 
000004bb  RTCADOWDAY_H                                               
000004ba  RTCADOWDAY_L                                               
000004b8  RTCAMINHR                                                  
000004b9  RTCAMINHR_H                                                
000004b8  RTCAMINHR_L                                                
000004a0  RTCCTL01                                                   
000004a1  RTCCTL01_H                                                 
000004a0  RTCCTL01_L                                                 
000004a2  RTCCTL23                                                   
000004a3  RTCCTL23_H                                                 
000004a2  RTCCTL23_L                                                 
000004b4  RTCDATE                                                    
000004b5  RTCDATE_H                                                  
000004b4  RTCDATE_L                                                  
000004ae  RTCIV                                                      
000004ac  RTCPS                                                      
000004a8  RTCPS0CTL                                                  
000004a9  RTCPS0CTL_H                                                
000004a8  RTCPS0CTL_L                                                
000004aa  RTCPS1CTL                                                  
000004ab  RTCPS1CTL_H                                                
000004aa  RTCPS1CTL_L                                                
000004ad  RTCPS_H                                                    
000004ac  RTCPS_L                                                    
000004b0  RTCTIM0                                                    
000004b1  RTCTIM0_H                                                  
000004b0  RTCTIM0_L                                                  
000004b2  RTCTIM1                                                    
000004b3  RTCTIM1_H                                                  
000004b2  RTCTIM1_L                                                  
000004b6  RTCYEAR                                                    
000004b7  RTCYEAR_H                                                  
000004b6  RTCYEAR_L                                                  
00000100  SFRIE1                                                     
00000101  SFRIE1_H                                                   
00000100  SFRIE1_L                                                   
00000102  SFRIFG1                                                    
[...]
00011a14  ti_sysbios_family_msp430_Timer_periodicStub__E             
00011a86  GPIO_write                                                 
00011af4  HOSTwrite                                                  
00011b5e  GPIO_setCallback                                           
00011c2e  ti_sysbios_family_msp430_TaskSupport_start__E              
00011c2e  ti_sysbios_knl_Task_SupportProxy_start__E                  
00011c96  xdc_runtime_Assert_raise__I                                
00011cfe  ti_sysbios_knl_Task_Module_startup__E                      
00011d64  ti_sysbios_family_msp430_Hwi_postInit__I                   
00011dc8  xdc_runtime_SysMin_flush__E                                
00011dc8  xdc_runtime_System_SupportProxy_flush__E                   
00011e2c  ti_sysbios_family_msp430_Timer_setNextTick__E              
00011e8a  doryI2C_init                                               
00011ee4  __mspabi_divul                                             
00011ee4  __mspabi_remul                                             
00011f3c  ti_sysbios_family_msp430_Hwi_getStackInfo__E               
00011f3c  ti_sysbios_hal_Hwi_HwiProxy_getStackInfo__E                
00011f92  ti_sysbios_knl_Task_blockI__E                              
00011fe8  xdc_runtime_SysMin_putch__E                                
00011fe8  xdc_runtime_System_SupportProxy_putch__E                   
0001203e  ti_sysbios_family_msp430_Timer_start__E                    
00012092  ti_sysbios_knl_Task_processVitalTaskFlag__I                
000120e6  ti_sysbios_knl_Task_unblockI__E                            
0001213a  xdc_runtime_Startup_exec__E                                
0001218c  ti_sysbios_family_msp430_Timer_initDevice__I               
000121dc  ti_sysbios_knl_Task_exit__E                                
0001222a  xdc_runtime_Core_assignParams__I                           
00012278  ti_catalog_msp430_init_Boot_configureDCO                   
000122c4  ti_sysbios_family_msp430_Timer_startup__E                  
000122c4  ti_sysbios_knl_Clock_TimerProxy_startup__E                 
0001230e  ti_sysbios_knl_Task_allBlockedFunction__I                  
00012358  GPIO_toggle                                                
000123a0  ti_sysbios_knl_Semaphore_pendTimeout__I                    
000123e8  ti_sysbios_family_msp430_Timer_Module_startup__E           
0001242e  GPIO_setAsInputPinWithPullDownResistor                     
00012470  GPIO_setAsInputPinWithPullUpResistor                       
000124b2  ti_sysbios_family_msp430_Timer_getCount__E                 
000124f4  ti_sysbios_knl_Clock_addI__E                               
00012536  xdc_runtime_Text_xprintf__I                                
00012578  xdc_runtime_Text_printVisFxn__I                            
000125b8  USCI_B_I2C_initMaster                                      
000125f6  ti_sysbios_knl_Semaphore_construct                         
00012634  xdc_runtime_System_atexit__E                               
00012672  ti_sysbios_family_msp430_ClockFreqs_getFrequency__E        
000126ae  ti_sysbios_hal_Hwi_initStack                               
000126ea  xdc_runtime_System_processAtExit__E                        
00012726  I2CUSCIB_close                                             
00012760  I2C_init                                                   
0001279a  ti_sysbios_gates_GateMutex_enter__E                        
000127d4  ti_sysbios_knl_Queue_construct                             
0001280e  xdc_runtime_System_putchar__I                              
00012848  ti_sysbios_family_msp430_Hwi53_p2                          
00012880  GPIO_setAsInputPin                                         
000128b6  __TI_writemsg                                              
000128e8  C$$IO$$                                                    
000128ec  xdc_runtime_Error_raiseX__E                                
00012922  main                                                       
00012956  __TI_readmsg                                               
00012988  ti_sysbios_family_msp430_Timer_postInit__I                 
000129ba  ti_sysbios_family_msp430_Timer_stop__E                     
000129ec  ti_sysbios_family_xxx_Hwi_switchAndRunFunc                 
00012a1e  xdc_runtime_SysMin_abort__E                                
00012a1e  xdc_runtime_System_SupportProxy_abort__E                   
00012a50  xdc_runtime_System_printf_va__E                            
00012a50  xdc_runtime_System_printf_va__F                            
00012a50  xdc_runtime_System_vprintf__E                              
00012a82  ti_sysbios_knl_Clock_doTick__I                             
00012ab2  ti_sysbios_knl_Queue_put__E                                
00012ae2  GPIO_selectInterruptEdge                                   
00012b10  exit                                                       
00012b10  xdc_runtime_System_exitStd__E                              
00012b3e  ti_sysbios_knl_Semaphore_Instance_init__E                  
00012b6c  heartBeatFxn                                               
00012b98  ti_sysbios_family_msp430_Hwi_Object__get__S                
00012bc2  ti_sysbios_knl_Clock_Module_startup__E                     
00012bec  ti_sysbios_knl_Task_Object__get__S                         
00012c16  ti_sysbios_knl_Task_sleepTimeout__I                        
00012c40  xdc_runtime_SysMin_output__I                               
00012c6a  GPIO_setAsOutputPin                                        
00012c92  GPIO_setAsPeripheralModuleFunctionInputPin                 
00012cba  ti_sysbios_knl_Task_restore__E                             
00012ce2  USCI_B_I2C_masterReceiveSingleStart                        
00012d08  _args_main                                                 
00012d2e  ti_sysbios_BIOS_atExitFunc__I                              
00012d54  __TI_zero_init                                             
00012d78  ti_sysbios_BIOS_rtsLock__I                                 
00012d9c  ti_sysbios_gates_GateMutex_leave__E                        
00012dbe  ti_sysbios_knl_Clock_startI__E                             
00012de0  ti_sysbios_knl_Idle_run__E                                 
00012e02  xdc_runtime_Error_check__E                                 
00012e22  GPIO_clearInterrupt                                        
00012e40  ti_sysbios_BIOS_rtsUnlock__I                               
00012e5e  ti_sysbios_family_msp430_Timer_Module__startupDone__F      
00012e5e  ti_sysbios_family_msp430_Timer_Module__startupDone__S      
00012e5e  ti_sysbios_knl_Clock_TimerProxy_Module__startupDone__S     
00012e7c  ti_sysbios_knl_Task_enter__I                               
00012e9a  GPIO_setOutputHighOnPin                                    
00012eb6  GPIO_setOutputLowOnPin                                     
00012ed2  GPIO_toggleOutputOnPin                                     
00012eee  I2C_open                                                   
00012f0a  _ti_sysbios_family_msp430_TaskSupport_swap__E              
00012f0a  ti_sysbios_family_msp430_TaskSupport_swap__E               
00012f0a  ti_sysbios_knl_Task_SupportProxy_swap__E                   
00012f42  ti_sysbios_family_msp430_Hwi_Module__startupDone__F        
00012f42  ti_sysbios_family_msp430_Hwi_Module__startupDone__S        
00012f42  ti_sysbios_hal_Hwi_HwiProxy_Module__startupDone__S         
00012f5e  ti_sysbios_knl_Task_unblock__E                             
00012f7a  xdc_runtime_Registry_findById__E                           
00012f96  xdc_runtime_SysMin_Module_startup__E                       
00012fb2  ti_sysbios_BIOS_errorRaiseHook__I                          
00012fcc  ti_sysbios_BIOS_exitFunc__I                                
00012fe6  ti_sysbios_BIOS_registerRTSLock__I                         
00013000  ti_sysbios_BIOS_removeRTSLock__I                           
0001301a  ti_sysbios_knl_Semaphore_Object__destruct__S               
00013034  xdc_runtime_System_snprintf_va__E                          
00013034  xdc_runtime_System_snprintf_va__F                          
00013034  xdc_runtime_System_vsnprintf__E                            
0001304e  ti_sysbios_BIOS_setThreadType__E                           
00013066  ti_sysbios_BIOS_startFunc__I                               
0001307e  ti_sysbios_knl_Queue_Object__destruct__S                   
00013096  greenLedFxn                                                
000130ac  memset                                                     
000130c2  __mspabi_divu                                              
000130c2  __mspabi_remu                                              
000130d8  __mspabi_mpyi_f5hw                                         
000130ee  xdc_runtime_Core_destructObject__I                         
00013104  xdc_runtime_SysMin_exit__E                                 
00013104  xdc_runtime_System_SupportProxy_exit__E                    
0001311a  xdc_runtime_System_abort__E                                
00013130  memcpy                                                     
00013144  ti_sysbios_knl_Queue_Object__get__S                        
00013158  xdc_runtime_Text_ropeText__E                               
0001316c  MSP_EXP430F5529LP_initI2C                                  
0001317e  __TI_decompress_none                                       
00013190  ti_sysbios_gates_GateHwi_leave__E                          
000131a2  ti_sysbios_knl_Semaphore_Instance_finalize__E              
000131b4  xdc_runtime_Startup_exec__I                                
000131c6  xdc_runtime_System_exit__E                                 
000131d8  xdc_runtime_System_printf__E                               
000131fa  _ti_sysbios_family_msp430_TaskSupport_glue                 
000131fa  ti_sysbios_family_msp430_TaskSupport_glue                  
0001320a  ti_sysbios_hal_Hwi_Module_startup__E                       
0001321a  xdc_runtime_Error_init__E                                  
0001322a  USCI_B_I2C_masterReceiveMultiByteStart                     
00013238  USCI_B_I2C_setMode                                         
00013246  strlen                                                     
00013254  ti_sysbios_family_msp430_Timer_getMaxTicks__E              
00013262  ti_sysbios_knl_Queue_empty__E                              
00013270  ti_sysbios_knl_Task_disable__E                             
0001327e  xdc_runtime_SysMin_ready__E                                
0001327e  xdc_runtime_System_SupportProxy_ready__E                   
0001328c  ti_catalog_msp430_init_Boot_init                           
0001328c  xdc_runtime_Startup_reset__I                               
00013298  I2C_Params_init                                            
000132a4  USCI_B_I2C_clearInterrupt                                  
000132b0  USCI_B_I2C_disableInterrupt                                
000132bc  USCI_B_I2C_enableInterrupt                                 
000132c8  USCI_B_I2C_setSlaveAddress                                 
000132d4  ti_sysbios_knl_Semaphore_Params__init__S                   
000132e0  xdc_runtime_Gate_leaveSystem__E                            
000132ec  I2CUSCIB_init                                              
000132f6  __mspabi_slli                                              
00013300  ti_sysbios_BIOS_start__E                                   
0001330a  ti_sysbios_family_msp430_Hwi_startup__E                    
0001330a  ti_sysbios_hal_Hwi_HwiProxy_startup__E                     
00013314  ti_sysbios_gates_GateHwi_enter__E                          
0001331e  ti_sysbios_knl_Queue_Instance_init__E                      
00013328  ti_catalog_msp430_init_Boot_disableWatchdog                
00013330  I2C_transfer                                               
00013338  __xdc__init                                                
00013340  ti_sysbios_family_msp430_Hwi_switchFromBootStack__E        
00013340  ti_sysbios_hal_Hwi_HwiProxy_switchFromBootStack__E         
00013348  xdc_runtime_Gate_enterSystem__E                            
00013350  I2CUSCIB_control                                           
00013356  USCI_B_I2C_disable                                         
0001335c  USCI_B_I2C_enable                                          
00013362  USCI_B_I2C_masterSendStart                                 
00013368  _register_lock                                             
0001336e  _register_unlock                                           
00013374  __TI_decompress_rle24                                      
0001337a  xdc_runtime_Text_visitRope__I                              
00013380  _system_pre_init                                           
00013384  C$$EXIT                                                    
00013384  abort                                                      
00013384  xdc_runtime_System_abortStd__E                             
00013388  ti_sysbios_BIOS_RtsGateProxy_enter__E                      
0001338c  ti_sysbios_BIOS_RtsGateProxy_leave__E                      
00013390  ti_sysbios_family_msp430_TaskSupport_Module__startupDone__S
00013390  ti_sysbios_knl_Task_SupportProxy_Module__startupDone__S    
00013394  ti_sysbios_gates_GateHwi_query__E                          
00013394  xdc_runtime_Main_Module_GateProxy_query__E                 
00013394  xdc_runtime_System_Module_GateProxy_query__E               
00013398  ti_sysbios_BIOS_RtsGateProxy_query__E                      
00013398  ti_sysbios_gates_GateMutex_query__E                        
0001339c  ti_sysbios_knl_Clock_TimerProxy_getMaxTicks__E             
000133a0  ti_sysbios_knl_Queue_destruct                              
000133a4  ti_sysbios_knl_Semaphore_destruct                          
000133a8  ti_sysbios_knl_Swi_Module_startup__E                       
000133ac  ti_sysbios_knl_Task_startup__E                             
000133b0  xdc_runtime_System_Module_GateProxy_enter__E               
000133b4  xdc_runtime_System_Module_GateProxy_leave__E               
000133b8  xdc_runtime_System_Module_startup__E                       
000133bc  MSP_EXP430F5529LP_initGeneral                              
000133be  _nop                                                       
000133c0  ti_sysbios_BIOS_nullFunc__I                                
000133c2  ti_sysbios_knl_Clock_logTick__E                            
000134d2  ti_sysbios_gates_GateHwi_Module__FXNS__C                   
000134f4  ti_sysbios_gates_GateMutex_Module__FXNS__C                 
00013516  IntrinsicsSupport_maxbitTable                              
00013536  xdc_runtime_Startup_sfxnTab__A                             
00013572  ti_sysbios_knl_Semaphore_Object__PARAMS__C                 
0001358e  I2C_config                                                 
000135a6  ti_sysbios_knl_Queue_Object__DESC__C                       
000135be  ti_sysbios_knl_Semaphore_Object__DESC__C                   
000135d6  I2CUSCIB_fxnTable                                          
000135ea  ti_sysbios_knl_Queue_Object__PARAMS__C                     
00013610  GPIOMSP430_config                                          
00013620  xdc_runtime_Startup_sfxnRts__A                             
00013630  I2C_defaultParams                                          
00013662  i2cUSCIBHWAttrs                                            
00013668  ti_sysbios_family_msp430_Hwi_hooks__C                      
0001366e  ti_sysbios_knl_Idle_funcList__C                            
00013674  xdc_runtime_Startup_firstFxns__C                           
0001367a  xdc_runtime_Startup_lastFxns__C                            
00013680  ti_sysbios_family_msp430_ClockFreqs_ACLK__C                
00013684  ti_sysbios_family_msp430_ClockFreqs_SMCLK__C               
00013688  ti_sysbios_knl_Task_allBlockedFunc__C                      
0001368c  xdc_runtime_Assert_E_assertFailed__C                       
00013690  xdc_runtime_Core_A_initializedParams__C                    
00013694  xdc_runtime_Core_Module__diagsEnabled__C                   
00013698  xdc_runtime_Core_Module__diagsIncluded__C                  
0001369c  xdc_runtime_Core_Module__diagsMask__C                      
000136a0  xdc_runtime_Error_Module__diagsEnabled__C                  
000136a4  xdc_runtime_Error_Module__diagsIncluded__C                 
000136a8  xdc_runtime_Error_Module__diagsMask__C                     
000136ac  xdc_runtime_Error_Module__loggerFxn8__C                    
000136b0  xdc_runtime_Error_Module__loggerObj__C                     
000136b4  xdc_runtime_Error_policyFxn__C                             
000136b8  xdc_runtime_Error_raiseHook__C                             
000136bc  xdc_runtime_IGateProvider_Interface__BASE__C               
000136c0  xdc_runtime_IModule_Interface__BASE__C                     
000136c4  xdc_runtime_Log_L_error__C                                 
000136c8  xdc_runtime_Startup_execImpl__C                            
000136cc  xdc_runtime_Startup_firstFxns__A                           
000136d0  xdc_runtime_Startup_sfxnRts__C                             
000136d4  xdc_runtime_Startup_sfxnTab__C                             
000136d8  xdc_runtime_SysMin_outputFunc__C                           
000136dc  xdc_runtime_System_Module__gateObj__C                      
000136e0  xdc_runtime_System_abortFxn__C                             
000136e4  xdc_runtime_System_exitFxn__C                              
000136e8  xdc_runtime_System_extendFxn__C                            
000136ec  xdc_runtime_Text_charTab__C                                
000136f0  xdc_runtime_Text_nodeTab__A                                
000136f4  xdc_runtime_Text_visitRopeFxn__C                           
000136f8  ti_sysbios_family_msp430_Hwi_Object__count__C              
000136fa  ti_sysbios_family_msp430_Timer_numTimerDevices__C          
000136fc  ti_sysbios_family_msp430_Timer_startupNeeded__C            
000136fe  ti_sysbios_gates_GateMutex_Instance_State_sem__O           
00013700  ti_sysbios_knl_Clock_Module_State_clockQ__O                
00013702  ti_sysbios_knl_Semaphore_Instance_State_pendQ__O           
00013704  ti_sysbios_knl_Task_Module_State_inactiveQ__O              
00013706  ti_sysbios_knl_Task_Object__count__C                       
00013708  ti_sysbios_knl_Task_initStackFlag__C                       
0001370a  ti_sysbios_knl_Task_numConstructedTasks__C                 
0001370c  xdc_runtime_Core_Module__id__C                             
0001370e  xdc_runtime_Error_Module__loggerDefined__C                 
00013710  xdc_runtime_Error_maxDepth__C                              
00013712  xdc_runtime_Error_policy__C                                
00013714  xdc_runtime_Startup_maxPasses__C                           
00013716  xdc_runtime_SysMin_bufSize__C                              
00013718  xdc_runtime_SysMin_flushAtExit__C                          
0001371a  xdc_runtime_System_maxAtexitHandlers__C                    
0001371c  xdc_runtime_Text_isLoaded__C                               
0001371e  xdc_runtime_Text_registryModsLastId__C                     
00013720  xdc_runtime_Text_unnamedModsLastId__C                      
00013722  xdc_runtime_Text_charTab__A                                
0001388a  __TI_Handler_Table_Base                                    
00013896  __TI_Handler_Table_Limit                                   
000138a2  __TI_CINIT_Base                                            
000138ba  __TI_CINIT_Limit                                           
ffffffff  __binit__                                                  
ffffffff  __c_args__                                                 
ffffffff  binit                                                      
UNDEFED   __TI_INITARRAY_Base                                        
UNDEFED   __TI_INITARRAY_Limit                                       

[1158 symbols]
